******************************************************************************
                  TI ARM Linker PC v20.2.7                     
******************************************************************************
>> Linked Sun Jan 26 00:34:48 2025

OUTPUT FILE NAME:   <SecureBootLoader_CCS.out>
ENTRY POINT SYMBOL: "_c_int00_noargs"  address: 000040f5


MEMORY CONFIGURATION

         name            origin    length      used     unused   attr    fill
----------------------  --------  ---------  --------  --------  ----  --------
  FLASH                 00000000   0000ffff  00004b88  0000b477  R  X
  SRAM                  20000000   00008000  00000eaa  00007156  RW X


SEGMENT ALLOCATION MAP

run origin  load origin   length   init length attrs members
----------  ----------- ---------- ----------- ----- -------
00000000    00000000    00004b88   00004b88    r-x
  00000000    00000000    0000026c   0000026c    r-- .intvecs
  0000026c    0000026c    00004078   00004078    r-x .text
  000042e4    000042e4    00000864   00000864    r-- .const
  00004b48    00004b48    00000040   00000040    r-- .cinit
20000000    20000000    00000eac   00000000    rw-
  20000000    20000000    00000bb8   00000000    rw- .sysmem
  20000bb8    20000bb8    00000200   00000000    rw- .stack
  20000db8    20000db8    000000d2   00000000    rw- .bss
  20000e8c    20000e8c    00000020   00000000    rw- .data


SECTION ALLOCATION MAP

 output                                  attributes/
section   page    origin      length       input sections
--------  ----  ----------  ----------   ----------------
.intvecs   0    00000000    0000026c     
                  00000000    0000026c     tm4c123gh6pm_startup_ccs.obj (.intvecs)

.text      0    0000026c    00004078     
                  0000026c    00000a4e     rtsv7M4_T_le_v4SPD16_eabi.lib : _printfi.c.obj (.text:__TI_printfi)
                  00000cba    00000002                                   : _lock.c.obj (.text:_nop)
                  00000cbc    00000924     bootloader.obj (.text)
                  000015e0    0000055c     sha256.obj (.text)
                  00001b3c    0000050c     aes_decrypt.obj (.text)
                  00002048    00000460     aes_encrypt.obj (.text)
                  000024a8    00000270     rtsv7M4_T_le_v4SPD16_eabi.lib : _printfi.c.obj (.text:_pconv_a)
                  00002718    000001d0                                   : _printfi.c.obj (.text:_pconv_g)
                  000028e8    000001b6                                   : fd_add_t2.asm.obj (.text)
                  00002a9e    00000002                                   : div0.asm.obj (.text)
                  00002aa0    000001b4     uart0.obj (.text)
                  00002c54    00000178     Wrapper_Functions.obj (.text)
                  00002dcc    0000015c     cbc_mode.obj (.text)
                  00002f28    0000013c     rtsv7M4_T_le_v4SPD16_eabi.lib : _printfi.c.obj (.text:_pconv_e)
                  00003064    00000136                                   : fd_div_t2.asm.obj (.text)
                  0000319a    00000002     --HOLE-- [fill = 0]
                  0000319c    00000124                                   : _printfi.c.obj (.text:fcvt)
                  000032c0    00000110                                   : s_scalbn.c.obj (.text:scalbn)
                  000033d0    00000100                                   : memory.c.obj (.text:aligned_alloc)
                  000034d0    000000fc                                   : fd_mul_t2.asm.obj (.text)
                  000035cc    000000f8     ctr_mode.obj (.text)
                  000036c4    000000e4     rtsv7M4_T_le_v4SPD16_eabi.lib : memory.c.obj (.text:free)
                  000037a8    000000cc     driverlib.lib : sw_crc.obj (.text:Crc32)
                  00003874    000000b4     utils.obj (.text)
                  00003928    000000b1     rtsv7M4_T_le_v4SPD16_eabi.lib : _printfi.c.obj (.text:_ltostr)
                  000039d9    00000001     --HOLE-- [fill = 0]
                  000039da    0000009c                                   : memcpy_t2.asm.obj (.text)
                  00003a76    00000096                                   : ull_div_t2.asm.obj (.text)
                  00003b0c    00000086                                   : fd_cmp_t2.asm.obj (.text:__aeabi_cdcmple)
                  00003b92    00000086                                   : fd_cmp_t2.asm.obj (.text:__aeabi_cdrcmple)
                  00003c18    0000007a                                   : memset_t2.asm.obj (.text)
                  00003c92    00000002     --HOLE-- [fill = 0]
                  00003c94    00000070                                   : memory.c.obj (.text:split)
                  00003d04    0000006e                                   : _printfi.c.obj (.text:_mcpy)
                  00003d72    00000002     --HOLE-- [fill = 0]
                  00003d74    00000068     driverlib.lib : flash.obj (.text:FlashProgram)
                  00003ddc    00000068     rtsv7M4_T_le_v4SPD16_eabi.lib : copy_decompress_lzss.c.obj (.text:decompress:lzss:__TI_decompress_lzss)
                  00003e44    00000064                                   : s_frexp.c.obj (.text:frexp)
                  00003ea8    00000056                                   : _printfi.c.obj (.text:_pconv_f)
                  00003efe    00000054                                   : _ltoa.c.obj (.text:__TI_ltoa)
                  00003f52    00000052                                   : _printfi.c.obj (.text:_ecpy)
                  00003fa4    0000004c                                   : atoi.c.obj (.text:atoi)
                  00003ff0    00000048                                   : fd_toi_t2.asm.obj (.text)
                  00004038    00000044                                   : autoinit.c.obj (.text:__TI_auto_init_nobinit_nopinit:__TI_auto_init_nobinit_nopinit)
                  0000407c    0000003e                                   : _printfi.c.obj (.text:_fcpy)
                  000040ba    00000002     --HOLE-- [fill = 0]
                  000040bc    00000038                                   : memory.c.obj (.text:calloc)
                  000040f4    00000034                                   : boot_cortex_m.c.obj (.text:_c_int00_noargs:_c_int00_noargs)
                  00004128    00000030     driverlib.lib : flash.obj (.text:FlashErase)
                  00004158    0000002e     rtsv7M4_T_le_v4SPD16_eabi.lib : i_tofd_t2.asm.obj (.text)
                  00004186    00000002     --HOLE-- [fill = 0]
                  00004188    00000028                                   : memory.c.obj (.text:free_list_insert)
                  000041b0    00000028                                   : vsprintf.c.obj (.text:vsprintf)
                  000041d8    0000001c                                   : copy_zero_init.c.obj (.text:decompress:ZI:__TI_zero_init_nomemset:__TI_zero_init_nomemset)
                  000041f4    0000001c                                   : memory.c.obj (.text:free_list_remove)
                  00004210    0000001c                                   : memccpy.c.obj (.text:memccpy)
                  0000422c    0000001a                                   : s_copysign.c.obj (.text:copysign)
                  00004246    00000018                                   : vsprintf.c.obj (.text:_outs)
                  0000425e    00000016                                   : strchr.c.obj (.text:strchr)
                  00004274    00000014                                   : strlen.c.obj (.text:strlen)
                  00004288    00000012                                   : wcslen.c.obj (.text:wcslen)
                  0000429a    0000000e                                   : copy_decompress_none.c.obj (.text:decompress:none:__TI_decompress_none)
                  000042a8    0000000c     main.obj (.text)
                  000042b4    0000000c     tm4c123gh6pm_startup_ccs.obj (.text)
                  000042c0    0000000a     rtsv7M4_T_le_v4SPD16_eabi.lib : vsprintf.c.obj (.text:_outc)
                  000042ca    00000002     --HOLE-- [fill = 0]
                  000042cc    00000008                                   : errno.c.obj (.text:__aeabi_errno_addr)
                  000042d4    00000008                                   : memory.c.obj (.text:malloc)
                  000042dc    00000004                                   : pre_init.c.obj (.text:_system_pre_init)
                  000042e0    00000004                                   : exit.c.obj (.text:abort:abort)

.const     0    000042e4    00000864     
                  000042e4    00000400     driverlib.lib : sw_crc.obj (.const:g_pui32Crc32)
                  000046e4    00000101     rtsv7M4_T_le_v4SPD16_eabi.lib : ctype.c.obj (.const:.string:_ctypes_)
                  000047e5    00000100     aes_decrypt.obj (.const:.string:inv_sbox)
                  000048e5    00000100     aes_encrypt.obj (.const:.string:sbox)
                  000049e5    00000003     --HOLE-- [fill = 0]
                  000049e8    00000100     sha256.obj (.const:k256)
                  00004ae8    0000002c     aes_encrypt.obj (.const:$P$T0$1)
                  00004b14    00000010     bootloader.obj (.const:.string:$P$T1$2)
                  00004b24    00000010     bootloader.obj (.const:.string:$P$T2$3)
                  00004b34    00000010     bootloader.obj (.const:.string:$P$T3$4)
                  00004b44    00000004     bootloader.obj (.const:.string:$P$T0$1)

.cinit     0    00004b48    00000040     
                  00004b48    00000016     (.cinit..data.load) [load image, compression = lzss]
                  00004b5e    00000002     --HOLE-- [fill = 0]
                  00004b60    0000000c     (__TI_handler_table)
                  00004b6c    00000004     --HOLE-- [fill = 0]
                  00004b70    00000008     (.cinit..bss.load) [load image, compression = zero_init]
                  00004b78    00000010     (__TI_cinit_table)

.init_array 
*          0    00000000    00000000     UNINITIALIZED

.sysmem    0    20000000    00000bb8     UNINITIALIZED
                  20000000    00000010     rtsv7M4_T_le_v4SPD16_eabi.lib : memory.c.obj (.sysmem)
                  20000010    00000ba8     --HOLE--

.stack     0    20000bb8    00000200     UNINITIALIZED
                  20000bb8    00000004     rtsv7M4_T_le_v4SPD16_eabi.lib : boot_cortex_m.c.obj (.stack)
                  20000bbc    000001fc     --HOLE--

.bss       0    20000db8    000000d2     UNINITIALIZED
                  20000db8    000000c8     bootloader.obj (.bss:BL_Host_Buffer)
                  20000e80    00000004     bootloader.obj (.bss)
                  20000e84    00000004     (.common:plainText)
                  20000e88    00000001     (.common:hcrc)
                  20000e89    00000001     (.common:huart2)

.data      0    20000e8c    00000020     UNINITIALIZED
                  20000e8c    00000008     rtsv7M4_T_le_v4SPD16_eabi.lib : _lock.c.obj (.data:$O1$$)
                  20000e94    00000008                                   : memory.c.obj (.data:$O1$$)
                  20000e9c    00000007     bootloader.obj (.data:Bootloader_Supported_CMDs)
                  20000ea3    00000001     --HOLE--
                  20000ea4    00000004     bootloader.obj (.data)
                  20000ea8    00000004     rtsv7M4_T_le_v4SPD16_eabi.lib : errno.c.obj (.data)

__llvm_prf_cnts 
*          0    20000000    00000000     UNINITIALIZED

MODULE SUMMARY

       Module                         code    ro data   rw data
       ------                         ----    -------   -------
    .\
       bootloader.obj                 2340    52        221    
       sha256.obj                     1372    256       0      
       aes_decrypt.obj                1292    256       0      
       aes_encrypt.obj                1120    300       0      
       tm4c123gh6pm_startup_ccs.obj   12      620       0      
       uart0.obj                      436     0         0      
       Wrapper_Functions.obj          376     0         0      
       cbc_mode.obj                   348     0         0      
       ctr_mode.obj                   248     0         0      
       utils.obj                      180     0         0      
       main.obj                       12      0         0      
    +--+------------------------------+-------+---------+---------+
       Total:                         7736    1484      221    
                                                               
    C:/MYCOMPUTER/TM4C_SDK/driverlib/ccs/Debug/driverlib.lib
       sw_crc.obj                     204     1024      0      
       flash.obj                      152     0         0      
    +--+------------------------------+-------+---------+---------+
       Total:                         356     1024      0      
                                                               
    C:\MYCOMPUTER\NEWEST CCS\ccs\tools\compiler\ti-cgt-arm_20.2.7.LTS\lib\rtsv7M4_T_le_v4SPD16_eabi.lib
       _printfi.c.obj                 4851    0         0      
       memory.c.obj                   728     0         8      
       fd_add_t2.asm.obj              438     0         0      
       fd_div_t2.asm.obj              310     0         0      
       s_scalbn.c.obj                 272     0         0      
       fd_cmp_t2.asm.obj              268     0         0      
       ctype.c.obj                    0       257       0      
       fd_mul_t2.asm.obj              252     0         0      
       memcpy_t2.asm.obj              156     0         0      
       ull_div_t2.asm.obj             150     0         0      
       memset_t2.asm.obj              122     0         0      
       copy_decompress_lzss.c.obj     104     0         0      
       s_frexp.c.obj                  100     0         0      
       _ltoa.c.obj                    84      0         0      
       atoi.c.obj                     76      0         0      
       vsprintf.c.obj                 74      0         0      
       fd_toi_t2.asm.obj              72      0         0      
       autoinit.c.obj                 68      0         0      
       boot_cortex_m.c.obj            52      0         0      
       i_tofd_t2.asm.obj              46      0         0      
       copy_zero_init.c.obj           28      0         0      
       memccpy.c.obj                  28      0         0      
       s_copysign.c.obj               26      0         0      
       strchr.c.obj                   22      0         0      
       strlen.c.obj                   20      0         0      
       wcslen.c.obj                   18      0         0      
       copy_decompress_none.c.obj     14      0         0      
       errno.c.obj                    8       0         4      
       _lock.c.obj                    2       0         8      
       exit.c.obj                     4       0         0      
       pre_init.c.obj                 4       0         0      
       div0.asm.obj                   2       0         0      
    +--+------------------------------+-------+---------+---------+
       Total:                         8399    257       20     
                                                               
       Heap:                          0       0         3000   
       Stack:                         0       0         512    
       Linker Generated:              0       58        0      
    +--+------------------------------+-------+---------+---------+
       Grand Total:                   16491   2823      3753   


LINKER GENERATED COPY TABLES

__TI_cinit_table @ 00004b78 records: 2, size/record: 8, table size: 16
	.data: load addr=00004b48, load size=00000016 bytes, run addr=20000e8c, run size=00000020 bytes, compression=lzss
	.bss: load addr=00004b70, load size=00000008 bytes, run addr=20000db8, run size=000000d2 bytes, compression=zero_init


LINKER GENERATED HANDLER TABLE

__TI_handler_table @ 00004b60 records: 3, size/record: 4, table size: 12
	index: 0, handler: __TI_decompress_lzss
	index: 1, handler: __TI_decompress_none
	index: 2, handler: __TI_zero_init


GLOBAL SYMBOLS: SORTED ALPHABETICALLY BY Name 

address   name                          
-------   ----                          
00000cbd  BL_Print_Message              
00000cfb  BL_UART_Fetch_Host_Command    
000042e1  C$$EXIT                       
00002cd9  CRC_init                      
000037a9  Crc32                         
00004129  FlashErase                    
00003d75  FlashProgram                  
00002cdb  HAL_CRC_Accumulate            
00002d15  HAL_FLASHEx_Erase             
00002d9b  HAL_FLASH_Program             
00002c55  HAL_UART_Receive              
00002c9b  HAL_UART_Transmit             
000042b5  ResetISR                      
00002af7  UART0_Init                    
00002b53  UART0_ReceiveByte             
00002be9  UART0_ReceiveData             
00002b89  UART0_ReceiveString           
00002b37  UART0_SendByte                
00002bc1  UART0_SendData                
00002b63  UART0_SendString              
00002d0b  __HAL_CRC_DR_RESET            
20000db8  __STACK_END                   
00000200  __STACK_SIZE                  
20000db8  __STACK_TOP                   
00000bb8  __SYSMEM_SIZE                 
00004b78  __TI_CINIT_Base               
00004b88  __TI_CINIT_Limit              
00004b60  __TI_Handler_Table_Base       
00004b6c  __TI_Handler_Table_Limit      
00004039  __TI_auto_init_nobinit_nopinit
00003ddd  __TI_decompress_lzss          
0000429b  __TI_decompress_none          
00003eff  __TI_ltoa                     
ffffffff  __TI_pprof_out_hndl           
0000026d  __TI_printfi                  
ffffffff  __TI_prof_data_size           
ffffffff  __TI_prof_data_start          
00000000  __TI_static_base__            
000041d9  __TI_zero_init_nomemset       
00003b0d  __aeabi_cdcmpeq               
00003b0d  __aeabi_cdcmple               
00003b93  __aeabi_cdrcmple              
00003ff1  __aeabi_d2iz                  
000028f3  __aeabi_dadd                  
00003065  __aeabi_ddiv                  
000034d1  __aeabi_dmul                  
000028e9  __aeabi_dsub                  
000042cd  __aeabi_errno_addr            
00004159  __aeabi_i2d                   
00002a9f  __aeabi_idiv0                 
00002a9f  __aeabi_ldiv0                 
00003c19  __aeabi_memclr                
00003c19  __aeabi_memclr4               
00003c19  __aeabi_memclr8               
000039db  __aeabi_memcpy                
000039db  __aeabi_memcpy4               
000039db  __aeabi_memcpy8               
00003c1b  __aeabi_memset                
00003c1b  __aeabi_memset4               
00003c1b  __aeabi_memset8               
00003a77  __aeabi_uldivmod              
ffffffff  __binit__                     
ffffffff  __c_args__                    
UNDEFED   __mpu_init                    
20000bb8  __stack                       
20000000  __start___llvm_prf_cnts       
20000000  __stop___llvm_prf_cnts        
000040f5  _c_int00_noargs               
000038d7  _compare                      
00003875  _copy                         
000046e4  _ctypes_                      
000038b7  _double_byte                  
20000e8c  _lock                         
00000cbb  _nop                          
0000389f  _set                          
20000000  _sys_memory                   
UNDEFED   _system_post_cinit            
000042dd  _system_pre_init              
20000e90  _unlock                       
000042e1  abort                         
000033d1  aligned_alloc                 
00003fa5  atoi                          
ffffffff  binit                         
000040bd  calloc                        
0000422d  copysign                      
0000422d  copysignl                     
20000ea8  errno                         
000036c5  free                          
00003e45  frexp                         
00003e45  frexpl                        
00000000  g_pfnVectors                  
20000e88  hcrc                          
20000e89  huart2                        
000032c1  ldexp                         
000032c1  ldexpl                        
000042a9  main                          
000042d5  malloc                        
000033d1  memalign                      
00004211  memccpy                       
000039db  memcpy                        
00003c21  memset                        
20000e84  plainText                     
000032c1  scalbn                        
000032c1  scalbnl                       
0000425f  strchr                        
00004275  strlen                        
00001f97  tc_aes128_set_decrypt_key     
000022db  tc_aes128_set_encrypt_key     
00001fa7  tc_aes_decrypt                
000023fd  tc_aes_encrypt                
00002e8d  tc_cbc_mode_decrypt           
00002dcd  tc_cbc_mode_encrypt           
000035cd  tc_ctr_mode                   
00001717  tc_sha256_final               
0000164d  tc_sha256_init                
00001697  tc_sha256_update              
000041b1  vsprintf                      
00004289  wcslen                        


GLOBAL SYMBOLS: SORTED BY Symbol Address 

address   name                          
-------   ----                          
00000000  __TI_static_base__            
00000000  g_pfnVectors                  
00000200  __STACK_SIZE                  
0000026d  __TI_printfi                  
00000bb8  __SYSMEM_SIZE                 
00000cbb  _nop                          
00000cbd  BL_Print_Message              
00000cfb  BL_UART_Fetch_Host_Command    
0000164d  tc_sha256_init                
00001697  tc_sha256_update              
00001717  tc_sha256_final               
00001f97  tc_aes128_set_decrypt_key     
00001fa7  tc_aes_decrypt                
000022db  tc_aes128_set_encrypt_key     
000023fd  tc_aes_encrypt                
000028e9  __aeabi_dsub                  
000028f3  __aeabi_dadd                  
00002a9f  __aeabi_idiv0                 
00002a9f  __aeabi_ldiv0                 
00002af7  UART0_Init                    
00002b37  UART0_SendByte                
00002b53  UART0_ReceiveByte             
00002b63  UART0_SendString              
00002b89  UART0_ReceiveString           
00002bc1  UART0_SendData                
00002be9  UART0_ReceiveData             
00002c55  HAL_UART_Receive              
00002c9b  HAL_UART_Transmit             
00002cd9  CRC_init                      
00002cdb  HAL_CRC_Accumulate            
00002d0b  __HAL_CRC_DR_RESET            
00002d15  HAL_FLASHEx_Erase             
00002d9b  HAL_FLASH_Program             
00002dcd  tc_cbc_mode_encrypt           
00002e8d  tc_cbc_mode_decrypt           
00003065  __aeabi_ddiv                  
000032c1  ldexp                         
000032c1  ldexpl                        
000032c1  scalbn                        
000032c1  scalbnl                       
000033d1  aligned_alloc                 
000033d1  memalign                      
000034d1  __aeabi_dmul                  
000035cd  tc_ctr_mode                   
000036c5  free                          
000037a9  Crc32                         
00003875  _copy                         
0000389f  _set                          
000038b7  _double_byte                  
000038d7  _compare                      
000039db  __aeabi_memcpy                
000039db  __aeabi_memcpy4               
000039db  __aeabi_memcpy8               
000039db  memcpy                        
00003a77  __aeabi_uldivmod              
00003b0d  __aeabi_cdcmpeq               
00003b0d  __aeabi_cdcmple               
00003b93  __aeabi_cdrcmple              
00003c19  __aeabi_memclr                
00003c19  __aeabi_memclr4               
00003c19  __aeabi_memclr8               
00003c1b  __aeabi_memset                
00003c1b  __aeabi_memset4               
00003c1b  __aeabi_memset8               
00003c21  memset                        
00003d75  FlashProgram                  
00003ddd  __TI_decompress_lzss          
00003e45  frexp                         
00003e45  frexpl                        
00003eff  __TI_ltoa                     
00003fa5  atoi                          
00003ff1  __aeabi_d2iz                  
00004039  __TI_auto_init_nobinit_nopinit
000040bd  calloc                        
000040f5  _c_int00_noargs               
00004129  FlashErase                    
00004159  __aeabi_i2d                   
000041b1  vsprintf                      
000041d9  __TI_zero_init_nomemset       
00004211  memccpy                       
0000422d  copysign                      
0000422d  copysignl                     
0000425f  strchr                        
00004275  strlen                        
00004289  wcslen                        
0000429b  __TI_decompress_none          
000042a9  main                          
000042b5  ResetISR                      
000042cd  __aeabi_errno_addr            
000042d5  malloc                        
000042dd  _system_pre_init              
000042e1  C$$EXIT                       
000042e1  abort                         
000046e4  _ctypes_                      
00004b60  __TI_Handler_Table_Base       
00004b6c  __TI_Handler_Table_Limit      
00004b78  __TI_CINIT_Base               
00004b88  __TI_CINIT_Limit              
20000000  __start___llvm_prf_cnts       
20000000  __stop___llvm_prf_cnts        
20000000  _sys_memory                   
20000bb8  __stack                       
20000db8  __STACK_END                   
20000db8  __STACK_TOP                   
20000e84  plainText                     
20000e88  hcrc                          
20000e89  huart2                        
20000e8c  _lock                         
20000e90  _unlock                       
20000ea8  errno                         
ffffffff  __TI_pprof_out_hndl           
ffffffff  __TI_prof_data_size           
ffffffff  __TI_prof_data_start          
ffffffff  __binit__                     
ffffffff  __c_args__                    
ffffffff  binit                         
UNDEFED   __mpu_init                    
UNDEFED   _system_post_cinit            

[118 symbols]
