<?xml version="1.0" encoding="ISO-8859-1" ?>
<link_info>
   <banner>TI ARM Linker PC v20.2.7.LTS</banner>
   <copyright>Copyright (c) 1996-2018 Texas Instruments Incorporated</copyright>
   <link_time>0x6796e06f</link_time>
   <link_errors>0x0</link_errors>
   <output_file>SecureBootLoader_CCS.out</output_file>
   <entry_point>
      <name>_c_int00_noargs</name>
      <address>0x44c1</address>
   </entry_point>
   <input_file_list>
      <input_file id="fl-2">
         <path>.\</path>
         <kind>object</kind>
         <file>Func.obj</file>
         <name>Func.obj</name>
      </input_file>
      <input_file id="fl-3">
         <path>.\</path>
         <kind>object</kind>
         <file>Wrapper_Functions.obj</file>
         <name>Wrapper_Functions.obj</name>
      </input_file>
      <input_file id="fl-4">
         <path>.\</path>
         <kind>object</kind>
         <file>aes_decrypt.obj</file>
         <name>aes_decrypt.obj</name>
      </input_file>
      <input_file id="fl-5">
         <path>.\</path>
         <kind>object</kind>
         <file>aes_encrypt.obj</file>
         <name>aes_encrypt.obj</name>
      </input_file>
      <input_file id="fl-6">
         <path>.\</path>
         <kind>object</kind>
         <file>bootloader.obj</file>
         <name>bootloader.obj</name>
      </input_file>
      <input_file id="fl-7">
         <path>.\</path>
         <kind>object</kind>
         <file>cbc_mode.obj</file>
         <name>cbc_mode.obj</name>
      </input_file>
      <input_file id="fl-8">
         <path>.\</path>
         <kind>object</kind>
         <file>cmac_mode.obj</file>
         <name>cmac_mode.obj</name>
      </input_file>
      <input_file id="fl-9">
         <path>.\</path>
         <kind>object</kind>
         <file>ctr_mode.obj</file>
         <name>ctr_mode.obj</name>
      </input_file>
      <input_file id="fl-a">
         <path>.\</path>
         <kind>object</kind>
         <file>ctr_prng.obj</file>
         <name>ctr_prng.obj</name>
      </input_file>
      <input_file id="fl-b">
         <path>.\</path>
         <kind>object</kind>
         <file>main.obj</file>
         <name>main.obj</name>
      </input_file>
      <input_file id="fl-c">
         <path>.\</path>
         <kind>object</kind>
         <file>sha256.obj</file>
         <name>sha256.obj</name>
      </input_file>
      <input_file id="fl-d">
         <path>.\</path>
         <kind>object</kind>
         <file>tm4c123gh6pm_startup_ccs.obj</file>
         <name>tm4c123gh6pm_startup_ccs.obj</name>
      </input_file>
      <input_file id="fl-e">
         <path>.\</path>
         <kind>object</kind>
         <file>uart0.obj</file>
         <name>uart0.obj</name>
      </input_file>
      <input_file id="fl-f">
         <path>.\</path>
         <kind>object</kind>
         <file>utils.obj</file>
         <name>utils.obj</name>
      </input_file>
      <input_file id="fl-14">
         <kind>object</kind>
         <file>&lt;internal&gt;</file>
         <name>&lt;internal&gt;</name>
      </input_file>
      <input_file id="fl-15">
         <path>C:\MYCOMPUTER\TM4C_SDK\driverlib\ccs\Debug\</path>
         <kind>archive</kind>
         <file>driverlib.lib</file>
         <name>flash.obj</name>
      </input_file>
      <input_file id="fl-16">
         <path>C:\MYCOMPUTER\TM4C_SDK\driverlib\ccs\Debug\</path>
         <kind>archive</kind>
         <file>driverlib.lib</file>
         <name>interrupt.obj</name>
      </input_file>
      <input_file id="fl-17">
         <path>C:\MYCOMPUTER\TM4C_SDK\driverlib\ccs\Debug\</path>
         <kind>archive</kind>
         <file>driverlib.lib</file>
         <name>sw_crc.obj</name>
      </input_file>
      <input_file id="fl-18">
         <path>C:\MYCOMPUTER\TM4C_SDK\driverlib\ccs\Debug\</path>
         <kind>archive</kind>
         <file>driverlib.lib</file>
         <name>cpu.obj</name>
      </input_file>
      <input_file id="fl-ce">
         <path>C:\MYCOMPUTER\NEWEST CCS\ccs\tools\compiler\ti-cgt-arm_20.2.7.LTS\lib\</path>
         <kind>archive</kind>
         <file>rtsv7M4_T_le_v4SPD16_eabi.lib</file>
         <name>vsprintf.c.obj</name>
      </input_file>
      <input_file id="fl-cf">
         <path>C:\MYCOMPUTER\NEWEST CCS\ccs\tools\compiler\ti-cgt-arm_20.2.7.LTS\lib\</path>
         <kind>archive</kind>
         <file>rtsv7M4_T_le_v4SPD16_eabi.lib</file>
         <name>memcpy_t2.asm.obj</name>
      </input_file>
      <input_file id="fl-d0">
         <path>C:\MYCOMPUTER\NEWEST CCS\ccs\tools\compiler\ti-cgt-arm_20.2.7.LTS\lib\</path>
         <kind>archive</kind>
         <file>rtsv7M4_T_le_v4SPD16_eabi.lib</file>
         <name>memset_t2.asm.obj</name>
      </input_file>
      <input_file id="fl-d1">
         <path>C:\MYCOMPUTER\NEWEST CCS\ccs\tools\compiler\ti-cgt-arm_20.2.7.LTS\lib\</path>
         <kind>archive</kind>
         <file>rtsv7M4_T_le_v4SPD16_eabi.lib</file>
         <name>copy_zero_init.c.obj</name>
      </input_file>
      <input_file id="fl-d2">
         <path>C:\MYCOMPUTER\NEWEST CCS\ccs\tools\compiler\ti-cgt-arm_20.2.7.LTS\lib\</path>
         <kind>archive</kind>
         <file>rtsv7M4_T_le_v4SPD16_eabi.lib</file>
         <name>copy_decompress_none.c.obj</name>
      </input_file>
      <input_file id="fl-d3">
         <path>C:\MYCOMPUTER\NEWEST CCS\ccs\tools\compiler\ti-cgt-arm_20.2.7.LTS\lib\</path>
         <kind>archive</kind>
         <file>rtsv7M4_T_le_v4SPD16_eabi.lib</file>
         <name>copy_decompress_lzss.c.obj</name>
      </input_file>
      <input_file id="fl-d4">
         <path>C:\MYCOMPUTER\NEWEST CCS\ccs\tools\compiler\ti-cgt-arm_20.2.7.LTS\lib\</path>
         <kind>archive</kind>
         <file>rtsv7M4_T_le_v4SPD16_eabi.lib</file>
         <name>memory.c.obj</name>
      </input_file>
      <input_file id="fl-d5">
         <path>C:\MYCOMPUTER\NEWEST CCS\ccs\tools\compiler\ti-cgt-arm_20.2.7.LTS\lib\</path>
         <kind>archive</kind>
         <file>rtsv7M4_T_le_v4SPD16_eabi.lib</file>
         <name>boot_cortex_m.c.obj</name>
      </input_file>
      <input_file id="fl-d6">
         <path>C:\MYCOMPUTER\NEWEST CCS\ccs\tools\compiler\ti-cgt-arm_20.2.7.LTS\lib\</path>
         <kind>archive</kind>
         <file>rtsv7M4_T_le_v4SPD16_eabi.lib</file>
         <name>_printfi.c.obj</name>
      </input_file>
      <input_file id="fl-d7">
         <path>C:\MYCOMPUTER\NEWEST CCS\ccs\tools\compiler\ti-cgt-arm_20.2.7.LTS\lib\</path>
         <kind>archive</kind>
         <file>rtsv7M4_T_le_v4SPD16_eabi.lib</file>
         <name>fd_add_t2.asm.obj</name>
      </input_file>
      <input_file id="fl-d8">
         <path>C:\MYCOMPUTER\NEWEST CCS\ccs\tools\compiler\ti-cgt-arm_20.2.7.LTS\lib\</path>
         <kind>archive</kind>
         <file>rtsv7M4_T_le_v4SPD16_eabi.lib</file>
         <name>fd_cmp_t2.asm.obj</name>
      </input_file>
      <input_file id="fl-d9">
         <path>C:\MYCOMPUTER\NEWEST CCS\ccs\tools\compiler\ti-cgt-arm_20.2.7.LTS\lib\</path>
         <kind>archive</kind>
         <file>rtsv7M4_T_le_v4SPD16_eabi.lib</file>
         <name>fd_div_t2.asm.obj</name>
      </input_file>
      <input_file id="fl-da">
         <path>C:\MYCOMPUTER\NEWEST CCS\ccs\tools\compiler\ti-cgt-arm_20.2.7.LTS\lib\</path>
         <kind>archive</kind>
         <file>rtsv7M4_T_le_v4SPD16_eabi.lib</file>
         <name>fd_mul_t2.asm.obj</name>
      </input_file>
      <input_file id="fl-db">
         <path>C:\MYCOMPUTER\NEWEST CCS\ccs\tools\compiler\ti-cgt-arm_20.2.7.LTS\lib\</path>
         <kind>archive</kind>
         <file>rtsv7M4_T_le_v4SPD16_eabi.lib</file>
         <name>fd_toi_t2.asm.obj</name>
      </input_file>
      <input_file id="fl-dc">
         <path>C:\MYCOMPUTER\NEWEST CCS\ccs\tools\compiler\ti-cgt-arm_20.2.7.LTS\lib\</path>
         <kind>archive</kind>
         <file>rtsv7M4_T_le_v4SPD16_eabi.lib</file>
         <name>i_tofd_t2.asm.obj</name>
      </input_file>
      <input_file id="fl-dd">
         <path>C:\MYCOMPUTER\NEWEST CCS\ccs\tools\compiler\ti-cgt-arm_20.2.7.LTS\lib\</path>
         <kind>archive</kind>
         <file>rtsv7M4_T_le_v4SPD16_eabi.lib</file>
         <name>ull_div_t2.asm.obj</name>
      </input_file>
      <input_file id="fl-de">
         <path>C:\MYCOMPUTER\NEWEST CCS\ccs\tools\compiler\ti-cgt-arm_20.2.7.LTS\lib\</path>
         <kind>archive</kind>
         <file>rtsv7M4_T_le_v4SPD16_eabi.lib</file>
         <name>autoinit.c.obj</name>
      </input_file>
      <input_file id="fl-df">
         <path>C:\MYCOMPUTER\NEWEST CCS\ccs\tools\compiler\ti-cgt-arm_20.2.7.LTS\lib\</path>
         <kind>archive</kind>
         <file>rtsv7M4_T_le_v4SPD16_eabi.lib</file>
         <name>pre_init.c.obj</name>
      </input_file>
      <input_file id="fl-e0">
         <path>C:\MYCOMPUTER\NEWEST CCS\ccs\tools\compiler\ti-cgt-arm_20.2.7.LTS\lib\</path>
         <kind>archive</kind>
         <file>rtsv7M4_T_le_v4SPD16_eabi.lib</file>
         <name>cpy_tbl.c.obj</name>
      </input_file>
      <input_file id="fl-e1">
         <path>C:\MYCOMPUTER\NEWEST CCS\ccs\tools\compiler\ti-cgt-arm_20.2.7.LTS\lib\</path>
         <kind>archive</kind>
         <file>rtsv7M4_T_le_v4SPD16_eabi.lib</file>
         <name>exit.c.obj</name>
      </input_file>
      <input_file id="fl-e2">
         <path>C:\MYCOMPUTER\NEWEST CCS\ccs\tools\compiler\ti-cgt-arm_20.2.7.LTS\lib\</path>
         <kind>archive</kind>
         <file>rtsv7M4_T_le_v4SPD16_eabi.lib</file>
         <name>_lock.c.obj</name>
      </input_file>
      <input_file id="fl-e3">
         <path>C:\MYCOMPUTER\NEWEST CCS\ccs\tools\compiler\ti-cgt-arm_20.2.7.LTS\lib\</path>
         <kind>archive</kind>
         <file>rtsv7M4_T_le_v4SPD16_eabi.lib</file>
         <name>_ltoa.c.obj</name>
      </input_file>
      <input_file id="fl-e4">
         <path>C:\MYCOMPUTER\NEWEST CCS\ccs\tools\compiler\ti-cgt-arm_20.2.7.LTS\lib\</path>
         <kind>archive</kind>
         <file>rtsv7M4_T_le_v4SPD16_eabi.lib</file>
         <name>args_main.c.obj</name>
      </input_file>
      <input_file id="fl-e5">
         <path>C:\MYCOMPUTER\NEWEST CCS\ccs\tools\compiler\ti-cgt-arm_20.2.7.LTS\lib\</path>
         <kind>archive</kind>
         <file>rtsv7M4_T_le_v4SPD16_eabi.lib</file>
         <name>atoi.c.obj</name>
      </input_file>
      <input_file id="fl-e6">
         <path>C:\MYCOMPUTER\NEWEST CCS\ccs\tools\compiler\ti-cgt-arm_20.2.7.LTS\lib\</path>
         <kind>archive</kind>
         <file>rtsv7M4_T_le_v4SPD16_eabi.lib</file>
         <name>ctype.c.obj</name>
      </input_file>
      <input_file id="fl-e7">
         <path>C:\MYCOMPUTER\NEWEST CCS\ccs\tools\compiler\ti-cgt-arm_20.2.7.LTS\lib\</path>
         <kind>archive</kind>
         <file>rtsv7M4_T_le_v4SPD16_eabi.lib</file>
         <name>memccpy.c.obj</name>
      </input_file>
      <input_file id="fl-e8">
         <path>C:\MYCOMPUTER\NEWEST CCS\ccs\tools\compiler\ti-cgt-arm_20.2.7.LTS\lib\</path>
         <kind>archive</kind>
         <file>rtsv7M4_T_le_v4SPD16_eabi.lib</file>
         <name>strchr.c.obj</name>
      </input_file>
      <input_file id="fl-e9">
         <path>C:\MYCOMPUTER\NEWEST CCS\ccs\tools\compiler\ti-cgt-arm_20.2.7.LTS\lib\</path>
         <kind>archive</kind>
         <file>rtsv7M4_T_le_v4SPD16_eabi.lib</file>
         <name>strlen.c.obj</name>
      </input_file>
      <input_file id="fl-ea">
         <path>C:\MYCOMPUTER\NEWEST CCS\ccs\tools\compiler\ti-cgt-arm_20.2.7.LTS\lib\</path>
         <kind>archive</kind>
         <file>rtsv7M4_T_le_v4SPD16_eabi.lib</file>
         <name>errno.c.obj</name>
      </input_file>
      <input_file id="fl-eb">
         <path>C:\MYCOMPUTER\NEWEST CCS\ccs\tools\compiler\ti-cgt-arm_20.2.7.LTS\lib\</path>
         <kind>archive</kind>
         <file>rtsv7M4_T_le_v4SPD16_eabi.lib</file>
         <name>wcslen.c.obj</name>
      </input_file>
      <input_file id="fl-ec">
         <path>C:\MYCOMPUTER\NEWEST CCS\ccs\tools\compiler\ti-cgt-arm_20.2.7.LTS\lib\</path>
         <kind>archive</kind>
         <file>rtsv7M4_T_le_v4SPD16_eabi.lib</file>
         <name>s_frexp.c.obj</name>
      </input_file>
      <input_file id="fl-ed">
         <path>C:\MYCOMPUTER\NEWEST CCS\ccs\tools\compiler\ti-cgt-arm_20.2.7.LTS\lib\</path>
         <kind>archive</kind>
         <file>rtsv7M4_T_le_v4SPD16_eabi.lib</file>
         <name>s_scalbn.c.obj</name>
      </input_file>
      <input_file id="fl-ee">
         <path>C:\MYCOMPUTER\NEWEST CCS\ccs\tools\compiler\ti-cgt-arm_20.2.7.LTS\lib\</path>
         <kind>archive</kind>
         <file>rtsv7M4_T_le_v4SPD16_eabi.lib</file>
         <name>div0.asm.obj</name>
      </input_file>
      <input_file id="fl-ef">
         <path>C:\MYCOMPUTER\NEWEST CCS\ccs\tools\compiler\ti-cgt-arm_20.2.7.LTS\lib\</path>
         <kind>archive</kind>
         <file>rtsv7M4_T_le_v4SPD16_eabi.lib</file>
         <name>s_copysign.c.obj</name>
      </input_file>
   </input_file_list>
   <object_component_list>
      <object_component id="oc-12">
         <name>.intvecs</name>
         <load_address>0x0</load_address>
         <run_address>0x0</run_address>
         <size>0x26c</size>
         <input_file_ref idref="fl-d"/>
      </object_component>
      <object_component id="oc-1d2">
         <name>.text:__TI_printfi</name>
         <load_address>0x26c</load_address>
         <run_address>0x26c</run_address>
         <size>0xa4e</size>
         <input_file_ref idref="fl-d6"/>
      </object_component>
      <object_component id="oc-24c">
         <name>.text:_nop</name>
         <load_address>0xcba</load_address>
         <run_address>0xcba</run_address>
         <size>0x2</size>
         <input_file_ref idref="fl-e2"/>
      </object_component>
      <object_component id="oc-dc">
         <name>.text</name>
         <load_address>0xcbc</load_address>
         <run_address>0xcbc</run_address>
         <size>0x9f0</size>
         <input_file_ref idref="fl-6"/>
      </object_component>
      <object_component id="oc-174">
         <name>.text</name>
         <load_address>0x16ac</load_address>
         <run_address>0x16ac</run_address>
         <size>0x55c</size>
         <input_file_ref idref="fl-c"/>
      </object_component>
      <object_component id="oc-158">
         <name>.text</name>
         <load_address>0x1c08</load_address>
         <run_address>0x1c08</run_address>
         <size>0x50c</size>
         <input_file_ref idref="fl-4"/>
      </object_component>
      <object_component id="oc-146">
         <name>.text</name>
         <load_address>0x2114</load_address>
         <run_address>0x2114</run_address>
         <size>0x460</size>
         <input_file_ref idref="fl-5"/>
      </object_component>
      <object_component id="oc-17a">
         <name>.text</name>
         <load_address>0x2574</load_address>
         <run_address>0x2574</run_address>
         <size>0x2fe</size>
         <input_file_ref idref="fl-8"/>
      </object_component>
      <object_component id="oc-38f">
         <name>.text</name>
         <load_address>0x2872</load_address>
         <run_address>0x2872</run_address>
         <size>0x2</size>
         <input_file_ref idref="fl-ee"/>
      </object_component>
      <object_component id="oc-294">
         <name>.text:_pconv_a</name>
         <load_address>0x2874</load_address>
         <run_address>0x2874</run_address>
         <size>0x270</size>
         <input_file_ref idref="fl-d6"/>
      </object_component>
      <object_component id="oc-282">
         <name>.text:_pconv_g</name>
         <load_address>0x2ae4</load_address>
         <run_address>0x2ae4</run_address>
         <size>0x1d0</size>
         <input_file_ref idref="fl-d6"/>
      </object_component>
      <object_component id="oc-327">
         <name>.text</name>
         <load_address>0x2cb4</load_address>
         <run_address>0x2cb4</run_address>
         <size>0x1b6</size>
         <input_file_ref idref="fl-d7"/>
      </object_component>
      <object_component id="oc-d6">
         <name>.text</name>
         <load_address>0x2e6c</load_address>
         <run_address>0x2e6c</run_address>
         <size>0x1b4</size>
         <input_file_ref idref="fl-e"/>
      </object_component>
      <object_component id="oc-13a">
         <name>.text</name>
         <load_address>0x3020</load_address>
         <run_address>0x3020</run_address>
         <size>0x178</size>
         <input_file_ref idref="fl-3"/>
      </object_component>
      <object_component id="oc-14c">
         <name>.text</name>
         <load_address>0x3198</load_address>
         <run_address>0x3198</run_address>
         <size>0x15c</size>
         <input_file_ref idref="fl-7"/>
      </object_component>
      <object_component id="oc-28e">
         <name>.text:_pconv_e</name>
         <load_address>0x32f4</load_address>
         <run_address>0x32f4</run_address>
         <size>0x13c</size>
         <input_file_ref idref="fl-d6"/>
      </object_component>
      <object_component id="oc-30d">
         <name>.text</name>
         <load_address>0x3430</load_address>
         <run_address>0x3430</run_address>
         <size>0x136</size>
         <input_file_ref idref="fl-d9"/>
      </object_component>
      <object_component id="oc-339">
         <name>.text:fcvt</name>
         <load_address>0x3568</load_address>
         <run_address>0x3568</run_address>
         <size>0x124</size>
         <input_file_ref idref="fl-d6"/>
      </object_component>
      <object_component id="oc-34d">
         <name>.text:scalbn</name>
         <load_address>0x368c</load_address>
         <run_address>0x368c</run_address>
         <size>0x110</size>
         <input_file_ref idref="fl-ed"/>
      </object_component>
      <object_component id="oc-2d2">
         <name>.text:aligned_alloc</name>
         <load_address>0x379c</load_address>
         <run_address>0x379c</run_address>
         <size>0x100</size>
         <input_file_ref idref="fl-d4"/>
      </object_component>
      <object_component id="oc-308">
         <name>.text</name>
         <load_address>0x389c</load_address>
         <run_address>0x389c</run_address>
         <size>0xfc</size>
         <input_file_ref idref="fl-da"/>
      </object_component>
      <object_component id="oc-152">
         <name>.text</name>
         <load_address>0x3998</load_address>
         <run_address>0x3998</run_address>
         <size>0xf8</size>
         <input_file_ref idref="fl-9"/>
      </object_component>
      <object_component id="oc-180">
         <name>.text:free</name>
         <load_address>0x3a90</load_address>
         <run_address>0x3a90</run_address>
         <size>0xe4</size>
         <input_file_ref idref="fl-d4"/>
      </object_component>
      <object_component id="oc-1e6">
         <name>.text:Crc32</name>
         <load_address>0x3b74</load_address>
         <run_address>0x3b74</run_address>
         <size>0xcc</size>
         <input_file_ref idref="fl-17"/>
      </object_component>
      <object_component id="oc-1f7">
         <name>.text</name>
         <load_address>0x3c40</load_address>
         <run_address>0x3c40</run_address>
         <size>0xb4</size>
         <input_file_ref idref="fl-f"/>
      </object_component>
      <object_component id="oc-277">
         <name>.text:_ltostr</name>
         <load_address>0x3cf4</load_address>
         <run_address>0x3cf4</run_address>
         <size>0xb1</size>
         <input_file_ref idref="fl-d6"/>
      </object_component>
      <object_component id="oc-3e">
         <name>.text</name>
         <load_address>0x3da6</load_address>
         <run_address>0x3da6</run_address>
         <size>0x9c</size>
         <input_file_ref idref="fl-cf"/>
      </object_component>
      <object_component id="oc-301">
         <name>.text</name>
         <load_address>0x3e42</load_address>
         <run_address>0x3e42</run_address>
         <size>0x96</size>
         <input_file_ref idref="fl-dd"/>
      </object_component>
      <object_component id="oc-27d">
         <name>.text:__aeabi_cdcmple</name>
         <load_address>0x3ed8</load_address>
         <run_address>0x3ed8</run_address>
         <size>0x86</size>
         <input_file_ref idref="fl-d8"/>
      </object_component>
      <object_component id="oc-312">
         <name>.text:__aeabi_cdrcmple</name>
         <load_address>0x3f5e</load_address>
         <run_address>0x3f5e</run_address>
         <size>0x86</size>
         <input_file_ref idref="fl-d8"/>
      </object_component>
      <object_component id="oc-96">
         <name>.text</name>
         <load_address>0x3fe4</load_address>
         <run_address>0x3fe4</run_address>
         <size>0x7a</size>
         <input_file_ref idref="fl-d0"/>
      </object_component>
      <object_component id="oc-37f">
         <name>.text:split</name>
         <load_address>0x4060</load_address>
         <run_address>0x4060</run_address>
         <size>0x70</size>
         <input_file_ref idref="fl-d4"/>
      </object_component>
      <object_component id="oc-332">
         <name>.text:_mcpy</name>
         <load_address>0x40d0</load_address>
         <run_address>0x40d0</run_address>
         <size>0x6e</size>
         <input_file_ref idref="fl-d6"/>
      </object_component>
      <object_component id="oc-1ec">
         <name>.text:FlashProgram</name>
         <load_address>0x4140</load_address>
         <run_address>0x4140</run_address>
         <size>0x68</size>
         <input_file_ref idref="fl-15"/>
      </object_component>
      <object_component id="oc-15">
         <name>.text:decompress:lzss:__TI_decompress_lzss</name>
         <load_address>0x41a8</load_address>
         <run_address>0x41a8</run_address>
         <size>0x68</size>
         <input_file_ref idref="fl-d3"/>
      </object_component>
      <object_component id="oc-347">
         <name>.text:frexp</name>
         <load_address>0x4210</load_address>
         <run_address>0x4210</run_address>
         <size>0x64</size>
         <input_file_ref idref="fl-ec"/>
      </object_component>
      <object_component id="oc-288">
         <name>.text:_pconv_f</name>
         <load_address>0x4274</load_address>
         <run_address>0x4274</run_address>
         <size>0x56</size>
         <input_file_ref idref="fl-d6"/>
      </object_component>
      <object_component id="oc-31c">
         <name>.text:__TI_ltoa</name>
         <load_address>0x42ca</load_address>
         <run_address>0x42ca</run_address>
         <size>0x54</size>
         <input_file_ref idref="fl-e3"/>
      </object_component>
      <object_component id="oc-32c">
         <name>.text:_ecpy</name>
         <load_address>0x431e</load_address>
         <run_address>0x431e</run_address>
         <size>0x52</size>
         <input_file_ref idref="fl-d6"/>
      </object_component>
      <object_component id="oc-271">
         <name>.text:atoi</name>
         <load_address>0x4370</load_address>
         <run_address>0x4370</run_address>
         <size>0x4c</size>
         <input_file_ref idref="fl-e5"/>
      </object_component>
      <object_component id="oc-317">
         <name>.text</name>
         <load_address>0x43bc</load_address>
         <run_address>0x43bc</run_address>
         <size>0x48</size>
         <input_file_ref idref="fl-db"/>
      </object_component>
      <object_component id="oc-ef">
         <name>.text:__TI_auto_init_nobinit_nopinit:__TI_auto_init_nobinit_nopinit</name>
         <load_address>0x4404</load_address>
         <run_address>0x4404</run_address>
         <size>0x44</size>
         <input_file_ref idref="fl-de"/>
      </object_component>
      <object_component id="oc-33f">
         <name>.text:_fcpy</name>
         <load_address>0x4448</load_address>
         <run_address>0x4448</run_address>
         <size>0x3e</size>
         <input_file_ref idref="fl-d6"/>
      </object_component>
      <object_component id="oc-16e">
         <name>.text:calloc</name>
         <load_address>0x4488</load_address>
         <run_address>0x4488</run_address>
         <size>0x38</size>
         <input_file_ref idref="fl-d4"/>
      </object_component>
      <object_component id="oc-5c">
         <name>.text:_c_int00_noargs:_c_int00_noargs</name>
         <load_address>0x44c0</load_address>
         <run_address>0x44c0</run_address>
         <size>0x34</size>
         <input_file_ref idref="fl-d5"/>
      </object_component>
      <object_component id="oc-186">
         <name>.text:FlashErase</name>
         <load_address>0x44f4</load_address>
         <run_address>0x44f4</run_address>
         <size>0x30</size>
         <input_file_ref idref="fl-15"/>
      </object_component>
      <object_component id="oc-322">
         <name>.text</name>
         <load_address>0x4524</load_address>
         <run_address>0x4524</run_address>
         <size>0x2e</size>
         <input_file_ref idref="fl-dc"/>
      </object_component>
      <object_component id="oc-236">
         <name>.text:free_list_insert</name>
         <load_address>0x4554</load_address>
         <run_address>0x4554</run_address>
         <size>0x28</size>
         <input_file_ref idref="fl-d4"/>
      </object_component>
      <object_component id="oc-134">
         <name>.text:vsprintf</name>
         <load_address>0x457c</load_address>
         <run_address>0x457c</run_address>
         <size>0x28</size>
         <input_file_ref idref="fl-ce"/>
      </object_component>
      <object_component id="oc-4a">
         <name>.text:decompress:ZI:__TI_zero_init_nomemset:__TI_zero_init_nomemset</name>
         <load_address>0x45a4</load_address>
         <run_address>0x45a4</run_address>
         <size>0x1c</size>
         <input_file_ref idref="fl-d1"/>
      </object_component>
      <object_component id="oc-230">
         <name>.text:free_list_remove</name>
         <load_address>0x45c0</load_address>
         <run_address>0x45c0</run_address>
         <size>0x1c</size>
         <input_file_ref idref="fl-d4"/>
      </object_component>
      <object_component id="oc-29a">
         <name>.text:memccpy</name>
         <load_address>0x45dc</load_address>
         <run_address>0x45dc</run_address>
         <size>0x1c</size>
         <input_file_ref idref="fl-e7"/>
      </object_component>
      <object_component id="oc-3a8">
         <name>.text:copysign</name>
         <load_address>0x45f8</load_address>
         <run_address>0x45f8</run_address>
         <size>0x1a</size>
         <input_file_ref idref="fl-ef"/>
      </object_component>
      <object_component id="oc-1d8">
         <name>.text:_outs</name>
         <load_address>0x4612</load_address>
         <run_address>0x4612</run_address>
         <size>0x18</size>
         <input_file_ref idref="fl-ce"/>
      </object_component>
      <object_component id="oc-353">
         <name>.text:strchr</name>
         <load_address>0x462a</load_address>
         <run_address>0x462a</run_address>
         <size>0x16</size>
         <input_file_ref idref="fl-e8"/>
      </object_component>
      <object_component id="oc-26b">
         <name>.text:strlen</name>
         <load_address>0x4640</load_address>
         <run_address>0x4640</run_address>
         <size>0x14</size>
         <input_file_ref idref="fl-e9"/>
      </object_component>
      <object_component id="oc-2a0">
         <name>.text:wcslen</name>
         <load_address>0x4654</load_address>
         <run_address>0x4654</run_address>
         <size>0x12</size>
         <input_file_ref idref="fl-eb"/>
      </object_component>
      <object_component id="oc-1b">
         <name>.text:decompress:none:__TI_decompress_none</name>
         <load_address>0x4666</load_address>
         <run_address>0x4666</run_address>
         <size>0xe</size>
         <input_file_ref idref="fl-d2"/>
      </object_component>
      <object_component id="oc-a2">
         <name>.text</name>
         <load_address>0x4674</load_address>
         <run_address>0x4674</run_address>
         <size>0xc</size>
         <input_file_ref idref="fl-b"/>
      </object_component>
      <object_component id="oc-2a">
         <name>.text</name>
         <load_address>0x4680</load_address>
         <run_address>0x4680</run_address>
         <size>0xc</size>
         <input_file_ref idref="fl-d"/>
      </object_component>
      <object_component id="oc-1de">
         <name>.text:_outc</name>
         <load_address>0x468c</load_address>
         <run_address>0x468c</run_address>
         <size>0xa</size>
         <input_file_ref idref="fl-ce"/>
      </object_component>
      <object_component id="oc-2a6">
         <name>.text:__aeabi_errno_addr</name>
         <load_address>0x4698</load_address>
         <run_address>0x4698</run_address>
         <size>0x8</size>
         <input_file_ref idref="fl-ea"/>
      </object_component>
      <object_component id="oc-218">
         <name>.text:malloc</name>
         <load_address>0x46a0</load_address>
         <run_address>0x46a0</run_address>
         <size>0x8</size>
         <input_file_ref idref="fl-d4"/>
      </object_component>
      <object_component id="oc-9c">
         <name>.text:_system_pre_init</name>
         <load_address>0x46a8</load_address>
         <run_address>0x46a8</run_address>
         <size>0x4</size>
         <input_file_ref idref="fl-df"/>
      </object_component>
      <object_component id="oc-e3">
         <name>.text:abort:abort</name>
         <load_address>0x46ac</load_address>
         <run_address>0x46ac</run_address>
         <size>0x4</size>
         <input_file_ref idref="fl-e1"/>
      </object_component>
      <object_component id="oc-2bc">
         <name>.const:g_pui32Crc32</name>
         <load_address>0x46b0</load_address>
         <run_address>0x46b0</run_address>
         <size>0x400</size>
         <input_file_ref idref="fl-17"/>
      </object_component>
      <object_component id="oc-2fc">
         <name>.const:.string:_ctypes_</name>
         <load_address>0x4ab0</load_address>
         <run_address>0x4ab0</run_address>
         <size>0x101</size>
         <input_file_ref idref="fl-e6"/>
      </object_component>
      <object_component id="oc-209">
         <name>.const:.string:inv_sbox</name>
         <load_address>0x4bb1</load_address>
         <run_address>0x4bb1</run_address>
         <size>0x100</size>
         <input_file_ref idref="fl-4"/>
      </object_component>
      <object_component id="oc-1fd">
         <name>.const:.string:sbox</name>
         <load_address>0x4cb1</load_address>
         <run_address>0x4cb1</run_address>
         <size>0x100</size>
         <input_file_ref idref="fl-5"/>
      </object_component>
      <object_component id="oc-21f">
         <name>.const:k256</name>
         <load_address>0x4db4</load_address>
         <run_address>0x4db4</run_address>
         <size>0x100</size>
         <input_file_ref idref="fl-c"/>
      </object_component>
      <object_component id="oc-200">
         <name>.const:$P$T0$1</name>
         <load_address>0x4eb4</load_address>
         <run_address>0x4eb4</run_address>
         <size>0x2c</size>
         <input_file_ref idref="fl-5"/>
      </object_component>
      <object_component id="oc-165">
         <name>.const:.string:$P$T1$2</name>
         <load_address>0x4ee0</load_address>
         <run_address>0x4ee0</run_address>
         <size>0x10</size>
         <input_file_ref idref="fl-6"/>
      </object_component>
      <object_component id="oc-168">
         <name>.const:.string:$P$T2$3</name>
         <load_address>0x4ef0</load_address>
         <run_address>0x4ef0</run_address>
         <size>0x10</size>
         <input_file_ref idref="fl-6"/>
      </object_component>
      <object_component id="oc-16b">
         <name>.const:.string:$P$T3$4</name>
         <load_address>0x4f00</load_address>
         <run_address>0x4f00</run_address>
         <size>0x10</size>
         <input_file_ref idref="fl-6"/>
      </object_component>
      <object_component id="oc-193">
         <name>.const:.string:$P$T4$5</name>
         <load_address>0x4f10</load_address>
         <run_address>0x4f10</run_address>
         <size>0x10</size>
         <input_file_ref idref="fl-6"/>
      </object_component>
      <object_component id="oc-15f">
         <name>.const:.string:$P$T0$1</name>
         <load_address>0x4f20</load_address>
         <run_address>0x4f20</run_address>
         <size>0x4</size>
         <input_file_ref idref="fl-6"/>
      </object_component>
      <object_component id="oc-401">
         <name>.cinit..data.load</name>
         <load_address>0x4f28</load_address>
         <run_address>0x4f28</run_address>
         <size>0x18</size>
      </object_component>
      <object_component id="oc-3ff">
         <name>__TI_handler_table</name>
         <load_address>0x4f40</load_address>
         <run_address>0x4f40</run_address>
         <size>0xc</size>
      </object_component>
      <object_component id="oc-402">
         <name>.cinit..bss.load</name>
         <load_address>0x4f50</load_address>
         <run_address>0x4f50</run_address>
         <size>0x8</size>
      </object_component>
      <object_component id="oc-400">
         <name>__TI_cinit_table</name>
         <load_address>0x4f58</load_address>
         <run_address>0x4f58</run_address>
         <size>0x10</size>
      </object_component>
      <object_component id="oc-18f">
         <name>.data</name>
         <load_address>0x20000ea4</load_address>
         <run_address>0x20000ea4</run_address>
         <size>0x5</size>
         <input_file_ref idref="fl-6"/>
      </object_component>
      <object_component id="oc-162">
         <name>.data:Bootloader_Supported_CMDs</name>
         <load_address>0x20000e9c</load_address>
         <run_address>0x20000e9c</run_address>
         <size>0x7</size>
         <input_file_ref idref="fl-6"/>
      </object_component>
      <object_component id="oc-2df">
         <name>.data:$O1$$</name>
         <load_address>0x20000e94</load_address>
         <run_address>0x20000e94</run_address>
         <size>0x8</size>
         <input_file_ref idref="fl-d4"/>
      </object_component>
      <object_component id="oc-1b4">
         <name>.data:$O1$$</name>
         <load_address>0x20000e8c</load_address>
         <run_address>0x20000e8c</run_address>
         <size>0x8</size>
         <input_file_ref idref="fl-e2"/>
      </object_component>
      <object_component id="oc-363">
         <name>.data</name>
         <load_address>0x20000eac</load_address>
         <run_address>0x20000eac</run_address>
         <size>0x4</size>
         <input_file_ref idref="fl-ea"/>
      </object_component>
      <object_component id="oc-18c">
         <name>.bss</name>
         <uninitialized>true</uninitialized>
         <run_address>0x20000e80</run_address>
         <size>0x4</size>
         <input_file_ref idref="fl-6"/>
      </object_component>
      <object_component id="oc-143">
         <name>.bss:BL_Host_Buffer</name>
         <uninitialized>true</uninitialized>
         <run_address>0x20000db8</run_address>
         <size>0xc8</size>
         <input_file_ref idref="fl-6"/>
      </object_component>
      <object_component id="oc-140">
         <name>.common:huart2</name>
         <uninitialized>true</uninitialized>
         <run_address>0x20000e89</run_address>
         <size>0x1</size>
      </object_component>
      <object_component id="oc-15e">
         <name>.common:hcrc</name>
         <uninitialized>true</uninitialized>
         <run_address>0x20000e88</run_address>
         <size>0x1</size>
      </object_component>
      <object_component id="oc-192">
         <name>.common:plainText</name>
         <uninitialized>true</uninitialized>
         <run_address>0x20000e84</run_address>
         <size>0x4</size>
      </object_component>
      <object_component id="oc-24">
         <name>.sysmem</name>
         <uninitialized>true</uninitialized>
         <run_address>0x20000000</run_address>
         <size>0x10</size>
         <input_file_ref idref="fl-d4"/>
      </object_component>
      <object_component id="oc-405">
         <name>.sysmem</name>
         <uninitialized>true</uninitialized>
         <run_address>0x20000000</run_address>
         <size>0x0</size>
      </object_component>
      <object_component id="oc-27">
         <name>.stack</name>
         <uninitialized>true</uninitialized>
         <run_address>0x20000bb8</run_address>
         <size>0x4</size>
         <input_file_ref idref="fl-d5"/>
      </object_component>
      <object_component id="oc-404">
         <name>.stack</name>
         <uninitialized>true</uninitialized>
         <run_address>0x20000bb8</run_address>
         <size>0x0</size>
      </object_component>
      <object_component id="oc-c5">
         <name>.debug_info</name>
         <load_address>0x0</load_address>
         <run_address>0x0</run_address>
         <size>0x3aa</size>
         <input_file_ref idref="fl-3"/>
      </object_component>
      <object_component id="oc-13c">
         <name>.debug_info</name>
         <load_address>0x3aa</load_address>
         <run_address>0x3aa</run_address>
         <size>0x893</size>
         <input_file_ref idref="fl-3"/>
      </object_component>
      <object_component id="oc-123">
         <name>.debug_info</name>
         <load_address>0xc3d</load_address>
         <run_address>0xc3d</run_address>
         <size>0x115</size>
         <input_file_ref idref="fl-3"/>
      </object_component>
      <object_component id="oc-77">
         <name>.debug_info</name>
         <load_address>0xd52</load_address>
         <run_address>0xd52</run_address>
         <size>0x26b</size>
         <input_file_ref idref="fl-3"/>
      </object_component>
      <object_component id="oc-39">
         <name>.debug_info</name>
         <load_address>0xfbd</load_address>
         <run_address>0xfbd</run_address>
         <size>0x84</size>
         <input_file_ref idref="fl-3"/>
      </object_component>
      <object_component id="oc-c0">
         <name>.debug_info</name>
         <load_address>0x1041</load_address>
         <run_address>0x1041</run_address>
         <size>0x2a4</size>
         <input_file_ref idref="fl-3"/>
      </object_component>
      <object_component id="oc-7c">
         <name>.debug_info</name>
         <load_address>0x12e5</load_address>
         <run_address>0x12e5</run_address>
         <size>0xbb</size>
         <input_file_ref idref="fl-3"/>
      </object_component>
      <object_component id="oc-12d">
         <name>.debug_info</name>
         <load_address>0x13a0</load_address>
         <run_address>0x13a0</run_address>
         <size>0xae</size>
         <input_file_ref idref="fl-3"/>
      </object_component>
      <object_component id="oc-cd">
         <name>.debug_info</name>
         <load_address>0x144e</load_address>
         <run_address>0x144e</run_address>
         <size>0x2c</size>
         <input_file_ref idref="fl-3"/>
      </object_component>
      <object_component id="oc-197">
         <name>.debug_info</name>
         <load_address>0x147a</load_address>
         <run_address>0x147a</run_address>
         <size>0x2c</size>
         <input_file_ref idref="fl-3"/>
      </object_component>
      <object_component id="oc-128">
         <name>.debug_info</name>
         <load_address>0x14a6</load_address>
         <run_address>0x14a6</run_address>
         <size>0x35</size>
         <input_file_ref idref="fl-3"/>
      </object_component>
      <object_component id="oc-20d">
         <name>.debug_info</name>
         <load_address>0x14db</load_address>
         <run_address>0x14db</run_address>
         <size>0x3ad</size>
         <input_file_ref idref="fl-4"/>
      </object_component>
      <object_component id="oc-20a">
         <name>.debug_info</name>
         <load_address>0x1888</load_address>
         <run_address>0x1888</run_address>
         <size>0xfb</size>
         <input_file_ref idref="fl-4"/>
      </object_component>
      <object_component id="oc-15a">
         <name>.debug_info</name>
         <load_address>0x1983</load_address>
         <run_address>0x1983</run_address>
         <size>0xba6</size>
         <input_file_ref idref="fl-4"/>
      </object_component>
      <object_component id="oc-229">
         <name>.debug_info</name>
         <load_address>0x2529</load_address>
         <run_address>0x2529</run_address>
         <size>0x53</size>
         <input_file_ref idref="fl-4"/>
      </object_component>
      <object_component id="oc-1a1">
         <name>.debug_info</name>
         <load_address>0x257c</load_address>
         <run_address>0x257c</run_address>
         <size>0x4e</size>
         <input_file_ref idref="fl-4"/>
      </object_component>
      <object_component id="oc-204">
         <name>.debug_info</name>
         <load_address>0x25ca</load_address>
         <run_address>0x25ca</run_address>
         <size>0x36e</size>
         <input_file_ref idref="fl-5"/>
      </object_component>
      <object_component id="oc-1fe">
         <name>.debug_info</name>
         <load_address>0x2938</load_address>
         <run_address>0x2938</run_address>
         <size>0xf3</size>
         <input_file_ref idref="fl-5"/>
      </object_component>
      <object_component id="oc-201">
         <name>.debug_info</name>
         <load_address>0x2a2b</load_address>
         <run_address>0x2a2b</run_address>
         <size>0xf9</size>
         <input_file_ref idref="fl-5"/>
      </object_component>
      <object_component id="oc-147">
         <name>.debug_info</name>
         <load_address>0x2b24</load_address>
         <run_address>0x2b24</run_address>
         <size>0x769</size>
         <input_file_ref idref="fl-5"/>
      </object_component>
      <object_component id="oc-141">
         <name>.debug_info</name>
         <load_address>0x328d</load_address>
         <run_address>0x328d</run_address>
         <size>0x983</size>
         <input_file_ref idref="fl-6"/>
      </object_component>
      <object_component id="oc-190">
         <name>.debug_info</name>
         <load_address>0x3c10</load_address>
         <run_address>0x3c10</run_address>
         <size>0x124</size>
         <input_file_ref idref="fl-6"/>
      </object_component>
      <object_component id="oc-18d">
         <name>.debug_info</name>
         <load_address>0x3d34</load_address>
         <run_address>0x3d34</run_address>
         <size>0xf2</size>
         <input_file_ref idref="fl-6"/>
      </object_component>
      <object_component id="oc-144">
         <name>.debug_info</name>
         <load_address>0x3e26</load_address>
         <run_address>0x3e26</run_address>
         <size>0x106</size>
         <input_file_ref idref="fl-6"/>
      </object_component>
      <object_component id="oc-163">
         <name>.debug_info</name>
         <load_address>0x3f2c</load_address>
         <run_address>0x3f2c</run_address>
         <size>0x11c</size>
         <input_file_ref idref="fl-6"/>
      </object_component>
      <object_component id="oc-160">
         <name>.debug_info</name>
         <load_address>0x4048</load_address>
         <run_address>0x4048</run_address>
         <size>0xf9</size>
         <input_file_ref idref="fl-6"/>
      </object_component>
      <object_component id="oc-166">
         <name>.debug_info</name>
         <load_address>0x4141</load_address>
         <run_address>0x4141</run_address>
         <size>0xf9</size>
         <input_file_ref idref="fl-6"/>
      </object_component>
      <object_component id="oc-169">
         <name>.debug_info</name>
         <load_address>0x423a</load_address>
         <run_address>0x423a</run_address>
         <size>0xf9</size>
         <input_file_ref idref="fl-6"/>
      </object_component>
      <object_component id="oc-16c">
         <name>.debug_info</name>
         <load_address>0x4333</load_address>
         <run_address>0x4333</run_address>
         <size>0xf9</size>
         <input_file_ref idref="fl-6"/>
      </object_component>
      <object_component id="oc-194">
         <name>.debug_info</name>
         <load_address>0x442c</load_address>
         <run_address>0x442c</run_address>
         <size>0xf9</size>
         <input_file_ref idref="fl-6"/>
      </object_component>
      <object_component id="oc-dd">
         <name>.debug_info</name>
         <load_address>0x4525</load_address>
         <run_address>0x4525</run_address>
         <size>0x1eba</size>
         <input_file_ref idref="fl-6"/>
      </object_component>
      <object_component id="oc-19c">
         <name>.debug_info</name>
         <load_address>0x63df</load_address>
         <run_address>0x63df</run_address>
         <size>0x62</size>
         <input_file_ref idref="fl-6"/>
      </object_component>
      <object_component id="oc-1ab">
         <name>.debug_info</name>
         <load_address>0x6441</load_address>
         <run_address>0x6441</run_address>
         <size>0xda</size>
         <input_file_ref idref="fl-6"/>
      </object_component>
      <object_component id="oc-1a6">
         <name>.debug_info</name>
         <load_address>0x651b</load_address>
         <run_address>0x651b</run_address>
         <size>0x8a</size>
         <input_file_ref idref="fl-6"/>
      </object_component>
      <object_component id="oc-206">
         <name>.debug_info</name>
         <load_address>0x65a5</load_address>
         <run_address>0x65a5</run_address>
         <size>0x369</size>
         <input_file_ref idref="fl-7"/>
      </object_component>
      <object_component id="oc-14d">
         <name>.debug_info</name>
         <load_address>0x690e</load_address>
         <run_address>0x690e</run_address>
         <size>0x3bc</size>
         <input_file_ref idref="fl-7"/>
      </object_component>
      <object_component id="oc-22f">
         <name>.debug_info</name>
         <load_address>0x6cca</load_address>
         <run_address>0x6cca</run_address>
         <size>0x3aa</size>
         <input_file_ref idref="fl-8"/>
      </object_component>
      <object_component id="oc-17c">
         <name>.debug_info</name>
         <load_address>0x7074</load_address>
         <run_address>0x7074</run_address>
         <size>0x64c</size>
         <input_file_ref idref="fl-8"/>
      </object_component>
      <object_component id="oc-208">
         <name>.debug_info</name>
         <load_address>0x76c0</load_address>
         <run_address>0x76c0</run_address>
         <size>0x32d</size>
         <input_file_ref idref="fl-9"/>
      </object_component>
      <object_component id="oc-154">
         <name>.debug_info</name>
         <load_address>0x79ed</load_address>
         <run_address>0x79ed</run_address>
         <size>0x25a</size>
         <input_file_ref idref="fl-9"/>
      </object_component>
      <object_component id="oc-a3">
         <name>.debug_info</name>
         <load_address>0x7c47</load_address>
         <run_address>0x7c47</run_address>
         <size>0x147</size>
         <input_file_ref idref="fl-b"/>
      </object_component>
      <object_component id="oc-228">
         <name>.debug_info</name>
         <load_address>0x7d8e</load_address>
         <run_address>0x7d8e</run_address>
         <size>0x30d</size>
         <input_file_ref idref="fl-c"/>
      </object_component>
      <object_component id="oc-220">
         <name>.debug_info</name>
         <load_address>0x809b</load_address>
         <run_address>0x809b</run_address>
         <size>0xee</size>
         <input_file_ref idref="fl-c"/>
      </object_component>
      <object_component id="oc-175">
         <name>.debug_info</name>
         <load_address>0x8189</load_address>
         <run_address>0x8189</run_address>
         <size>0x639</size>
         <input_file_ref idref="fl-c"/>
      </object_component>
      <object_component id="oc-223">
         <name>.debug_info</name>
         <load_address>0x87c2</load_address>
         <run_address>0x87c2</run_address>
         <size>0x8a</size>
         <input_file_ref idref="fl-c"/>
      </object_component>
      <object_component id="oc-32">
         <name>.debug_info</name>
         <load_address>0x884c</load_address>
         <run_address>0x884c</run_address>
         <size>0x2d2</size>
         <input_file_ref idref="fl-d"/>
      </object_component>
      <object_component id="oc-13">
         <name>.debug_info</name>
         <load_address>0x8b1e</load_address>
         <run_address>0x8b1e</run_address>
         <size>0x111</size>
         <input_file_ref idref="fl-d"/>
      </object_component>
      <object_component id="oc-2e">
         <name>.debug_info</name>
         <load_address>0x8c2f</load_address>
         <run_address>0x8c2f</run_address>
         <size>0x28d</size>
         <input_file_ref idref="fl-d"/>
      </object_component>
      <object_component id="oc-133">
         <name>.debug_info</name>
         <load_address>0x8ebc</load_address>
         <run_address>0x8ebc</run_address>
         <size>0x280</size>
         <input_file_ref idref="fl-e"/>
      </object_component>
      <object_component id="oc-d7">
         <name>.debug_info</name>
         <load_address>0x913c</load_address>
         <run_address>0x913c</run_address>
         <size>0x551</size>
         <input_file_ref idref="fl-e"/>
      </object_component>
      <object_component id="oc-2c3">
         <name>.debug_info</name>
         <load_address>0x968d</load_address>
         <run_address>0x968d</run_address>
         <size>0x2c4</size>
         <input_file_ref idref="fl-f"/>
      </object_component>
      <object_component id="oc-1fb">
         <name>.debug_info</name>
         <load_address>0x9951</load_address>
         <run_address>0x9951</run_address>
         <size>0x3c6</size>
         <input_file_ref idref="fl-f"/>
      </object_component>
      <object_component id="oc-243">
         <name>.debug_info</name>
         <load_address>0x9d17</load_address>
         <run_address>0x9d17</run_address>
         <size>0x203</size>
         <input_file_ref idref="fl-15"/>
      </object_component>
      <object_component id="oc-1ee">
         <name>.debug_info</name>
         <load_address>0x9f1a</load_address>
         <run_address>0x9f1a</run_address>
         <size>0x2c8</size>
         <input_file_ref idref="fl-15"/>
      </object_component>
      <object_component id="oc-188">
         <name>.debug_info</name>
         <load_address>0xa1e2</load_address>
         <run_address>0xa1e2</run_address>
         <size>0x257</size>
         <input_file_ref idref="fl-15"/>
      </object_component>
      <object_component id="oc-2e4">
         <name>.debug_info</name>
         <load_address>0xa439</load_address>
         <run_address>0xa439</run_address>
         <size>0x8b</size>
         <input_file_ref idref="fl-15"/>
      </object_component>
      <object_component id="oc-23e">
         <name>.debug_info</name>
         <load_address>0xa4c4</load_address>
         <run_address>0xa4c4</run_address>
         <size>0x18b</size>
         <input_file_ref idref="fl-15"/>
      </object_component>
      <object_component id="oc-2c0">
         <name>.debug_info</name>
         <load_address>0xa64f</load_address>
         <run_address>0xa64f</run_address>
         <size>0x17e</size>
         <input_file_ref idref="fl-17"/>
      </object_component>
      <object_component id="oc-2bd">
         <name>.debug_info</name>
         <load_address>0xa7cd</load_address>
         <run_address>0xa7cd</run_address>
         <size>0x14d</size>
         <input_file_ref idref="fl-17"/>
      </object_component>
      <object_component id="oc-1e7">
         <name>.debug_info</name>
         <load_address>0xa91a</load_address>
         <run_address>0xa91a</run_address>
         <size>0x2ab</size>
         <input_file_ref idref="fl-17"/>
      </object_component>
      <object_component id="oc-1e5">
         <name>.debug_info</name>
         <load_address>0xabc5</load_address>
         <run_address>0xabc5</run_address>
         <size>0x339</size>
         <input_file_ref idref="fl-ce"/>
      </object_component>
      <object_component id="oc-136">
         <name>.debug_info</name>
         <load_address>0xaefe</load_address>
         <run_address>0xaefe</run_address>
         <size>0x1fa</size>
         <input_file_ref idref="fl-ce"/>
      </object_component>
      <object_component id="oc-1da">
         <name>.debug_info</name>
         <load_address>0xb0f8</load_address>
         <run_address>0xb0f8</run_address>
         <size>0x190</size>
         <input_file_ref idref="fl-ce"/>
      </object_component>
      <object_component id="oc-1e0">
         <name>.debug_info</name>
         <load_address>0xb288</load_address>
         <run_address>0xb288</run_address>
         <size>0x170</size>
         <input_file_ref idref="fl-ce"/>
      </object_component>
      <object_component id="oc-36a">
         <name>.debug_info</name>
         <load_address>0xb3f8</load_address>
         <run_address>0xb3f8</run_address>
         <size>0x2c</size>
         <input_file_ref idref="fl-ce"/>
      </object_component>
      <object_component id="oc-3f">
         <name>.debug_info</name>
         <load_address>0xb424</load_address>
         <run_address>0xb424</run_address>
         <size>0x119</size>
         <input_file_ref idref="fl-cf"/>
      </object_component>
      <object_component id="oc-97">
         <name>.debug_info</name>
         <load_address>0xb53d</load_address>
         <run_address>0xb53d</run_address>
         <size>0x147</size>
         <input_file_ref idref="fl-d0"/>
      </object_component>
      <object_component id="oc-95">
         <name>.debug_info</name>
         <load_address>0xb684</load_address>
         <run_address>0xb684</run_address>
         <size>0x2d4</size>
         <input_file_ref idref="fl-d1"/>
      </object_component>
      <object_component id="oc-4c">
         <name>.debug_info</name>
         <load_address>0xb958</load_address>
         <run_address>0xb958</run_address>
         <size>0x1d2</size>
         <input_file_ref idref="fl-d1"/>
      </object_component>
      <object_component id="oc-90">
         <name>.debug_info</name>
         <load_address>0xbb2a</load_address>
         <run_address>0xbb2a</run_address>
         <size>0x46</size>
         <input_file_ref idref="fl-d1"/>
      </object_component>
      <object_component id="oc-49">
         <name>.debug_info</name>
         <load_address>0xbb70</load_address>
         <run_address>0xbb70</run_address>
         <size>0x2a8</size>
         <input_file_ref idref="fl-d2"/>
      </object_component>
      <object_component id="oc-1e">
         <name>.debug_info</name>
         <load_address>0xbe18</load_address>
         <run_address>0xbe18</run_address>
         <size>0x1ea</size>
         <input_file_ref idref="fl-d2"/>
      </object_component>
      <object_component id="oc-44">
         <name>.debug_info</name>
         <load_address>0xc002</load_address>
         <run_address>0xc002</run_address>
         <size>0x46</size>
         <input_file_ref idref="fl-d2"/>
      </object_component>
      <object_component id="oc-88">
         <name>.debug_info</name>
         <load_address>0xc048</load_address>
         <run_address>0xc048</run_address>
         <size>0x2c</size>
         <input_file_ref idref="fl-d2"/>
      </object_component>
      <object_component id="oc-86">
         <name>.debug_info</name>
         <load_address>0xc074</load_address>
         <run_address>0xc074</run_address>
         <size>0x29e</size>
         <input_file_ref idref="fl-d3"/>
      </object_component>
      <object_component id="oc-17">
         <name>.debug_info</name>
         <load_address>0xc312</load_address>
         <run_address>0xc312</run_address>
         <size>0x250</size>
         <input_file_ref idref="fl-d3"/>
      </object_component>
      <object_component id="oc-34">
         <name>.debug_info</name>
         <load_address>0xc562</load_address>
         <run_address>0xc562</run_address>
         <size>0x60</size>
         <input_file_ref idref="fl-d3"/>
      </object_component>
      <object_component id="oc-c6">
         <name>.debug_info</name>
         <load_address>0xc5c2</load_address>
         <run_address>0xc5c2</run_address>
         <size>0x46</size>
         <input_file_ref idref="fl-d3"/>
      </object_component>
      <object_component id="oc-81">
         <name>.debug_info</name>
         <load_address>0xc608</load_address>
         <run_address>0xc608</run_address>
         <size>0x39</size>
         <input_file_ref idref="fl-d3"/>
      </object_component>
      <object_component id="oc-70">
         <name>.debug_info</name>
         <load_address>0xc641</load_address>
         <run_address>0xc641</run_address>
         <size>0x3b2</size>
         <input_file_ref idref="fl-d4"/>
      </object_component>
      <object_component id="oc-25">
         <name>.debug_info</name>
         <load_address>0xc9f3</load_address>
         <run_address>0xc9f3</run_address>
         <size>0x10c</size>
         <input_file_ref idref="fl-d4"/>
      </object_component>
      <object_component id="oc-2e0">
         <name>.debug_info</name>
         <load_address>0xcaff</load_address>
         <run_address>0xcaff</run_address>
         <size>0x13f</size>
         <input_file_ref idref="fl-d4"/>
      </object_component>
      <object_component id="oc-219">
         <name>.debug_info</name>
         <load_address>0xcc3e</load_address>
         <run_address>0xcc3e</run_address>
         <size>0x168</size>
         <input_file_ref idref="fl-d4"/>
      </object_component>
      <object_component id="oc-231">
         <name>.debug_info</name>
         <load_address>0xcda6</load_address>
         <run_address>0xcda6</run_address>
         <size>0x18e</size>
         <input_file_ref idref="fl-d4"/>
      </object_component>
      <object_component id="oc-237">
         <name>.debug_info</name>
         <load_address>0xcf34</load_address>
         <run_address>0xcf34</run_address>
         <size>0x19f</size>
         <input_file_ref idref="fl-d4"/>
      </object_component>
      <object_component id="oc-181">
         <name>.debug_info</name>
         <load_address>0xd0d3</load_address>
         <run_address>0xd0d3</run_address>
         <size>0x203</size>
         <input_file_ref idref="fl-d4"/>
      </object_component>
      <object_component id="oc-380">
         <name>.debug_info</name>
         <load_address>0xd2d6</load_address>
         <run_address>0xd2d6</run_address>
         <size>0x1db</size>
         <input_file_ref idref="fl-d4"/>
      </object_component>
      <object_component id="oc-16f">
         <name>.debug_info</name>
         <load_address>0xd4b1</load_address>
         <run_address>0xd4b1</run_address>
         <size>0x1a5</size>
         <input_file_ref idref="fl-d4"/>
      </object_component>
      <object_component id="oc-2d3">
         <name>.debug_info</name>
         <load_address>0xd656</load_address>
         <run_address>0xd656</run_address>
         <size>0x299</size>
         <input_file_ref idref="fl-d4"/>
      </object_component>
      <object_component id="oc-bb">
         <name>.debug_info</name>
         <load_address>0xd8ef</load_address>
         <run_address>0xd8ef</run_address>
         <size>0xb2</size>
         <input_file_ref idref="fl-d4"/>
      </object_component>
      <object_component id="oc-b6">
         <name>.debug_info</name>
         <load_address>0xd9a1</load_address>
         <run_address>0xd9a1</run_address>
         <size>0x2c</size>
         <input_file_ref idref="fl-d4"/>
      </object_component>
      <object_component id="oc-28">
         <name>.debug_info</name>
         <load_address>0xd9cd</load_address>
         <run_address>0xd9cd</run_address>
         <size>0x10b</size>
         <input_file_ref idref="fl-d5"/>
      </object_component>
      <object_component id="oc-5d">
         <name>.debug_info</name>
         <load_address>0xdad8</load_address>
         <run_address>0xdad8</run_address>
         <size>0x1a9</size>
         <input_file_ref idref="fl-d5"/>
      </object_component>
      <object_component id="oc-2ad">
         <name>.debug_info</name>
         <load_address>0xdc81</load_address>
         <run_address>0xdc81</run_address>
         <size>0x590</size>
         <input_file_ref idref="fl-d6"/>
      </object_component>
      <object_component id="oc-278">
         <name>.debug_info</name>
         <load_address>0xe211</load_address>
         <run_address>0xe211</run_address>
         <size>0x21e</size>
         <input_file_ref idref="fl-d6"/>
      </object_component>
      <object_component id="oc-32d">
         <name>.debug_info</name>
         <load_address>0xe42f</load_address>
         <run_address>0xe42f</run_address>
         <size>0x1b3</size>
         <input_file_ref idref="fl-d6"/>
      </object_component>
      <object_component id="oc-334">
         <name>.debug_info</name>
         <load_address>0xe5e2</load_address>
         <run_address>0xe5e2</run_address>
         <size>0x21b</size>
         <input_file_ref idref="fl-d6"/>
      </object_component>
      <object_component id="oc-283">
         <name>.debug_info</name>
         <load_address>0xe7fd</load_address>
         <run_address>0xe7fd</run_address>
         <size>0x3c0</size>
         <input_file_ref idref="fl-d6"/>
      </object_component>
      <object_component id="oc-33b">
         <name>.debug_info</name>
         <load_address>0xebbd</load_address>
         <run_address>0xebbd</run_address>
         <size>0x30a</size>
         <input_file_ref idref="fl-d6"/>
      </object_component>
      <object_component id="oc-340">
         <name>.debug_info</name>
         <load_address>0xeec7</load_address>
         <run_address>0xeec7</run_address>
         <size>0x215</size>
         <input_file_ref idref="fl-d6"/>
      </object_component>
      <object_component id="oc-289">
         <name>.debug_info</name>
         <load_address>0xf0dc</load_address>
         <run_address>0xf0dc</run_address>
         <size>0x215</size>
         <input_file_ref idref="fl-d6"/>
      </object_component>
      <object_component id="oc-290">
         <name>.debug_info</name>
         <load_address>0xf2f1</load_address>
         <run_address>0xf2f1</run_address>
         <size>0x304</size>
         <input_file_ref idref="fl-d6"/>
      </object_component>
      <object_component id="oc-296">
         <name>.debug_info</name>
         <load_address>0xf5f5</load_address>
         <run_address>0xf5f5</run_address>
         <size>0x4b5</size>
         <input_file_ref idref="fl-d6"/>
      </object_component>
      <object_component id="oc-1d3">
         <name>.debug_info</name>
         <load_address>0xfaaa</load_address>
         <run_address>0xfaaa</run_address>
         <size>0x5f4</size>
         <input_file_ref idref="fl-d6"/>
      </object_component>
      <object_component id="oc-2ae">
         <name>.debug_info</name>
         <load_address>0x1009e</load_address>
         <run_address>0x1009e</run_address>
         <size>0x86</size>
         <input_file_ref idref="fl-d6"/>
      </object_component>
      <object_component id="oc-36f">
         <name>.debug_info</name>
         <load_address>0x10124</load_address>
         <run_address>0x10124</run_address>
         <size>0x39</size>
         <input_file_ref idref="fl-d6"/>
      </object_component>
      <object_component id="oc-3bf">
         <name>.debug_info</name>
         <load_address>0x1015d</load_address>
         <run_address>0x1015d</run_address>
         <size>0xb6</size>
         <input_file_ref idref="fl-d6"/>
      </object_component>
      <object_component id="oc-374">
         <name>.debug_info</name>
         <load_address>0x10213</load_address>
         <run_address>0x10213</run_address>
         <size>0x46</size>
         <input_file_ref idref="fl-d6"/>
      </object_component>
      <object_component id="oc-2b3">
         <name>.debug_info</name>
         <load_address>0x10259</load_address>
         <run_address>0x10259</run_address>
         <size>0x46</size>
         <input_file_ref idref="fl-d6"/>
      </object_component>
      <object_component id="oc-32a">
         <name>.debug_info</name>
         <load_address>0x1029f</load_address>
         <run_address>0x1029f</run_address>
         <size>0x14c</size>
         <input_file_ref idref="fl-d7"/>
      </object_component>
      <object_component id="oc-27f">
         <name>.debug_info</name>
         <load_address>0x103eb</load_address>
         <run_address>0x103eb</run_address>
         <size>0x128</size>
         <input_file_ref idref="fl-d8"/>
      </object_component>
      <object_component id="oc-313">
         <name>.debug_info</name>
         <load_address>0x10513</load_address>
         <run_address>0x10513</run_address>
         <size>0x12a</size>
         <input_file_ref idref="fl-d8"/>
      </object_component>
      <object_component id="oc-30e">
         <name>.debug_info</name>
         <load_address>0x1063d</load_address>
         <run_address>0x1063d</run_address>
         <size>0x13a</size>
         <input_file_ref idref="fl-d9"/>
      </object_component>
      <object_component id="oc-30b">
         <name>.debug_info</name>
         <load_address>0x10777</load_address>
         <run_address>0x10777</run_address>
         <size>0x13a</size>
         <input_file_ref idref="fl-da"/>
      </object_component>
      <object_component id="oc-318">
         <name>.debug_info</name>
         <load_address>0x108b1</load_address>
         <run_address>0x108b1</run_address>
         <size>0x12e</size>
         <input_file_ref idref="fl-db"/>
      </object_component>
      <object_component id="oc-323">
         <name>.debug_info</name>
         <load_address>0x109df</load_address>
         <run_address>0x109df</run_address>
         <size>0x12c</size>
         <input_file_ref idref="fl-dc"/>
      </object_component>
      <object_component id="oc-302">
         <name>.debug_info</name>
         <load_address>0x10b0b</load_address>
         <run_address>0x10b0b</run_address>
         <size>0x134</size>
         <input_file_ref idref="fl-dd"/>
      </object_component>
      <object_component id="oc-1bb">
         <name>.debug_info</name>
         <load_address>0x10c3f</load_address>
         <run_address>0x10c3f</run_address>
         <size>0x4b3</size>
         <input_file_ref idref="fl-de"/>
      </object_component>
      <object_component id="oc-f2">
         <name>.debug_info</name>
         <load_address>0x110f2</load_address>
         <run_address>0x110f2</run_address>
         <size>0x1a6</size>
         <input_file_ref idref="fl-de"/>
      </object_component>
      <object_component id="oc-25a">
         <name>.debug_info</name>
         <load_address>0x11298</load_address>
         <run_address>0x11298</run_address>
         <size>0x39</size>
         <input_file_ref idref="fl-de"/>
      </object_component>
      <object_component id="oc-2ee">
         <name>.debug_info</name>
         <load_address>0x112d1</load_address>
         <run_address>0x112d1</run_address>
         <size>0x39</size>
         <input_file_ref idref="fl-de"/>
      </object_component>
      <object_component id="oc-25f">
         <name>.debug_info</name>
         <load_address>0x1130a</load_address>
         <run_address>0x1130a</run_address>
         <size>0x39</size>
         <input_file_ref idref="fl-de"/>
      </object_component>
      <object_component id="oc-264">
         <name>.debug_info</name>
         <load_address>0x11343</load_address>
         <run_address>0x11343</run_address>
         <size>0xcd</size>
         <input_file_ref idref="fl-de"/>
      </object_component>
      <object_component id="oc-a0">
         <name>.debug_info</name>
         <load_address>0x11410</load_address>
         <run_address>0x11410</run_address>
         <size>0x153</size>
         <input_file_ref idref="fl-df"/>
      </object_component>
      <object_component id="oc-e6">
         <name>.debug_info</name>
         <load_address>0x11563</load_address>
         <run_address>0x11563</run_address>
         <size>0x122</size>
         <input_file_ref idref="fl-e1"/>
      </object_component>
      <object_component id="oc-254">
         <name>.debug_info</name>
         <load_address>0x11685</load_address>
         <run_address>0x11685</run_address>
         <size>0x2c9</size>
         <input_file_ref idref="fl-e2"/>
      </object_component>
      <object_component id="oc-1b5">
         <name>.debug_info</name>
         <load_address>0x1194e</load_address>
         <run_address>0x1194e</run_address>
         <size>0x11e</size>
         <input_file_ref idref="fl-e2"/>
      </object_component>
      <object_component id="oc-24d">
         <name>.debug_info</name>
         <load_address>0x11a6c</load_address>
         <run_address>0x11a6c</run_address>
         <size>0x12e</size>
         <input_file_ref idref="fl-e2"/>
      </object_component>
      <object_component id="oc-39a">
         <name>.debug_info</name>
         <load_address>0x11b9a</load_address>
         <run_address>0x11b9a</run_address>
         <size>0x29c</size>
         <input_file_ref idref="fl-e3"/>
      </object_component>
      <object_component id="oc-31f">
         <name>.debug_info</name>
         <load_address>0x11e36</load_address>
         <run_address>0x11e36</run_address>
         <size>0x1da</size>
         <input_file_ref idref="fl-e3"/>
      </object_component>
      <object_component id="oc-300">
         <name>.debug_info</name>
         <load_address>0x12010</load_address>
         <run_address>0x12010</run_address>
         <size>0x2b9</size>
         <input_file_ref idref="fl-e5"/>
      </object_component>
      <object_component id="oc-273">
         <name>.debug_info</name>
         <load_address>0x122c9</load_address>
         <run_address>0x122c9</run_address>
         <size>0x17c</size>
         <input_file_ref idref="fl-e5"/>
      </object_component>
      <object_component id="oc-38c">
         <name>.debug_info</name>
         <load_address>0x12445</load_address>
         <run_address>0x12445</run_address>
         <size>0xf9</size>
         <input_file_ref idref="fl-e6"/>
      </object_component>
      <object_component id="oc-2fd">
         <name>.debug_info</name>
         <load_address>0x1253e</load_address>
         <run_address>0x1253e</run_address>
         <size>0x105</size>
         <input_file_ref idref="fl-e6"/>
      </object_component>
      <object_component id="oc-35b">
         <name>.debug_info</name>
         <load_address>0x12643</load_address>
         <run_address>0x12643</run_address>
         <size>0x2a7</size>
         <input_file_ref idref="fl-e7"/>
      </object_component>
      <object_component id="oc-29c">
         <name>.debug_info</name>
         <load_address>0x128ea</load_address>
         <run_address>0x128ea</run_address>
         <size>0x1b8</size>
         <input_file_ref idref="fl-e7"/>
      </object_component>
      <object_component id="oc-3b1">
         <name>.debug_info</name>
         <load_address>0x12aa2</load_address>
         <run_address>0x12aa2</run_address>
         <size>0x29a</size>
         <input_file_ref idref="fl-e8"/>
      </object_component>
      <object_component id="oc-357">
         <name>.debug_info</name>
         <load_address>0x12d3c</load_address>
         <run_address>0x12d3c</run_address>
         <size>0x262</size>
         <input_file_ref idref="fl-e8"/>
      </object_component>
      <object_component id="oc-2fb">
         <name>.debug_info</name>
         <load_address>0x12f9e</load_address>
         <run_address>0x12f9e</run_address>
         <size>0x28f</size>
         <input_file_ref idref="fl-e9"/>
      </object_component>
      <object_component id="oc-26e">
         <name>.debug_info</name>
         <load_address>0x1322d</load_address>
         <run_address>0x1322d</run_address>
         <size>0x245</size>
         <input_file_ref idref="fl-e9"/>
      </object_component>
      <object_component id="oc-367">
         <name>.debug_info</name>
         <load_address>0x13472</load_address>
         <run_address>0x13472</run_address>
         <size>0x289</size>
         <input_file_ref idref="fl-ea"/>
      </object_component>
      <object_component id="oc-364">
         <name>.debug_info</name>
         <load_address>0x136fb</load_address>
         <run_address>0x136fb</run_address>
         <size>0x10e</size>
         <input_file_ref idref="fl-ea"/>
      </object_component>
      <object_component id="oc-2a7">
         <name>.debug_info</name>
         <load_address>0x13809</load_address>
         <run_address>0x13809</run_address>
         <size>0x14e</size>
         <input_file_ref idref="fl-ea"/>
      </object_component>
      <object_component id="oc-362">
         <name>.debug_info</name>
         <load_address>0x13957</load_address>
         <run_address>0x13957</run_address>
         <size>0x28f</size>
         <input_file_ref idref="fl-eb"/>
      </object_component>
      <object_component id="oc-2a3">
         <name>.debug_info</name>
         <load_address>0x13be6</load_address>
         <run_address>0x13be6</run_address>
         <size>0x15a</size>
         <input_file_ref idref="fl-eb"/>
      </object_component>
      <object_component id="oc-3b4">
         <name>.debug_info</name>
         <load_address>0x13d40</load_address>
         <run_address>0x13d40</run_address>
         <size>0x46</size>
         <input_file_ref idref="fl-eb"/>
      </object_component>
      <object_component id="oc-35d">
         <name>.debug_info</name>
         <load_address>0x13d86</load_address>
         <run_address>0x13d86</run_address>
         <size>0x39</size>
         <input_file_ref idref="fl-eb"/>
      </object_component>
      <object_component id="oc-3a2">
         <name>.debug_info</name>
         <load_address>0x13dbf</load_address>
         <run_address>0x13dbf</run_address>
         <size>0x295</size>
         <input_file_ref idref="fl-ec"/>
      </object_component>
      <object_component id="oc-349">
         <name>.debug_info</name>
         <load_address>0x14054</load_address>
         <run_address>0x14054</run_address>
         <size>0x195</size>
         <input_file_ref idref="fl-ec"/>
      </object_component>
      <object_component id="oc-3cc">
         <name>.debug_info</name>
         <load_address>0x141e9</load_address>
         <run_address>0x141e9</run_address>
         <size>0x39</size>
         <input_file_ref idref="fl-ec"/>
      </object_component>
      <object_component id="oc-3a3">
         <name>.debug_info</name>
         <load_address>0x14222</load_address>
         <run_address>0x14222</run_address>
         <size>0x2c</size>
         <input_file_ref idref="fl-ec"/>
      </object_component>
      <object_component id="oc-3af">
         <name>.debug_info</name>
         <load_address>0x1424e</load_address>
         <run_address>0x1424e</run_address>
         <size>0x2f8</size>
         <input_file_ref idref="fl-ed"/>
      </object_component>
      <object_component id="oc-34f">
         <name>.debug_info</name>
         <load_address>0x14546</load_address>
         <run_address>0x14546</run_address>
         <size>0x225</size>
         <input_file_ref idref="fl-ed"/>
      </object_component>
      <object_component id="oc-392">
         <name>.debug_info</name>
         <load_address>0x1476b</load_address>
         <run_address>0x1476b</run_address>
         <size>0x115</size>
         <input_file_ref idref="fl-ee"/>
      </object_component>
      <object_component id="oc-3a9">
         <name>.debug_info</name>
         <load_address>0x14880</load_address>
         <run_address>0x14880</run_address>
         <size>0x161</size>
         <input_file_ref idref="fl-ef"/>
      </object_component>
      <object_component id="oc-406">
         <name>.debug_info</name>
         <load_address>0x149e1</load_address>
         <run_address>0x149e1</run_address>
         <size>0xc4</size>
      </object_component>
      <object_component id="oc-122">
         <name>.debug_line</name>
         <load_address>0x0</load_address>
         <run_address>0x0</run_address>
         <size>0x87</size>
         <input_file_ref idref="fl-3"/>
      </object_component>
      <object_component id="oc-13b">
         <name>.debug_line</name>
         <load_address>0x87</load_address>
         <run_address>0x87</run_address>
         <size>0x148</size>
         <input_file_ref idref="fl-3"/>
      </object_component>
      <object_component id="oc-126">
         <name>.debug_line</name>
         <load_address>0x1cf</load_address>
         <run_address>0x1cf</run_address>
         <size>0x3a</size>
         <input_file_ref idref="fl-3"/>
      </object_component>
      <object_component id="oc-7a">
         <name>.debug_line</name>
         <load_address>0x209</load_address>
         <run_address>0x209</run_address>
         <size>0x7a</size>
         <input_file_ref idref="fl-3"/>
      </object_component>
      <object_component id="oc-3c">
         <name>.debug_line</name>
         <load_address>0x283</load_address>
         <run_address>0x283</run_address>
         <size>0x20</size>
         <input_file_ref idref="fl-3"/>
      </object_component>
      <object_component id="oc-c3">
         <name>.debug_line</name>
         <load_address>0x2a3</load_address>
         <run_address>0x2a3</run_address>
         <size>0x7e</size>
         <input_file_ref idref="fl-3"/>
      </object_component>
      <object_component id="oc-7f">
         <name>.debug_line</name>
         <load_address>0x321</load_address>
         <run_address>0x321</run_address>
         <size>0x7b</size>
[...]
            <compression>lzss</compression>
         </cprec>
         <cprec>
            <name>.bss</name>
            <load_address>0x4f50</load_address>
            <load_size>0x8</load_size>
            <run_address>0x20000db8</run_address>
            <run_size>0xd2</run_size>
            <compression>zero_init</compression>
         </cprec>
      </cptbl>
   </cptbl_list>
   <handler_table>
      <handler_table_name>__TI_handler_table</handler_table_name>
      <handler>
         <index>0x0</index>
         <name>__TI_decompress_lzss</name>
      </handler>
      <handler>
         <index>0x1</index>
         <name>__TI_decompress_none</name>
      </handler>
      <handler>
         <index>0x2</index>
         <name>__TI_zero_init</name>
      </handler>
   </handler_table>
   <symbol_table>
      <symbol id="sm-1">
         <name>__STACK_TOP</name>
         <value>0x20000db8</value>
      </symbol>
      <symbol id="sm-2">
         <name>__start___llvm_prf_cnts</name>
         <value>0x20000000</value>
      </symbol>
      <symbol id="sm-3">
         <name>__stop___llvm_prf_cnts</name>
         <value>0x20000000</value>
      </symbol>
      <symbol id="sm-4">
         <name>__TI_CINIT_Base</name>
         <value>0x4f58</value>
      </symbol>
      <symbol id="sm-5">
         <name>__TI_CINIT_Limit</name>
         <value>0x4f68</value>
      </symbol>
      <symbol id="sm-6">
         <name>__TI_Handler_Table_Base</name>
         <value>0x4f40</value>
      </symbol>
      <symbol id="sm-7">
         <name>__TI_Handler_Table_Limit</name>
         <value>0x4f4c</value>
      </symbol>
      <symbol id="sm-8">
         <name>binit</name>
         <value>0xffffffff</value>
      </symbol>
      <symbol id="sm-9">
         <name>__binit__</name>
         <value>0xffffffff</value>
      </symbol>
      <symbol id="sm-a">
         <name>__STACK_SIZE</name>
         <value>0x200</value>
      </symbol>
      <symbol id="sm-b">
         <name>__STACK_END</name>
         <value>0x20000db8</value>
      </symbol>
      <symbol id="sm-c">
         <name>__SYSMEM_SIZE</name>
         <value>0xbb8</value>
      </symbol>
      <symbol id="sm-d">
         <name>__c_args__</name>
         <value>0xffffffff</value>
      </symbol>
      <symbol id="sm-e">
         <name>__TI_pprof_out_hndl</name>
         <value>0xffffffff</value>
      </symbol>
      <symbol id="sm-f">
         <name>__TI_prof_data_start</name>
         <value>0xffffffff</value>
      </symbol>
      <symbol id="sm-10">
         <name>__TI_prof_data_size</name>
         <value>0xffffffff</value>
      </symbol>
      <symbol id="sm-76">
         <name>__HAL_CRC_DR_RESET</name>
         <value>0x30d7</value>
         <object_component_ref idref="oc-13a"/>
      </symbol>
      <symbol id="sm-77">
         <name>HAL_CRC_Accumulate</name>
         <value>0x30a7</value>
         <object_component_ref idref="oc-13a"/>
      </symbol>
      <symbol id="sm-78">
         <name>HAL_UART_Receive</name>
         <value>0x3021</value>
         <object_component_ref idref="oc-13a"/>
      </symbol>
      <symbol id="sm-79">
         <name>CRC_init</name>
         <value>0x30a5</value>
         <object_component_ref idref="oc-13a"/>
      </symbol>
      <symbol id="sm-7a">
         <name>HAL_FLASHEx_Erase</name>
         <value>0x30e1</value>
         <object_component_ref idref="oc-13a"/>
      </symbol>
      <symbol id="sm-7b">
         <name>HAL_UART_Transmit</name>
         <value>0x3067</value>
         <object_component_ref idref="oc-13a"/>
      </symbol>
      <symbol id="sm-7c">
         <name>HAL_FLASH_Program</name>
         <value>0x3167</value>
         <object_component_ref idref="oc-13a"/>
      </symbol>
      <symbol id="sm-af">
         <name>tc_aes128_set_decrypt_key</name>
         <value>0x2063</value>
         <object_component_ref idref="oc-158"/>
      </symbol>
      <symbol id="sm-b0">
         <name>tc_aes_decrypt</name>
         <value>0x2073</value>
         <object_component_ref idref="oc-158"/>
      </symbol>
      <symbol id="sm-ec">
         <name>tc_aes128_set_encrypt_key</name>
         <value>0x23a7</value>
         <object_component_ref idref="oc-146"/>
      </symbol>
      <symbol id="sm-ed">
         <name>tc_aes_encrypt</name>
         <value>0x24c9</value>
         <object_component_ref idref="oc-146"/>
      </symbol>
      <symbol id="sm-1d0">
         <name>huart2</name>
         <value>0x20000e89</value>
      </symbol>
      <symbol id="sm-1d1">
         <name>hcrc</name>
         <value>0x20000e88</value>
      </symbol>
      <symbol id="sm-1d2">
         <name>plainText</name>
         <value>0x20000e84</value>
      </symbol>
      <symbol id="sm-1d3">
         <name>BL_UART_Fetch_Host_Command</name>
         <value>0xcfb</value>
         <object_component_ref idref="oc-dc"/>
      </symbol>
      <symbol id="sm-1d4">
         <name>BL_Print_Message</name>
         <value>0xcbd</value>
         <object_component_ref idref="oc-dc"/>
      </symbol>
      <symbol id="sm-1ee">
         <name>tc_cbc_mode_encrypt</name>
         <value>0x3199</value>
         <object_component_ref idref="oc-14c"/>
      </symbol>
      <symbol id="sm-1ef">
         <name>tc_cbc_mode_decrypt</name>
         <value>0x3259</value>
         <object_component_ref idref="oc-14c"/>
      </symbol>
      <symbol id="sm-222">
         <name>tc_cmac_init</name>
         <value>0x2649</value>
         <object_component_ref idref="oc-17a"/>
      </symbol>
      <symbol id="sm-223">
         <name>tc_cmac_setup</name>
         <value>0x25cb</value>
         <object_component_ref idref="oc-17a"/>
      </symbol>
      <symbol id="sm-224">
         <name>tc_cmac_update</name>
         <value>0x2683</value>
         <object_component_ref idref="oc-17a"/>
      </symbol>
      <symbol id="sm-225">
         <name>gf_double</name>
         <value>0x2575</value>
         <object_component_ref idref="oc-17a"/>
      </symbol>
      <symbol id="sm-226">
         <name>tc_cmac_final</name>
         <value>0x27d3</value>
         <object_component_ref idref="oc-17a"/>
      </symbol>
      <symbol id="sm-227">
         <name>tc_cmac_erase</name>
         <value>0x262f</value>
         <object_component_ref idref="oc-17a"/>
      </symbol>
      <symbol id="sm-23b">
         <name>tc_ctr_mode</name>
         <value>0x3999</value>
         <object_component_ref idref="oc-152"/>
      </symbol>
      <symbol id="sm-247">
         <name>main</name>
         <value>0x4675</value>
         <object_component_ref idref="oc-a2"/>
      </symbol>
      <symbol id="sm-286">
         <name>tc_sha256_init</name>
         <value>0x1719</value>
         <object_component_ref idref="oc-174"/>
      </symbol>
      <symbol id="sm-287">
         <name>tc_sha256_final</name>
         <value>0x17e3</value>
         <object_component_ref idref="oc-174"/>
      </symbol>
      <symbol id="sm-288">
         <name>tc_sha256_update</name>
         <value>0x1763</value>
         <object_component_ref idref="oc-174"/>
      </symbol>
      <symbol id="sm-2a4">
         <name>ResetISR</name>
         <value>0x4681</value>
         <object_component_ref idref="oc-2a"/>
      </symbol>
      <symbol id="sm-2a5">
         <name>g_pfnVectors</name>
         <value>0x0</value>
         <object_component_ref idref="oc-12"/>
      </symbol>
      <symbol id="sm-2d7">
         <name>UART0_ReceiveData</name>
         <value>0x2fb5</value>
         <object_component_ref idref="oc-d6"/>
      </symbol>
      <symbol id="sm-2d8">
         <name>UART0_ReceiveByte</name>
         <value>0x2f1f</value>
         <object_component_ref idref="oc-d6"/>
      </symbol>
      <symbol id="sm-2d9">
         <name>UART0_SendData</name>
         <value>0x2f8d</value>
         <object_component_ref idref="oc-d6"/>
      </symbol>
      <symbol id="sm-2da">
         <name>UART0_ReceiveString</name>
         <value>0x2f55</value>
         <object_component_ref idref="oc-d6"/>
      </symbol>
      <symbol id="sm-2db">
         <name>UART0_SendByte</name>
         <value>0x2f03</value>
         <object_component_ref idref="oc-d6"/>
      </symbol>
      <symbol id="sm-2dc">
         <name>UART0_Init</name>
         <value>0x2ec3</value>
         <object_component_ref idref="oc-d6"/>
      </symbol>
      <symbol id="sm-2dd">
         <name>UART0_SendString</name>
         <value>0x2f2f</value>
         <object_component_ref idref="oc-d6"/>
      </symbol>
      <symbol id="sm-2f1">
         <name>_set</name>
         <value>0x3c6b</value>
         <object_component_ref idref="oc-1f7"/>
      </symbol>
      <symbol id="sm-2f2">
         <name>_compare</name>
         <value>0x3ca3</value>
         <object_component_ref idref="oc-1f7"/>
      </symbol>
      <symbol id="sm-2f3">
         <name>_double_byte</name>
         <value>0x3c83</value>
         <object_component_ref idref="oc-1f7"/>
      </symbol>
      <symbol id="sm-2f4">
         <name>_copy</name>
         <value>0x3c41</value>
         <object_component_ref idref="oc-1f7"/>
      </symbol>
      <symbol id="sm-321">
         <name>FlashErase</name>
         <value>0x44f5</value>
         <object_component_ref idref="oc-186"/>
      </symbol>
      <symbol id="sm-322">
         <name>FlashProgram</name>
         <value>0x4141</value>
         <object_component_ref idref="oc-1ec"/>
      </symbol>
      <symbol id="sm-33f">
         <name>Crc32</name>
         <value>0x3b75</value>
         <object_component_ref idref="oc-1e6"/>
      </symbol>
      <symbol id="sm-367">
         <name>vsprintf</name>
         <value>0x457d</value>
         <object_component_ref idref="oc-134"/>
      </symbol>
      <symbol id="sm-382">
         <name>memcpy</name>
         <value>0x3da7</value>
         <object_component_ref idref="oc-3e"/>
      </symbol>
      <symbol id="sm-383">
         <name>__aeabi_memcpy</name>
         <value>0x3da7</value>
         <object_component_ref idref="oc-3e"/>
      </symbol>
      <symbol id="sm-384">
         <name>__aeabi_memcpy8</name>
         <value>0x3da7</value>
         <object_component_ref idref="oc-3e"/>
      </symbol>
      <symbol id="sm-385">
         <name>__aeabi_memcpy4</name>
         <value>0x3da7</value>
         <object_component_ref idref="oc-3e"/>
      </symbol>
      <symbol id="sm-394">
         <name>__aeabi_memset</name>
         <value>0x3fe7</value>
         <object_component_ref idref="oc-96"/>
      </symbol>
      <symbol id="sm-395">
         <name>memset</name>
         <value>0x3fed</value>
         <object_component_ref idref="oc-96"/>
      </symbol>
      <symbol id="sm-396">
         <name>__aeabi_memset8</name>
         <value>0x3fe7</value>
         <object_component_ref idref="oc-96"/>
      </symbol>
      <symbol id="sm-397">
         <name>__aeabi_memset4</name>
         <value>0x3fe7</value>
         <object_component_ref idref="oc-96"/>
      </symbol>
      <symbol id="sm-398">
         <name>__aeabi_memclr8</name>
         <value>0x3fe5</value>
         <object_component_ref idref="oc-96"/>
      </symbol>
      <symbol id="sm-399">
         <name>__aeabi_memclr4</name>
         <value>0x3fe5</value>
         <object_component_ref idref="oc-96"/>
      </symbol>
      <symbol id="sm-39a">
         <name>__aeabi_memclr</name>
         <value>0x3fe5</value>
         <object_component_ref idref="oc-96"/>
      </symbol>
      <symbol id="sm-3ae">
         <name>__TI_zero_init_nomemset</name>
         <value>0x45a5</value>
         <object_component_ref idref="oc-4a"/>
      </symbol>
      <symbol id="sm-3c5">
         <name>__TI_decompress_none</name>
         <value>0x4667</value>
         <object_component_ref idref="oc-1b"/>
      </symbol>
      <symbol id="sm-3e8">
         <name>__TI_decompress_lzss</name>
         <value>0x41a9</value>
         <object_component_ref idref="oc-15"/>
      </symbol>
      <symbol id="sm-47d">
         <name>_sys_memory</name>
         <value>0x20000000</value>
         <object_component_ref idref="oc-24"/>
      </symbol>
      <symbol id="sm-47e">
         <name>free</name>
         <value>0x3a91</value>
         <object_component_ref idref="oc-180"/>
      </symbol>
      <symbol id="sm-47f">
         <name>memalign</name>
         <value>0x379d</value>
         <object_component_ref idref="oc-2d2"/>
      </symbol>
      <symbol id="sm-480">
         <name>calloc</name>
         <value>0x4489</value>
         <object_component_ref idref="oc-16e"/>
      </symbol>
      <symbol id="sm-481">
         <name>malloc</name>
         <value>0x46a1</value>
         <object_component_ref idref="oc-218"/>
      </symbol>
      <symbol id="sm-482">
         <name>aligned_alloc</name>
         <value>0x379d</value>
         <object_component_ref idref="oc-2d2"/>
      </symbol>
      <symbol id="sm-495">
         <name>__stack</name>
         <value>0x20000bb8</value>
         <object_component_ref idref="oc-27"/>
      </symbol>
      <symbol id="sm-496">
         <name>_c_int00_noargs</name>
         <value>0x44c1</value>
         <object_component_ref idref="oc-5c"/>
      </symbol>
      <symbol id="sm-5fb">
         <name>__TI_printfi</name>
         <value>0x26d</value>
         <object_component_ref idref="oc-1d2"/>
      </symbol>
      <symbol id="sm-612">
         <name>__aeabi_dsub</name>
         <value>0x2cb5</value>
         <object_component_ref idref="oc-327"/>
      </symbol>
      <symbol id="sm-613">
         <name>__aeabi_dadd</name>
         <value>0x2cbf</value>
         <object_component_ref idref="oc-327"/>
      </symbol>
      <symbol id="sm-635">
         <name>__aeabi_cdcmpeq</name>
         <value>0x3ed9</value>
         <object_component_ref idref="oc-27d"/>
      </symbol>
      <symbol id="sm-636">
         <name>__aeabi_cdcmple</name>
         <value>0x3ed9</value>
         <object_component_ref idref="oc-27d"/>
      </symbol>
      <symbol id="sm-637">
         <name>__aeabi_cdrcmple</name>
         <value>0x3f5f</value>
         <object_component_ref idref="oc-312"/>
      </symbol>
      <symbol id="sm-64b">
         <name>__aeabi_ddiv</name>
         <value>0x3431</value>
         <object_component_ref idref="oc-30d"/>
      </symbol>
      <symbol id="sm-656">
         <name>__aeabi_dmul</name>
         <value>0x389d</value>
         <object_component_ref idref="oc-308"/>
      </symbol>
      <symbol id="sm-660">
         <name>__aeabi_d2iz</name>
         <value>0x43bd</value>
         <object_component_ref idref="oc-317"/>
      </symbol>
      <symbol id="sm-66a">
         <name>__aeabi_i2d</name>
         <value>0x4525</value>
         <object_component_ref idref="oc-322"/>
      </symbol>
      <symbol id="sm-677">
         <name>__aeabi_uldivmod</name>
         <value>0x3e43</value>
         <object_component_ref idref="oc-301"/>
      </symbol>
      <symbol id="sm-69f">
         <name>__TI_auto_init_nobinit_nopinit</name>
         <value>0x4405</value>
         <object_component_ref idref="oc-ef"/>
      </symbol>
      <symbol id="sm-6a9">
         <name>_system_pre_init</name>
         <value>0x46a9</value>
         <object_component_ref idref="oc-9c"/>
      </symbol>
      <symbol id="sm-6b5">
         <name>C$$EXIT</name>
         <value>0x46ad</value>
         <object_component_ref idref="oc-e3"/>
      </symbol>
      <symbol id="sm-6b6">
         <name>abort</name>
         <value>0x46ad</value>
         <object_component_ref idref="oc-e3"/>
      </symbol>
      <symbol id="sm-6cb">
         <name>_nop</name>
         <value>0xcbb</value>
         <object_component_ref idref="oc-24c"/>
      </symbol>
      <symbol id="sm-6cc">
         <name>_lock</name>
         <value>0x20000e8c</value>
         <object_component_ref idref="oc-1b4"/>
      </symbol>
      <symbol id="sm-6cd">
         <name>_unlock</name>
         <value>0x20000e90</value>
         <object_component_ref idref="oc-1b4"/>
      </symbol>
      <symbol id="sm-6dc">
         <name>__TI_ltoa</name>
         <value>0x42cb</value>
         <object_component_ref idref="oc-31c"/>
      </symbol>
      <symbol id="sm-6f3">
         <name>atoi</name>
         <value>0x4371</value>
         <object_component_ref idref="oc-271"/>
      </symbol>
      <symbol id="sm-6fe">
         <name>_ctypes_</name>
         <value>0x4ab0</value>
         <object_component_ref idref="oc-2fc"/>
      </symbol>
      <symbol id="sm-70e">
         <name>memccpy</name>
         <value>0x45dd</value>
         <object_component_ref idref="oc-29a"/>
      </symbol>
      <symbol id="sm-71e">
         <name>strchr</name>
         <value>0x462b</value>
         <object_component_ref idref="oc-353"/>
      </symbol>
      <symbol id="sm-72c">
         <name>strlen</name>
         <value>0x4641</value>
         <object_component_ref idref="oc-26b"/>
      </symbol>
      <symbol id="sm-742">
         <name>__aeabi_errno_addr</name>
         <value>0x4699</value>
         <object_component_ref idref="oc-2a6"/>
      </symbol>
      <symbol id="sm-743">
         <name>errno</name>
         <value>0x20000eac</value>
         <object_component_ref idref="oc-363"/>
      </symbol>
      <symbol id="sm-75c">
         <name>wcslen</name>
         <value>0x4655</value>
         <object_component_ref idref="oc-2a0"/>
      </symbol>
      <symbol id="sm-77c">
         <name>frexpl</name>
         <value>0x4211</value>
         <object_component_ref idref="oc-347"/>
      </symbol>
      <symbol id="sm-77d">
         <name>frexp</name>
         <value>0x4211</value>
         <object_component_ref idref="oc-347"/>
      </symbol>
      <symbol id="sm-79a">
         <name>scalbn</name>
         <value>0x368d</value>
         <object_component_ref idref="oc-34d"/>
      </symbol>
      <symbol id="sm-79b">
         <name>scalbnl</name>
         <value>0x368d</value>
         <object_component_ref idref="oc-34d"/>
      </symbol>
      <symbol id="sm-79c">
         <name>ldexpl</name>
         <value>0x368d</value>
         <object_component_ref idref="oc-34d"/>
      </symbol>
      <symbol id="sm-79d">
         <name>ldexp</name>
         <value>0x368d</value>
         <object_component_ref idref="oc-34d"/>
      </symbol>
      <symbol id="sm-7a7">
         <name>__aeabi_idiv0</name>
         <value>0x2873</value>
         <object_component_ref idref="oc-38f"/>
      </symbol>
      <symbol id="sm-7a8">
         <name>__aeabi_ldiv0</name>
         <value>0x2873</value>
         <object_component_ref idref="oc-38f"/>
      </symbol>
      <symbol id="sm-7b2">
         <name>copysign</name>
         <value>0x45f9</value>
         <object_component_ref idref="oc-3a8"/>
      </symbol>
      <symbol id="sm-7b3">
         <name>copysignl</name>
         <value>0x45f9</value>
         <object_component_ref idref="oc-3a8"/>
      </symbol>
      <symbol id="sm-7b4">
         <name>__TI_static_base__</name>
         <value>0x0</value>
      </symbol>
      <symbol id="sm-7b7">
         <name>__mpu_init</name>
         <value>0x0</value>
      </symbol>
      <symbol id="sm-7b8">
         <name>_system_post_cinit</name>
         <value>0x0</value>
      </symbol>
   </symbol_table>
   <title>Link successful</title>
</link_info>
