Component: Arm Compiler for Embedded 6.22 Tool: armlink [5ee90200]

==============================================================================

Section Cross References

    main.o(.text.main) refers to sysctl.o(i.SysCtlPeripheralEnable) for SysCtlPeripheralEnable
    main.o(.text.main) refers to sysctl.o(i.SysCtlPeripheralReady) for SysCtlPeripheralReady
    main.o(.text.main) refers to wrapper_functions.o(.text.CRC_init) for CRC_init
    main.o(.text.main) refers to aes.o(i.AESReset) for AESReset
    main.o(.text.main) refers to sysctl.o(i.SysCtlClockGet) for SysCtlClockGet
    main.o(.text.main) refers to uart.o(i.UARTConfigSetExpClk) for UARTConfigSetExpClk
    main.o(.text.main) refers to bootloader.o(.text.BL_UART_Fetch_Host_Command) for BL_UART_Fetch_Host_Command
    main.o(.ARM.exidx.text.main) refers to main.o(.text.main) for [Anonymous Symbol]
    bootloader.o(.text.BL_Print_Message) refers to rt_memclr.o(.text) for __aeabi_memclr
    bootloader.o(.text.BL_Print_Message) refers to vsprintf.o(.text) for vsprintf
    bootloader.o(.text.BL_Print_Message) refers to bootloader.o(.bss.huart2) for huart2
    bootloader.o(.text.BL_Print_Message) refers to wrapper_functions.o(.text.HAL_UART_Transmit) for HAL_UART_Transmit
    bootloader.o(.ARM.exidx.text.BL_Print_Message) refers to bootloader.o(.text.BL_Print_Message) for [Anonymous Symbol]
    bootloader.o(.text.BL_UART_Fetch_Host_Command) refers to bootloader.o(.bss.BL_Host_Buffer) for BL_Host_Buffer
    bootloader.o(.text.BL_UART_Fetch_Host_Command) refers to rt_memclr.o(.text) for __aeabi_memclr
    bootloader.o(.text.BL_UART_Fetch_Host_Command) refers to bootloader.o(.bss.huart2) for huart2
    bootloader.o(.text.BL_UART_Fetch_Host_Command) refers to wrapper_functions.o(.text.HAL_UART_Receive) for HAL_UART_Receive
    bootloader.o(.text.BL_UART_Fetch_Host_Command) refers to bootloader.o(.text.Bootloader_Get_Version) for Bootloader_Get_Version
    bootloader.o(.text.BL_UART_Fetch_Host_Command) refers to bootloader.o(.text.Bootloader_Get_Help) for Bootloader_Get_Help
    bootloader.o(.text.BL_UART_Fetch_Host_Command) refers to bootloader.o(.text.Bootloader_Get_Chip_Identification_Number) for Bootloader_Get_Chip_Identification_Number
    bootloader.o(.text.BL_UART_Fetch_Host_Command) refers to bootloader.o(.text.Bootloader_Jump_To_Address) for Bootloader_Jump_To_Address
    bootloader.o(.text.BL_UART_Fetch_Host_Command) refers to bootloader.o(.text.Bootloader_Erase_Flash) for Bootloader_Erase_Flash
    bootloader.o(.text.BL_UART_Fetch_Host_Command) refers to bootloader.o(.text.Bootloader_Memory_Write) for Bootloader_Memory_Write
    bootloader.o(.text.BL_UART_Fetch_Host_Command) refers to bootloader.o(.rodata.str1.1) for .L.str
    bootloader.o(.text.BL_UART_Fetch_Host_Command) refers to bootloader.o(.text.BL_Print_Message) for BL_Print_Message
    bootloader.o(.ARM.exidx.text.BL_UART_Fetch_Host_Command) refers to bootloader.o(.text.BL_UART_Fetch_Host_Command) for [Anonymous Symbol]
    bootloader.o(.text.Bootloader_Get_Version) refers to bootloader.o(.rodata.str1.1) for .L.str.1
    bootloader.o(.text.Bootloader_Get_Version) refers to bootloader.o(.text.BL_Print_Message) for BL_Print_Message
    bootloader.o(.text.Bootloader_Get_Version) refers to bootloader.o(.text.Bootloader_CRC_Verify) for Bootloader_CRC_Verify
    bootloader.o(.text.Bootloader_Get_Version) refers to bootloader.o(.text.Bootloader_Send_ACK) for Bootloader_Send_ACK
    bootloader.o(.text.Bootloader_Get_Version) refers to bootloader.o(.text.Bootloader_Send_Data_To_Host) for Bootloader_Send_Data_To_Host
    bootloader.o(.text.Bootloader_Get_Version) refers to bootloader.o(.text.Bootloader_Send_NACK) for Bootloader_Send_NACK
    bootloader.o(.ARM.exidx.text.Bootloader_Get_Version) refers to bootloader.o(.text.Bootloader_Get_Version) for [Anonymous Symbol]
    bootloader.o(.text.Bootloader_Get_Help) refers to bootloader.o(.rodata.str1.1) for .L.str.5
    bootloader.o(.text.Bootloader_Get_Help) refers to bootloader.o(.text.BL_Print_Message) for BL_Print_Message
    bootloader.o(.text.Bootloader_Get_Help) refers to bootloader.o(.text.Bootloader_CRC_Verify) for Bootloader_CRC_Verify
    bootloader.o(.text.Bootloader_Get_Help) refers to bootloader.o(.text.Bootloader_Send_ACK) for Bootloader_Send_ACK
    bootloader.o(.text.Bootloader_Get_Help) refers to bootloader.o(.data.Bootloader_Supported_CMDs) for Bootloader_Supported_CMDs
    bootloader.o(.text.Bootloader_Get_Help) refers to bootloader.o(.text.Bootloader_Send_Data_To_Host) for Bootloader_Send_Data_To_Host
    bootloader.o(.text.Bootloader_Get_Help) refers to bootloader.o(.text.Bootloader_Send_NACK) for Bootloader_Send_NACK
    bootloader.o(.ARM.exidx.text.Bootloader_Get_Help) refers to bootloader.o(.text.Bootloader_Get_Help) for [Anonymous Symbol]
    bootloader.o(.text.Bootloader_Get_Chip_Identification_Number) refers to bootloader.o(.rodata.str1.1) for .L.str.6
[...]
    .ARM.Collect$$rtexit$$00000003           0x000003e0   Section        4  rtexit2.o(.ARM.Collect$$rtexit$$00000003)
    .ARM.Collect$$rtexit$$00000004           0x000003e4   Section        6  rtexit2.o(.ARM.Collect$$rtexit$$00000004)
    $v0                                      0x000003ec   Number         0  startup_tm4c123.o(.text)
    .text                                    0x000003ec   Section      276  startup_tm4c123.o(.text)
    .text                                    0x00000500   Section        0  h1_alloc.o(.text)
    .text                                    0x0000055e   Section        0  h1_free.o(.text)
    .text                                    0x000005ac   Section        0  vsprintf.o(.text)
    .text                                    0x000005d0   Section       68  rt_memclr.o(.text)
    .text                                    0x00000614   Section        0  heapauxi.o(.text)
    .text                                    0x0000061c   Section        8  rt_heap_descriptor_intlibspace.o(.text)
    .text                                    0x00000624   Section        0  hguard.o(.text)
    .text                                    0x00000628   Section        0  init_alloc.o(.text)
    .text                                    0x000006b2   Section        0  h1_init.o(.text)
    .text                                    0x000006be   Section        0  _printf_pad.o(.text)
    .text                                    0x0000070c   Section        0  _printf_truncate.o(.text)
    .text                                    0x00000730   Section        0  _printf_str.o(.text)
    .text                                    0x00000784   Section        0  _printf_dec.o(.text)
    .text                                    0x000007fc   Section        0  _printf_charcount.o(.text)
    _printf_input_char                       0x00000825   Thumb Code    10  _printf_char_common.o(.text)
    .text                                    0x00000824   Section        0  _printf_char_common.o(.text)
    .text                                    0x00000854   Section        0  _sputc.o(.text)
    .text                                    0x00000860   Section        0  _printf_wctomb.o(.text)
    .text                                    0x0000091c   Section        0  _printf_longlong_dec.o(.text)
    _printf_longlong_oct_internal            0x00000999   Thumb Code     0  _printf_oct_int_ll.o(.text)
    .text                                    0x00000998   Section        0  _printf_oct_int_ll.o(.text)
    _printf_hex_common                       0x00000a09   Thumb Code     0  _printf_hex_int_ll_ptr.o(.text)
    .text                                    0x00000a08   Section        0  _printf_hex_int_ll_ptr.o(.text)
    .text                                    0x00000a9c   Section        0  __printf_flags_ss_wp.o(.text)
    .text                                    0x00000c24   Section       78  rt_memclr_w.o(.text)
    .text                                    0x00000c74   Section        8  libspace.o(.text)
    .text                                    0x00000c7c   Section        0  maybetermalloc1.o(.text)
    .text                                    0x00000c7c   Section        0  h1_extend.o(.text)
    .text                                    0x00000cb0   Section      138  lludiv10.o(.text)
    .text                                    0x00000d3a   Section        0  _printf_intcommon.o(.text)
    _fp_digits                               0x00000ded   Thumb Code   432  _printf_fp_dec.o(.text)
    .text                                    0x00000dec   Section        0  _printf_fp_dec.o(.text)
    .text                                    0x00001208   Section        0  _printf_fp_hex.o(.text)
    .text                                    0x00001504   Section        0  _printf_char.o(.text)
    .text                                    0x00001530   Section        0  _printf_wchar.o(.text)
    .text                                    0x0000155c   Section        0  _c16rtomb.o(.text)
    .text                                    0x000015a4   Section        0  defsig_rtmem_outer.o(.text)
    .text                                    0x000015b2   Section        2  use_no_semi.o(.text)
    .text                                    0x000015b4   Section        0  indicate_semi.o(.text)
    .text                                    0x000015b4   Section       74  sys_stackheap_outer.o(.text)
    .text                                    0x00001600   Section       16  rt_ctype_table.o(.text)
    .text                                    0x00001610   Section        8  rt_locale_intlibspace.o(.text)
    .text                                    0x00001618   Section        0  _printf_fp_infnan.o(.text)
    .text                                    0x00001698   Section        0  bigflt0.o(.text)
    .text                                    0x0000177c   Section        0  exit.o(.text)
    .text                                    0x0000178e   Section        0  defsig_exit.o(.text)
    .text                                    0x00001798   Section        0  defsig_rtmem_inner.o(.text)
    .text                                    0x000017e8   Section        0  sys_exit.o(.text)
    .text                                    0x000017f4   Section        0  defsig_general.o(.text)
    .text                                    0x00001828   Section      124  strcmpv7em.o(.text)
    .text                                    0x000018a4   Section        0  sys_wrch.o(.text)
    [Anonymous Symbol]                       0x000018b4   Section        0  bootloader.o(.text.BL_Print_Message)
    [Anonymous Symbol]                       0x000018fc   Section        0  bootloader.o(.text.BL_UART_Fetch_Host_Command)
    Bootloader_CRC_Verify                    0x00001a39   Thumb Code   130  bootloader.o(.text.Bootloader_CRC_Verify)
    [Anonymous Symbol]                       0x00001a38   Section        0  bootloader.o(.text.Bootloader_CRC_Verify)
    Bootloader_Erase_Flash                   0x00001abd   Thumb Code   188  bootloader.o(.text.Bootloader_Erase_Flash)
    [Anonymous Symbol]                       0x00001abc   Section        0  bootloader.o(.text.Bootloader_Erase_Flash)
    Bootloader_Get_Chip_Identification_Number 0x00001b79   Thumb Code   146  bootloader.o(.text.Bootloader_Get_Chip_Identification_Number)
    [Anonymous Symbol]                       0x00001b78   Section        0  bootloader.o(.text.Bootloader_Get_Chip_Identification_Number)
    Bootloader_Get_Help                      0x00001c0d   Thumb Code   128  bootloader.o(.text.Bootloader_Get_Help)
    [Anonymous Symbol]                       0x00001c0c   Section        0  bootloader.o(.text.Bootloader_Get_Help)
    Bootloader_Get_Version                   0x00001c8d   Thumb Code   152  bootloader.o(.text.Bootloader_Get_Version)
    [Anonymous Symbol]                       0x00001c8c   Section        0  bootloader.o(.text.Bootloader_Get_Version)
    Bootloader_Jump_To_Address               0x00001d25   Thumb Code   438  bootloader.o(.text.Bootloader_Jump_To_Address)
    [Anonymous Symbol]                       0x00001d24   Section        0  bootloader.o(.text.Bootloader_Jump_To_Address)
    Bootloader_Memory_Write                  0x00001edd   Thumb Code   446  bootloader.o(.text.Bootloader_Memory_Write)
    [Anonymous Symbol]                       0x00001edc   Section        0  bootloader.o(.text.Bootloader_Memory_Write)
    Bootloader_Send_ACK                      0x0000209d   Thumb Code    52  bootloader.o(.text.Bootloader_Send_ACK)
    [Anonymous Symbol]                       0x0000209c   Section        0  bootloader.o(.text.Bootloader_Send_ACK)
    Bootloader_Send_Data_To_Host             0x000020d1   Thumb Code    34  bootloader.o(.text.Bootloader_Send_Data_To_Host)
    [Anonymous Symbol]                       0x000020d0   Section        0  bootloader.o(.text.Bootloader_Send_Data_To_Host)
    Bootloader_Send_NACK                     0x000020f5   Thumb Code    36  bootloader.o(.text.Bootloader_Send_NACK)
    [Anonymous Symbol]                       0x000020f4   Section        0  bootloader.o(.text.Bootloader_Send_NACK)
    [Anonymous Symbol]                       0x00002118   Section        0  wrapper_functions.o(.text.CRC_init)
    Flash_Memory_Write_Payload               0x00002145   Thumb Code   200  bootloader.o(.text.Flash_Memory_Write_Payload)
    [Anonymous Symbol]                       0x00002144   Section        0  bootloader.o(.text.Flash_Memory_Write_Payload)
    [Anonymous Symbol]                       0x0000220c   Section        0  wrapper_functions.o(.text.HAL_CRC_Accumulate)
    [Anonymous Symbol]                       0x00002230   Section        0  wrapper_functions.o(.text.HAL_FLASHEx_Erase)
    [Anonymous Symbol]                       0x000022c4   Section        0  wrapper_functions.o(.text.HAL_FLASH_Program)
    [Anonymous Symbol]                       0x000022fc   Section        0  wrapper_functions.o(.text.HAL_UART_Receive)
    [Anonymous Symbol]                       0x00002348   Section        0  wrapper_functions.o(.text.HAL_UART_Transmit)
    Host_Address_Verification                0x0000238d   Thumb Code    54  bootloader.o(.text.Host_Address_Verification)
    [Anonymous Symbol]                       0x0000238c   Section        0  bootloader.o(.text.Host_Address_Verification)
    Perform_Flash_Erase                      0x000023c5   Thumb Code   200  bootloader.o(.text.Perform_Flash_Erase)
    [Anonymous Symbol]                       0x000023c4   Section        0  bootloader.o(.text.Perform_Flash_Erase)
    [Anonymous Symbol]                       0x0000248c   Section        0  system_tm4c123.o(.text.SystemInit)
    [Anonymous Symbol]                       0x00002598   Section        0  wrapper_functions.o(.text.__HAL_CRC_DR_RESET)
    [Anonymous Symbol]                       0x000025b4   Section        0  main.o(.text.main)
    CL$$btod_d2e                             0x0000262c   Section       62  btod.o(CL$$btod_d2e)
    CL$$btod_d2e_denorm_low                  0x0000266a   Section       70  btod.o(CL$$btod_d2e_denorm_low)
    CL$$btod_d2e_norm_op1                    0x000026b0   Section       96  btod.o(CL$$btod_d2e_norm_op1)
    CL$$btod_div_common                      0x00002710   Section      824  btod.o(CL$$btod_div_common)
    CL$$btod_e2e                             0x00002a48   Section      220  btod.o(CL$$btod_e2e)
    CL$$btod_ediv                            0x00002b24   Section       42  btod.o(CL$$btod_ediv)
    CL$$btod_emul                            0x00002b4e   Section       42  btod.o(CL$$btod_emul)
    CL$$btod_mult_common                     0x00002b78   Section      580  btod.o(CL$$btod_mult_common)
    i.AESConfigSet                           0x00002dbc   Section        0  aes.o(i.AESConfigSet)
    i.AESDataProcess                         0x00002dcc   Section        0  aes.o(i.AESDataProcess)
    i.AESIVSet                               0x00002e40   Section        0  aes.o(i.AESIVSet)
    i.AESKey1Set                             0x00002e52   Section        0  aes.o(i.AESKey1Set)
    i.AESReset                               0x00002e80   Section        0  aes.o(i.AESReset)
    i.CRCConfigSet                           0x00002e98   Section        0  crc.o(i.CRCConfigSet)
    i.CRCDataProcess                         0x00002e9e   Section        0  crc.o(i.CRCDataProcess)
    i.CRCSeedSet                             0x00002ee2   Section        0  crc.o(i.CRCSeedSet)
    i.FlashErase                             0x00002ee8   Section        0  flash.o(i.FlashErase)
    i.FlashProgram                           0x00002f14   Section        0  flash.o(i.FlashProgram)
    i.SysCtlClockGet                         0x00002f7c   Section        0  sysctl.o(i.SysCtlClockGet)
    i.SysCtlPeripheralEnable                 0x000030d0   Section        0  sysctl.o(i.SysCtlPeripheralEnable)
    i.SysCtlPeripheralReady                  0x000030f8   Section        0  sysctl.o(i.SysCtlPeripheralReady)
    i.UARTCharGet                            0x00003124   Section        0  uart.o(i.UARTCharGet)
    i.UARTCharPut                            0x00003130   Section        0  uart.o(i.UARTCharPut)
    i.UARTConfigSetExpClk                    0x0000313c   Section        0  uart.o(i.UARTConfigSetExpClk)
    i.__ARM_fpclassify                       0x000031aa   Section        0  fpclassify.o(i.__ARM_fpclassify)
    i._is_digit                              0x000031da   Section        0  __printf_wp.o(i._is_digit)
    locale$$code                             0x000031e8   Section       44  lc_numeric_c.o(locale$$code)
    locale$$code                             0x00003214   Section       44  lc_ctype_c.o(locale$$code)
    $v0                                      0x00003240   Number         0  fpinit.o(x$fpl$fpinit)
    x$fpl$fpinit                             0x00003240   Section       26  fpinit.o(x$fpl$fpinit)
    $v0                                      0x0000325a   Number         0  printf1.o(x$fpl$printf1)
    x$fpl$printf1                            0x0000325a   Section        4  printf1.o(x$fpl$printf1)
    $v0                                      0x0000325e   Number         0  printf2.o(x$fpl$printf2)
    x$fpl$printf2                            0x0000325e   Section        4  printf2.o(x$fpl$printf2)
    x$fpl$usenofp                            0x00003262   Section        0  usenofp.o(x$fpl$usenofp)
    g_pui32VCOFrequencies                    0x00003264   Data           8  sysctl.o(.constdata)
    .constdata                               0x00003264   Section      596  sysctl.o(.constdata)
    g_pui32Xtals                             0x0000326c   Data         108  sysctl.o(.constdata)
    g_pppui32XTALtoVCO                       0x000032d8   Data         432  sysctl.o(.constdata)
    g_sXTALtoMEMTIM                          0x00003488   Data          48  sysctl.o(.constdata)
    initial_mbstate                          0x000034b8   Data           8  _printf_wctomb.o(.constdata)
    .constdata                               0x000034b8   Section        8  _printf_wctomb.o(.constdata)
    uc_hextab                                0x000034c0   Data          20  _printf_hex_int_ll_ptr.o(.constdata)
    .constdata                               0x000034c0   Section       40  _printf_hex_int_ll_ptr.o(.constdata)
    lc_hextab                                0x000034d4   Data          20  _printf_hex_int_ll_ptr.o(.constdata)
    maptable                                 0x000034e8   Data          17  __printf_flags_ss_wp.o(.constdata)
    .constdata                               0x000034e8   Section       17  __printf_flags_ss_wp.o(.constdata)
    lc_hextab                                0x000034f9   Data          19  _printf_fp_hex.o(.constdata)
    .constdata                               0x000034f9   Section       38  _printf_fp_hex.o(.constdata)
    uc_hextab                                0x0000350c   Data          19  _printf_fp_hex.o(.constdata)
    tenpwrs_x                                0x00003520   Data          60  bigflt0.o(.constdata)
    .constdata                               0x00003520   Section      148  bigflt0.o(.constdata)
    tenpwrs_i                                0x0000355c   Data          64  bigflt0.o(.constdata)
    .L.str                                   0x000035b4   Data          46  bootloader.o(.rodata.str1.1)
    [Anonymous Symbol]                       0x000035b4   Section        0  bootloader.o(.rodata.str1.1)
    .L.str.8                                 0x000035e2   Data          28  bootloader.o(.rodata.str1.1)
    .L.str.9                                 0x000035fe   Data          19  bootloader.o(.rodata.str1.1)
    .L.str.13                                0x00003611   Data          49  bootloader.o(.rodata.str1.1)
    .L.str.1                                 0x00003642   Data          44  bootloader.o(.rodata.str1.1)
    .L.str.14                                0x0000366e   Data          23  bootloader.o(.rodata.str1.1)
    .L.str.3                                 0x00003685   Data          28  bootloader.o(.rodata.str1.1)
    .L.str.7                                 0x000036a1   Data          34  bootloader.o(.rodata.str1.1)
    .L.str.4                                 0x000036c3   Data          27  bootloader.o(.rodata.str1.1)
    .L.str.2                                 0x000036de   Data          27  bootloader.o(.rodata.str1.1)
    .L.str.15                                0x000036f9   Data          17  bootloader.o(.rodata.str1.1)
    .L.str.16                                0x0000370a   Data          19  bootloader.o(.rodata.str1.1)
    .L.str.11                                0x0000371d   Data          20  bootloader.o(.rodata.str1.1)
    .L.str.10                                0x00003731   Data          48  bootloader.o(.rodata.str1.1)
    .L.str.6                                 0x00003761   Data          43  bootloader.o(.rodata.str1.1)
    .L.str.5                                 0x0000378c   Data          48  bootloader.o(.rodata.str1.1)
    .L.str.12                                0x000037bc   Data          26  bootloader.o(.rodata.str1.1)
    locale$$data                             0x000037f8   Section       28  lc_numeric_c.o(locale$$data)
    __lcnum_c_name                           0x000037fc   Data           2  lc_numeric_c.o(locale$$data)
    __lcnum_c_start                          0x00003804   Data           0  lc_numeric_c.o(locale$$data)
    __lcnum_c_point                          0x00003810   Data           0  lc_numeric_c.o(locale$$data)
    __lcnum_c_thousands                      0x00003812   Data           0  lc_numeric_c.o(locale$$data)
    __lcnum_c_grouping                       0x00003813   Data           0  lc_numeric_c.o(locale$$data)
    __lcnum_c_end                            0x00003814   Data           0  lc_numeric_c.o(locale$$data)
    locale$$data                             0x00003814   Section      272  lc_ctype_c.o(locale$$data)
    __lcctype_c_name                         0x00003818   Data           2  lc_ctype_c.o(locale$$data)
    __lcctype_c_start                        0x00003820   Data           0  lc_ctype_c.o(locale$$data)
    __lcctype_c_end                          0x00003924   Data           0  lc_ctype_c.o(locale$$data)
    Bootloader_Supported_CMDs                0x20000050   Data          12  bootloader.o(.data.Bootloader_Supported_CMDs)
    [Anonymous Symbol]                       0x20000050   Section        0  bootloader.o(.data.Bootloader_Supported_CMDs)
    .bss                                     0x20000060   Section       96  libspace.o(.bss)
    BL_Host_Buffer                           0x200000c0   Data         200  bootloader.o(.bss.BL_Host_Buffer)
    [Anonymous Symbol]                       0x200000c0   Section        0  bootloader.o(.bss.BL_Host_Buffer)
    CipherAddress                            0x20000188   Data           4  bootloader.o(.bss.CipherAddress)
    [Anonymous Symbol]                       0x20000188   Section        0  bootloader.o(.bss.CipherAddress)
    programAddress                           0x20000190   Data           4  bootloader.o(.bss.programAddress)
    [Anonymous Symbol]                       0x20000190   Section        0  bootloader.o(.bss.programAddress)
    programSize                              0x20000194   Data           4  bootloader.o(.bss.programSize)
    [Anonymous Symbol]                       0x20000194   Section        0  bootloader.o(.bss.programSize)
    Heap_Mem                                 0x20000198   Data           0  startup_tm4c123.o(HEAP)
    Stack_Mem                                0x20000198   Data         512  startup_tm4c123.o(STACK)
    HEAP                                     0x20000198   Section        0  startup_tm4c123.o(HEAP)
    STACK                                    0x20000198   Section      512  startup_tm4c123.o(STACK)
    __initial_sp                             0x20000398   Data           0  startup_tm4c123.o(STACK)

    Global Symbols

    Symbol Name                              Value     Ov Type        Size  Object(Section)

    BuildAttributes$$THM_ISAv4$E$P$D$K$B$S$7EM$VFPi3$EXTD16$VFPS$VFMA$PE$A:L22UL41UL21$X:L11$S22US41US21$IEEE1$IW$~IW$USESV6$~STKCKD$USESV7$~SHL$OTIME$ROPI$IEEEJ$EBA8$UX$STANDARDLIB$REQ8$PRES8$EABIv2 0x00000000   Number         0  anon$$obj.o ABSOLUTE
    __Vectors                                0x00000000   Data           4  startup_tm4c123.o(RESET)
    _printf_flags                            0x00000000   Number         0  printf_stubs.o ABSOLUTE
    _printf_return_value                     0x00000000   Number         0  printf_stubs.o ABSOLUTE
    _printf_sizespec                         0x00000000   Number         0  printf_stubs.o ABSOLUTE
    _printf_widthprec                        0x00000000   Number         0  printf_stubs.o ABSOLUTE
    __ARM_exceptions_init                     - Undefined Weak Reference
    __alloca_initialize                       - Undefined Weak Reference
    __arm_preinit_                            - Undefined Weak Reference
    __arm_relocate_pie_                       - Undefined Weak Reference
    __cpp_initialize__aeabi_                  - Undefined Weak Reference
    __cxa_finalize                            - Undefined Weak Reference
    __sigvec_lookup                           - Undefined Weak Reference
    __user_heap_extent                        - Undefined Weak Reference
    _atexit_init                              - Undefined Weak Reference
    _call_atexit_fns                          - Undefined Weak Reference
    _clock_init                               - Undefined Weak Reference
    _fp_trap_init                             - Undefined Weak Reference
    _fp_trap_shutdown                         - Undefined Weak Reference
    _get_lc_collate                           - Undefined Weak Reference
    _get_lc_monetary                          - Undefined Weak Reference
    _get_lc_time                              - Undefined Weak Reference
    _getenv_init                              - Undefined Weak Reference
    _handle_redirection                       - Undefined Weak Reference
    _initio                                   - Undefined Weak Reference
    _mutex_acquire                            - Undefined Weak Reference
    _mutex_free                               - Undefined Weak Reference
    _mutex_release                            - Undefined Weak Reference
    _printf_mbtowc                            - Undefined Weak Reference
    _printf_wc                                - Undefined Weak Reference
    _rand_init                                - Undefined Weak Reference
    _signal_finish                            - Undefined Weak Reference
    _signal_init                              - Undefined Weak Reference
    _terminateio                              - Undefined Weak Reference
    __Vectors_End                            0x0000026c   Data           0  startup_tm4c123.o(RESET)
    __Vectors_Size                           0x0000026c   Number         0  startup_tm4c123.o ABSOLUTE
    __main                                   0x0000026d   Thumb Code     8  __main.o(!!!main)
    __scatterload                            0x00000275   Thumb Code     0  __scatter.o(!!!scatter)
    __scatterload_rt2                        0x00000275   Thumb Code    84  __scatter.o(!!!scatter)
    __scatterload_rt2_thumb_only             0x00000275   Thumb Code     0  __scatter.o(!!!scatter)
    __scatterload_loop                       0x0000027f   Thumb Code     0  __scatter.o(!!!scatter)
    __scatterload_copy                       0x000002d1   Thumb Code    26  __scatter_copy.o(!!handler_copy)
    __scatterload_null                       0x000002ed   Thumb Code     2  __scatter.o(!!handler_null)
    __scatterload_zeroinit                   0x000002f1   Thumb Code    28  __scatter_zi.o(!!handler_zi)
    _printf_n                                0x0000030d   Thumb Code     0  _printf_n.o(.ARM.Collect$$_printf_percent$$00000001)
    _printf_percent                          0x0000030d   Thumb Code     0  _printf_percent.o(.ARM.Collect$$_printf_percent$$00000000)
    _printf_p                                0x00000313   Thumb Code     0  _printf_p.o(.ARM.Collect$$_printf_percent$$00000002)
    _printf_f                                0x00000319   Thumb Code     0  _printf_f.o(.ARM.Collect$$_printf_percent$$00000003)
    _printf_e                                0x0000031f   Thumb Code     0  _printf_e.o(.ARM.Collect$$_printf_percent$$00000004)
    _printf_g                                0x00000325   Thumb Code     0  _printf_g.o(.ARM.Collect$$_printf_percent$$00000005)
    _printf_a                                0x0000032b   Thumb Code     0  _printf_a.o(.ARM.Collect$$_printf_percent$$00000006)
    _printf_ll                               0x00000331   Thumb Code     0  _printf_ll.o(.ARM.Collect$$_printf_percent$$00000007)
    _printf_i                                0x0000033b   Thumb Code     0  _printf_i.o(.ARM.Collect$$_printf_percent$$00000008)
    _printf_d                                0x00000341   Thumb Code     0  _printf_d.o(.ARM.Collect$$_printf_percent$$00000009)
    _printf_u                                0x00000347   Thumb Code     0  _printf_u.o(.ARM.Collect$$_printf_percent$$0000000A)
    _printf_o                                0x0000034d   Thumb Code     0  _printf_o.o(.ARM.Collect$$_printf_percent$$0000000B)
    _printf_x                                0x00000353   Thumb Code     0  _printf_x.o(.ARM.Collect$$_printf_percent$$0000000C)
    _printf_lli                              0x00000359   Thumb Code     0  _printf_lli.o(.ARM.Collect$$_printf_percent$$0000000D)
    _printf_lld                              0x0000035f   Thumb Code     0  _printf_lld.o(.ARM.Collect$$_printf_percent$$0000000E)
    _printf_llu                              0x00000365   Thumb Code     0  _printf_llu.o(.ARM.Collect$$_printf_percent$$0000000F)
    _printf_llo                              0x0000036b   Thumb Code     0  _printf_llo.o(.ARM.Collect$$_printf_percent$$00000010)
    _printf_llx                              0x00000371   Thumb Code     0  _printf_llx.o(.ARM.Collect$$_printf_percent$$00000011)
    _printf_l                                0x00000377   Thumb Code     0  _printf_l.o(.ARM.Collect$$_printf_percent$$00000012)
    _printf_c                                0x00000381   Thumb Code     0  _printf_c.o(.ARM.Collect$$_printf_percent$$00000013)
    _printf_s                                0x00000387   Thumb Code     0  _printf_s.o(.ARM.Collect$$_printf_percent$$00000014)
    _printf_lc                               0x0000038d   Thumb Code     0  _printf_lc.o(.ARM.Collect$$_printf_percent$$00000015)
    _printf_ls                               0x00000393   Thumb Code     0  _printf_ls.o(.ARM.Collect$$_printf_percent$$00000016)
    _printf_percent_end                      0x00000399   Thumb Code     0  _printf_percent_end.o(.ARM.Collect$$_printf_percent$$00000017)
    __rt_lib_init                            0x0000039d   Thumb Code     0  libinit.o(.ARM.Collect$$libinit$$00000000)
    __rt_lib_init_fp_1                       0x0000039f   Thumb Code     0  libinit2.o(.ARM.Collect$$libinit$$00000001)
    __rt_lib_init_heap_2                     0x000003a3   Thumb Code     0  libinit2.o(.ARM.Collect$$libinit$$00000007)
    __rt_lib_init_preinit_1                  0x000003a3   Thumb Code     0  libinit2.o(.ARM.Collect$$libinit$$00000006)
    __rt_lib_init_relocate_pie_1             0x000003a3   Thumb Code     0  libinit2.o(.ARM.Collect$$libinit$$00000004)
    __rt_lib_init_heap_1                     0x000003ab   Thumb Code     0  libinit2.o(.ARM.Collect$$libinit$$0000000C)
    __rt_lib_init_lc_common                  0x000003ab   Thumb Code     0  libinit2.o(.ARM.Collect$$libinit$$00000011)
    __rt_lib_init_rand_1                     0x000003ab   Thumb Code     0  libinit2.o(.ARM.Collect$$libinit$$00000010)
    __rt_lib_init_user_alloc_1               0x000003ab   Thumb Code     0  libinit2.o(.ARM.Collect$$libinit$$0000000E)
    __rt_lib_init_lc_collate_1               0x000003b1   Thumb Code     0  libinit2.o(.ARM.Collect$$libinit$$00000013)
    __rt_lib_init_lc_ctype_2                 0x000003b1   Thumb Code     0  libinit2.o(.ARM.Collect$$libinit$$00000014)
    __rt_lib_init_lc_ctype_1                 0x000003bd   Thumb Code     0  libinit2.o(.ARM.Collect$$libinit$$00000015)
    __rt_lib_init_lc_monetary_1              0x000003bd   Thumb Code     0  libinit2.o(.ARM.Collect$$libinit$$00000017)
    __rt_lib_init_lc_numeric_2               0x000003bd   Thumb Code     0  libinit2.o(.ARM.Collect$$libinit$$00000018)
    __rt_lib_init_alloca_1                   0x000003c7   Thumb Code     0  libinit2.o(.ARM.Collect$$libinit$$00000030)
    __rt_lib_init_argv_1                     0x000003c7   Thumb Code     0  libinit2.o(.ARM.Collect$$libinit$$0000002E)
    __rt_lib_init_atexit_1                   0x000003c7   Thumb Code     0  libinit2.o(.ARM.Collect$$libinit$$0000001D)
    __rt_lib_init_clock_1                    0x000003c7   Thumb Code     0  libinit2.o(.ARM.Collect$$libinit$$00000023)
    __rt_lib_init_cpp_1                      0x000003c7   Thumb Code     0  libinit2.o(.ARM.Collect$$libinit$$00000034)
    __rt_lib_init_exceptions_1               0x000003c7   Thumb Code     0  libinit2.o(.ARM.Collect$$libinit$$00000032)
    __rt_lib_init_fp_trap_1                  0x000003c7   Thumb Code     0  libinit2.o(.ARM.Collect$$libinit$$00000021)
    __rt_lib_init_getenv_1                   0x000003c7   Thumb Code     0  libinit2.o(.ARM.Collect$$libinit$$00000025)
    __rt_lib_init_lc_numeric_1               0x000003c7   Thumb Code     0  libinit2.o(.ARM.Collect$$libinit$$00000019)
    __rt_lib_init_lc_time_1                  0x000003c7   Thumb Code     0  libinit2.o(.ARM.Collect$$libinit$$0000001B)
    __rt_lib_init_return                     0x000003c7   Thumb Code     0  libinit2.o(.ARM.Collect$$libinit$$00000035)
    __rt_lib_init_signal_1                   0x000003c7   Thumb Code     0  libinit2.o(.ARM.Collect$$libinit$$0000001F)
    __rt_lib_init_stdio_1                    0x000003c7   Thumb Code     0  libinit2.o(.ARM.Collect$$libinit$$00000027)
    __rt_lib_shutdown                        0x000003c9   Thumb Code     0  libshutdown.o(.ARM.Collect$$libshutdown$$00000000)
    __rt_lib_shutdown_cpp_1                  0x000003cb   Thumb Code     0  libshutdown2.o(.ARM.Collect$$libshutdown$$00000002)
    __rt_lib_shutdown_fp_trap_1              0x000003cb   Thumb Code     0  libshutdown2.o(.ARM.Collect$$libshutdown$$00000007)
    __rt_lib_shutdown_heap_1                 0x000003cb   Thumb Code     0  libshutdown2.o(.ARM.Collect$$libshutdown$$0000000F)
    __rt_lib_shutdown_return                 0x000003cb   Thumb Code     0  libshutdown2.o(.ARM.Collect$$libshutdown$$00000010)
    __rt_lib_shutdown_signal_1               0x000003cb   Thumb Code     0  libshutdown2.o(.ARM.Collect$$libshutdown$$0000000A)
    __rt_lib_shutdown_stdio_1                0x000003cb   Thumb Code     0  libshutdown2.o(.ARM.Collect$$libshutdown$$00000004)
    __rt_lib_shutdown_user_alloc_1           0x000003cb   Thumb Code     0  libshutdown2.o(.ARM.Collect$$libshutdown$$0000000C)
    __rt_entry                               0x000003cd   Thumb Code     0  __rtentry.o(.ARM.Collect$$rtentry$$00000000)
    __rt_entry_presh_1                       0x000003cd   Thumb Code     0  __rtentry2.o(.ARM.Collect$$rtentry$$00000002)
    __rt_entry_sh                            0x000003cd   Thumb Code     0  __rtentry4.o(.ARM.Collect$$rtentry$$00000004)
    __rt_entry_li                            0x000003d3   Thumb Code     0  __rtentry2.o(.ARM.Collect$$rtentry$$0000000A)
    __rt_entry_postsh_1                      0x000003d3   Thumb Code     0  __rtentry2.o(.ARM.Collect$$rtentry$$00000009)
    __rt_entry_main                          0x000003d7   Thumb Code     0  __rtentry2.o(.ARM.Collect$$rtentry$$0000000D)
    __rt_entry_postli_1                      0x000003d7   Thumb Code     0  __rtentry2.o(.ARM.Collect$$rtentry$$0000000C)
    __rt_exit                                0x000003df   Thumb Code     0  rtexit.o(.ARM.Collect$$rtexit$$00000000)
    __rt_exit_ls                             0x000003e1   Thumb Code     0  rtexit2.o(.ARM.Collect$$rtexit$$00000003)
    __rt_exit_prels_1                        0x000003e1   Thumb Code     0  rtexit2.o(.ARM.Collect$$rtexit$$00000002)
    __rt_exit_exit                           0x000003e5   Thumb Code     0  rtexit2.o(.ARM.Collect$$rtexit$$00000004)
    Reset_Handler                            0x000003ed   Thumb Code     8  startup_tm4c123.o(.text)
    NMI_Handler                              0x000003f5   Thumb Code     2  startup_tm4c123.o(.text)
    HardFault_Handler                        0x000003f7   Thumb Code     2  startup_tm4c123.o(.text)
    MemManage_Handler                        0x000003f9   Thumb Code     2  startup_tm4c123.o(.text)
    BusFault_Handler                         0x000003fb   Thumb Code     2  startup_tm4c123.o(.text)
    UsageFault_Handler                       0x000003fd   Thumb Code     2  startup_tm4c123.o(.text)
    SVC_Handler                              0x000003ff   Thumb Code     2  startup_tm4c123.o(.text)
    DebugMon_Handler                         0x00000401   Thumb Code     2  startup_tm4c123.o(.text)
    PendSV_Handler                           0x00000403   Thumb Code     2  startup_tm4c123.o(.text)
    SysTick_Handler                          0x00000405   Thumb Code     2  startup_tm4c123.o(.text)
    GPIOA_Handler                            0x00000407   Thumb Code     2  startup_tm4c123.o(.text)
    GPIOB_Handler                            0x00000409   Thumb Code     2  startup_tm4c123.o(.text)
    GPIOC_Handler                            0x0000040b   Thumb Code     2  startup_tm4c123.o(.text)
    GPIOD_Handler                            0x0000040d   Thumb Code     2  startup_tm4c123.o(.text)
    GPIOE_Handler                            0x0000040f   Thumb Code     2  startup_tm4c123.o(.text)
    UART0_Handler                            0x00000411   Thumb Code     2  startup_tm4c123.o(.text)
    UART1_Handler                            0x00000413   Thumb Code     2  startup_tm4c123.o(.text)
    SSI0_Handler                             0x00000415   Thumb Code     2  startup_tm4c123.o(.text)
    I2C0_Handler                             0x00000417   Thumb Code     2  startup_tm4c123.o(.text)
    PMW0_FAULT_Handler                       0x00000419   Thumb Code     2  startup_tm4c123.o(.text)
    PWM0_0_Handler                           0x0000041b   Thumb Code     2  startup_tm4c123.o(.text)
    PWM0_1_Handler                           0x0000041d   Thumb Code     2  startup_tm4c123.o(.text)
    PWM0_2_Handler                           0x0000041f   Thumb Code     2  startup_tm4c123.o(.text)
    QEI0_Handler                             0x00000421   Thumb Code     2  startup_tm4c123.o(.text)
    ADC0SS0_Handler                          0x00000423   Thumb Code     2  startup_tm4c123.o(.text)
    ADC0SS1_Handler                          0x00000425   Thumb Code     2  startup_tm4c123.o(.text)
    ADC0SS2_Handler                          0x00000427   Thumb Code     2  startup_tm4c123.o(.text)
    ADC0SS3_Handler                          0x00000429   Thumb Code     2  startup_tm4c123.o(.text)
    WDT0_Handler                             0x0000042b   Thumb Code     2  startup_tm4c123.o(.text)
    TIMER0A_Handler                          0x0000042d   Thumb Code     2  startup_tm4c123.o(.text)
    TIMER0B_Handler                          0x0000042f   Thumb Code     2  startup_tm4c123.o(.text)
    TIMER1A_Handler                          0x00000431   Thumb Code     2  startup_tm4c123.o(.text)
    TIMER1B_Handler                          0x00000433   Thumb Code     2  startup_tm4c123.o(.text)
    TIMER2A_Handler                          0x00000435   Thumb Code     2  startup_tm4c123.o(.text)
    TIMER2B_Handler                          0x00000437   Thumb Code     2  startup_tm4c123.o(.text)
    COMP0_Handler                            0x00000439   Thumb Code     2  startup_tm4c123.o(.text)
    COMP1_Handler                            0x0000043b   Thumb Code     2  startup_tm4c123.o(.text)
    COMP2_Handler                            0x0000043d   Thumb Code     2  startup_tm4c123.o(.text)
    SYSCTL_Handler                           0x0000043f   Thumb Code     2  startup_tm4c123.o(.text)
    FLASH_Handler                            0x00000441   Thumb Code     2  startup_tm4c123.o(.text)
    GPIOF_Handler                            0x00000443   Thumb Code     2  startup_tm4c123.o(.text)
    GPIOG_Handler                            0x00000445   Thumb Code     2  startup_tm4c123.o(.text)
    GPIOH_Handler                            0x00000447   Thumb Code     2  startup_tm4c123.o(.text)
    UART2_Handler                            0x00000449   Thumb Code     2  startup_tm4c123.o(.text)
    SSI1_Handler                             0x0000044b   Thumb Code     2  startup_tm4c123.o(.text)
    TIMER3A_Handler                          0x0000044d   Thumb Code     2  startup_tm4c123.o(.text)
    TIMER3B_Handler                          0x0000044f   Thumb Code     2  startup_tm4c123.o(.text)
    I2C1_Handler                             0x00000451   Thumb Code     2  startup_tm4c123.o(.text)
    QEI1_Handler                             0x00000453   Thumb Code     2  startup_tm4c123.o(.text)
    CAN0_Handler                             0x00000455   Thumb Code     2  startup_tm4c123.o(.text)
    CAN1_Handler                             0x00000457   Thumb Code     2  startup_tm4c123.o(.text)
    CAN2_Handler                             0x00000459   Thumb Code     2  startup_tm4c123.o(.text)
    HIB_Handler                              0x0000045b   Thumb Code     2  startup_tm4c123.o(.text)
    USB0_Handler                             0x0000045d   Thumb Code     2  startup_tm4c123.o(.text)
    PWM0_3_Handler                           0x0000045f   Thumb Code     2  startup_tm4c123.o(.text)
    UDMA_Handler                             0x00000461   Thumb Code     2  startup_tm4c123.o(.text)
    UDMAERR_Handler                          0x00000463   Thumb Code     2  startup_tm4c123.o(.text)
    ADC1SS0_Handler                          0x00000465   Thumb Code     2  startup_tm4c123.o(.text)
    ADC1SS1_Handler                          0x00000467   Thumb Code     2  startup_tm4c123.o(.text)
    ADC1SS2_Handler                          0x00000469   Thumb Code     2  startup_tm4c123.o(.text)
    ADC1SS3_Handler                          0x0000046b   Thumb Code     2  startup_tm4c123.o(.text)
    GPIOJ_Handler                            0x0000046d   Thumb Code     2  startup_tm4c123.o(.text)
    GPIOK_Handler                            0x0000046f   Thumb Code     2  startup_tm4c123.o(.text)
    GPIOL_Handler                            0x00000471   Thumb Code     2  startup_tm4c123.o(.text)
    SSI2_Handler                             0x00000473   Thumb Code     2  startup_tm4c123.o(.text)
    SSI3_Handler                             0x00000475   Thumb Code     2  startup_tm4c123.o(.text)
    UART3_Handler                            0x00000477   Thumb Code     2  startup_tm4c123.o(.text)
    UART4_Handler                            0x00000479   Thumb Code     2  startup_tm4c123.o(.text)
    UART5_Handler                            0x0000047b   Thumb Code     2  startup_tm4c123.o(.text)
    UART6_Handler                            0x0000047d   Thumb Code     2  startup_tm4c123.o(.text)
    UART7_Handler                            0x0000047f   Thumb Code     2  startup_tm4c123.o(.text)
    I2C2_Handler                             0x00000481   Thumb Code     2  startup_tm4c123.o(.text)
    I2C3_Handler                             0x00000483   Thumb Code     2  startup_tm4c123.o(.text)
    TIMER4A_Handler                          0x00000485   Thumb Code     2  startup_tm4c123.o(.text)
    TIMER4B_Handler                          0x00000487   Thumb Code     2  startup_tm4c123.o(.text)
    TIMER5A_Handler                          0x00000489   Thumb Code     2  startup_tm4c123.o(.text)
    TIMER5B_Handler                          0x0000048b   Thumb Code     2  startup_tm4c123.o(.text)
    WTIMER0A_Handler                         0x0000048d   Thumb Code     2  startup_tm4c123.o(.text)
    WTIMER0B_Handler                         0x0000048f   Thumb Code     2  startup_tm4c123.o(.text)
    WTIMER1A_Handler                         0x00000491   Thumb Code     2  startup_tm4c123.o(.text)
    WTIMER1B_Handler                         0x00000493   Thumb Code     2  startup_tm4c123.o(.text)
    WTIMER2A_Handler                         0x00000495   Thumb Code     2  startup_tm4c123.o(.text)
    WTIMER2B_Handler                         0x00000497   Thumb Code     2  startup_tm4c123.o(.text)
    WTIMER3A_Handler                         0x00000499   Thumb Code     2  startup_tm4c123.o(.text)
    WTIMER3B_Handler                         0x0000049b   Thumb Code     2  startup_tm4c123.o(.text)
    WTIMER4A_Handler                         0x0000049d   Thumb Code     2  startup_tm4c123.o(.text)
    WTIMER4B_Handler                         0x0000049f   Thumb Code     2  startup_tm4c123.o(.text)
    WTIMER5A_Handler                         0x000004a1   Thumb Code     2  startup_tm4c123.o(.text)
    WTIMER5B_Handler                         0x000004a3   Thumb Code     2  startup_tm4c123.o(.text)
    FPU_Handler                              0x000004a5   Thumb Code     2  startup_tm4c123.o(.text)
    I2C4_Handler                             0x000004a7   Thumb Code     2  startup_tm4c123.o(.text)
    I2C5_Handler                             0x000004a9   Thumb Code     2  startup_tm4c123.o(.text)
    GPIOM_Handler                            0x000004ab   Thumb Code     2  startup_tm4c123.o(.text)
    GPION_Handler                            0x000004ad   Thumb Code     2  startup_tm4c123.o(.text)
    QEI2_Handler                             0x000004af   Thumb Code     2  startup_tm4c123.o(.text)
    GPIOP0_Handler                           0x000004b1   Thumb Code     2  startup_tm4c123.o(.text)
    GPIOP1_Handler                           0x000004b3   Thumb Code     2  startup_tm4c123.o(.text)
    GPIOP2_Handler                           0x000004b5   Thumb Code     2  startup_tm4c123.o(.text)
    GPIOP3_Handler                           0x000004b7   Thumb Code     2  startup_tm4c123.o(.text)
    GPIOP4_Handler                           0x000004b9   Thumb Code     2  startup_tm4c123.o(.text)
    GPIOP5_Handler                           0x000004bb   Thumb Code     2  startup_tm4c123.o(.text)
    GPIOP6_Handler                           0x000004bd   Thumb Code     2  startup_tm4c123.o(.text)
    GPIOP7_Handler                           0x000004bf   Thumb Code     2  startup_tm4c123.o(.text)
    GPIOQ0_Handler                           0x000004c1   Thumb Code     2  startup_tm4c123.o(.text)
    GPIOQ1_Handler                           0x000004c3   Thumb Code     2  startup_tm4c123.o(.text)
    GPIOQ2_Handler                           0x000004c5   Thumb Code     2  startup_tm4c123.o(.text)
    GPIOQ3_Handler                           0x000004c7   Thumb Code     2  startup_tm4c123.o(.text)
    GPIOQ4_Handler                           0x000004c9   Thumb Code     2  startup_tm4c123.o(.text)
    GPIOQ5_Handler                           0x000004cb   Thumb Code     2  startup_tm4c123.o(.text)
    GPIOQ6_Handler                           0x000004cd   Thumb Code     2  startup_tm4c123.o(.text)
    GPIOQ7_Handler                           0x000004cf   Thumb Code     2  startup_tm4c123.o(.text)
    GPIOR_Handler                            0x000004d1   Thumb Code     2  startup_tm4c123.o(.text)
    GPIOS_Handler                            0x000004d3   Thumb Code     2  startup_tm4c123.o(.text)
    PMW1_0_Handler                           0x000004d5   Thumb Code     2  startup_tm4c123.o(.text)
    PWM1_1_Handler                           0x000004d7   Thumb Code     2  startup_tm4c123.o(.text)
    PWM1_2_Handler                           0x000004d9   Thumb Code     2  startup_tm4c123.o(.text)
    PWM1_3_Handler                           0x000004db   Thumb Code     2  startup_tm4c123.o(.text)
    PWM1_FAULT_Handler                       0x000004dd   Thumb Code     2  startup_tm4c123.o(.text)
    __user_initial_stackheap                 0x000004e1   Thumb Code     0  startup_tm4c123.o(.text)
    malloc                                   0x00000501   Thumb Code    94  h1_alloc.o(.text)
    free                                     0x0000055f   Thumb Code    78  h1_free.o(.text)
    vsprintf                                 0x000005ad   Thumb Code    32  vsprintf.o(.text)
    __aeabi_memclr                           0x000005d1   Thumb Code     0  rt_memclr.o(.text)
    __rt_memclr                              0x000005d1   Thumb Code     0  rt_memclr.o(.text)
    _memset                                  0x000005d5   Thumb Code    64  rt_memclr.o(.text)
    __use_two_region_memory                  0x00000615   Thumb Code     2  heapauxi.o(.text)
    __rt_heap_escrow                         0x00000617   Thumb Code     2  heapauxi.o(.text)
    __rt_heap_expand                         0x00000619   Thumb Code     2  heapauxi.o(.text)
    __rt_heap_descriptor                     0x0000061d   Thumb Code     8  rt_heap_descriptor_intlibspace.o(.text)
    __use_no_heap                            0x00000625   Thumb Code     2  hguard.o(.text)
    __heap$guard                             0x00000627   Thumb Code     2  hguard.o(.text)
    _terminate_user_alloc                    0x00000629   Thumb Code     2  init_alloc.o(.text)
    _init_user_alloc                         0x0000062b   Thumb Code     2  init_alloc.o(.text)
    __Heap_Full                              0x0000062d   Thumb Code    34  init_alloc.o(.text)
    __Heap_Broken                            0x0000064f   Thumb Code     6  init_alloc.o(.text)
    _init_alloc                              0x00000655   Thumb Code    94  init_alloc.o(.text)
    __Heap_Initialize                        0x000006b3   Thumb Code     8  h1_init.o(.text)
    __Heap_DescSize                          0x000006bb   Thumb Code     4  h1_init.o(.text)
    _printf_pre_padding                      0x000006bf   Thumb Code    44  _printf_pad.o(.text)
    _printf_post_padding                     0x000006eb   Thumb Code    34  _printf_pad.o(.text)
    _printf_truncate_signed                  0x0000070d   Thumb Code    18  _printf_truncate.o(.text)
    _printf_truncate_unsigned                0x0000071f   Thumb Code    18  _printf_truncate.o(.text)
    _printf_str                              0x00000731   Thumb Code    82  _printf_str.o(.text)
    _printf_int_dec                          0x00000785   Thumb Code   104  _printf_dec.o(.text)
    _printf_charcount                        0x000007fd   Thumb Code    40  _printf_charcount.o(.text)
    _printf_char_common                      0x0000082f   Thumb Code    32  _printf_char_common.o(.text)
    _sputc                                   0x00000855   Thumb Code    10  _sputc.o(.text)
    _printf_wctomb                           0x00000861   Thumb Code   182  _printf_wctomb.o(.text)
    _printf_longlong_dec                     0x0000091d   Thumb Code   108  _printf_longlong_dec.o(.text)
    _printf_longlong_oct                     0x00000999   Thumb Code    68  _printf_oct_int_ll.o(.text)
    _printf_int_oct                          0x000009dd   Thumb Code    24  _printf_oct_int_ll.o(.text)
    _printf_ll_oct                           0x000009f5   Thumb Code    12  _printf_oct_int_ll.o(.text)
    _printf_longlong_hex                     0x00000a09   Thumb Code    86  _printf_hex_int_ll_ptr.o(.text)
    _printf_int_hex                          0x00000a5f   Thumb Code    28  _printf_hex_int_ll_ptr.o(.text)
    _printf_ll_hex                           0x00000a7b   Thumb Code    12  _printf_hex_int_ll_ptr.o(.text)
    _printf_hex_ptr                          0x00000a87   Thumb Code    18  _printf_hex_int_ll_ptr.o(.text)
    __printf                                 0x00000a9d   Thumb Code   388  __printf_flags_ss_wp.o(.text)
    __aeabi_memclr4                          0x00000c25   Thumb Code     0  rt_memclr_w.o(.text)
    __aeabi_memclr8                          0x00000c25   Thumb Code     0  rt_memclr_w.o(.text)
    __rt_memclr_w                            0x00000c25   Thumb Code     0  rt_memclr_w.o(.text)
    _memset_w                                0x00000c29   Thumb Code    74  rt_memclr_w.o(.text)
    __user_libspace                          0x00000c75   Thumb Code     8  libspace.o(.text)
    __user_perproc_libspace                  0x00000c75   Thumb Code     0  libspace.o(.text)
    __user_perthread_libspace                0x00000c75   Thumb Code     0  libspace.o(.text)
    __Heap_ProvideMemory                     0x00000c7d   Thumb Code    52  h1_extend.o(.text)
    _maybe_terminate_alloc                   0x00000c7d   Thumb Code     0  maybetermalloc1.o(.text)
    _ll_udiv10                               0x00000cb1   Thumb Code   138  lludiv10.o(.text)
    _printf_int_common                       0x00000d3b   Thumb Code   178  _printf_intcommon.o(.text)
    _printf_fp_dec_real                      0x00000f9d   Thumb Code   620  _printf_fp_dec.o(.text)
    _printf_fp_hex_real                      0x00001209   Thumb Code   756  _printf_fp_hex.o(.text)
    _printf_cs_common                        0x00001505   Thumb Code    20  _printf_char.o(.text)
    _printf_char                             0x00001519   Thumb Code    16  _printf_char.o(.text)
    _printf_string                           0x00001529   Thumb Code     8  _printf_char.o(.text)
    _printf_lcs_common                       0x00001531   Thumb Code    20  _printf_wchar.o(.text)
    _printf_wchar                            0x00001545   Thumb Code    16  _printf_wchar.o(.text)
    _printf_wstring                          0x00001555   Thumb Code     8  _printf_wchar.o(.text)
    _c16rtomb                                0x0000155d   Thumb Code    72  _c16rtomb.o(.text)
    _wcrtomb                                 0x0000155d   Thumb Code     0  _c16rtomb.o(.text)
    __rt_SIGRTMEM                            0x000015a5   Thumb Code    14  defsig_rtmem_outer.o(.text)
    __I$use$semihosting                      0x000015b3   Thumb Code     0  use_no_semi.o(.text)
    __use_no_semihosting_swi                 0x000015b3   Thumb Code     2  use_no_semi.o(.text)
    __semihosting_library_function           0x000015b5   Thumb Code     0  indicate_semi.o(.text)
    __user_setup_stackheap                   0x000015b5   Thumb Code    74  sys_stackheap_outer.o(.text)
    __rt_ctype_table                         0x00001601   Thumb Code    16  rt_ctype_table.o(.text)
    __rt_locale                              0x00001611   Thumb Code     8  rt_locale_intlibspace.o(.text)
    _printf_fp_infnan                        0x00001619   Thumb Code   112  _printf_fp_infnan.o(.text)
    _btod_etento                             0x00001699   Thumb Code   224  bigflt0.o(.text)
    exit                                     0x0000177d   Thumb Code    18  exit.o(.text)
    __sig_exit                               0x0000178f   Thumb Code    10  defsig_exit.o(.text)
    __rt_SIGRTMEM_inner                      0x00001799   Thumb Code    22  defsig_rtmem_inner.o(.text)
    _sys_exit                                0x000017e9   Thumb Code     8  sys_exit.o(.text)
    __default_signal_display                 0x000017f5   Thumb Code    50  defsig_general.o(.text)
    strcmp                                   0x00001829   Thumb Code   124  strcmpv7em.o(.text)
    _ttywrch                                 0x000018a5   Thumb Code    14  sys_wrch.o(.text)
    BL_Print_Message                         0x000018b5   Thumb Code    70  bootloader.o(.text.BL_Print_Message)
    BL_UART_Fetch_Host_Command               0x000018fd   Thumb Code   314  bootloader.o(.text.BL_UART_Fetch_Host_Command)
    CRC_init                                 0x00002119   Thumb Code    44  wrapper_functions.o(.text.CRC_init)
    HAL_CRC_Accumulate                       0x0000220d   Thumb Code    34  wrapper_functions.o(.text.HAL_CRC_Accumulate)
    HAL_FLASHEx_Erase                        0x00002231   Thumb Code   146  wrapper_functions.o(.text.HAL_FLASHEx_Erase)
    HAL_FLASH_Program                        0x000022c5   Thumb Code    54  wrapper_functions.o(.text.HAL_FLASH_Program)
    HAL_UART_Receive                         0x000022fd   Thumb Code    74  wrapper_functions.o(.text.HAL_UART_Receive)
    HAL_UART_Transmit                        0x00002349   Thumb Code    66  wrapper_functions.o(.text.HAL_UART_Transmit)
    SystemInit                               0x0000248d   Thumb Code   268  system_tm4c123.o(.text.SystemInit)
    __HAL_CRC_DR_RESET                       0x00002599   Thumb Code    28  wrapper_functions.o(.text.__HAL_CRC_DR_RESET)
    main                                     0x000025b5   Thumb Code   120  main.o(.text.main)
    _btod_d2e                                0x0000262d   Thumb Code    62  btod.o(CL$$btod_d2e)
    _d2e_denorm_low                          0x0000266b   Thumb Code    70  btod.o(CL$$btod_d2e_denorm_low)
    _d2e_norm_op1                            0x000026b1   Thumb Code    96  btod.o(CL$$btod_d2e_norm_op1)
    __btod_div_common                        0x00002711   Thumb Code   696  btod.o(CL$$btod_div_common)
    _e2e                                     0x00002a49   Thumb Code   220  btod.o(CL$$btod_e2e)
    _btod_ediv                               0x00002b25   Thumb Code    42  btod.o(CL$$btod_ediv)
    _btod_emul                               0x00002b4f   Thumb Code    42  btod.o(CL$$btod_emul)
    __btod_mult_common                       0x00002b79   Thumb Code   580  btod.o(CL$$btod_mult_common)
    AESConfigSet                             0x00002dbd   Thumb Code    16  aes.o(i.AESConfigSet)
    AESDataProcess                           0x00002dcd   Thumb Code   110  aes.o(i.AESDataProcess)
    AESIVSet                                 0x00002e41   Thumb Code    18  aes.o(i.AESIVSet)
    AESKey1Set                               0x00002e53   Thumb Code    46  aes.o(i.AESKey1Set)
    AESReset                                 0x00002e81   Thumb Code    24  aes.o(i.AESReset)
    CRCConfigSet                             0x00002e99   Thumb Code     6  crc.o(i.CRCConfigSet)
    CRCDataProcess                           0x00002e9f   Thumb Code    68  crc.o(i.CRCDataProcess)
    CRCSeedSet                               0x00002ee3   Thumb Code     6  crc.o(i.CRCSeedSet)
    FlashErase                               0x00002ee9   Thumb Code    34  flash.o(i.FlashErase)
    FlashProgram                             0x00002f15   Thumb Code    96  flash.o(i.FlashProgram)
    SysCtlClockGet                           0x00002f7d   Thumb Code   304  sysctl.o(i.SysCtlClockGet)
    SysCtlPeripheralEnable                   0x000030d1   Thumb Code    36  sysctl.o(i.SysCtlPeripheralEnable)
    SysCtlPeripheralReady                    0x000030f9   Thumb Code    40  sysctl.o(i.SysCtlPeripheralReady)
    UARTCharGet                              0x00003125   Thumb Code    12  uart.o(i.UARTCharGet)
    UARTCharPut                              0x00003131   Thumb Code    12  uart.o(i.UARTCharPut)
    UARTConfigSetExpClk                      0x0000313d   Thumb Code   110  uart.o(i.UARTConfigSetExpClk)
    __ARM_fpclassify                         0x000031ab   Thumb Code    48  fpclassify.o(i.__ARM_fpclassify)
    _is_digit                                0x000031db   Thumb Code    14  __printf_wp.o(i._is_digit)
    _get_lc_numeric                          0x000031e9   Thumb Code    44  lc_numeric_c.o(locale$$code)
    _get_lc_ctype                            0x00003215   Thumb Code    44  lc_ctype_c.o(locale$$code)
    _fp_init                                 0x00003241   Thumb Code    26  fpinit.o(x$fpl$fpinit)
    __fplib_config_fpu_vfp                   0x00003259   Thumb Code     0  fpinit.o(x$fpl$fpinit)
    __fplib_config_pureend_doubles           0x00003259   Thumb Code     0  fpinit.o(x$fpl$fpinit)
    _printf_fp_dec                           0x0000325b   Thumb Code     4  printf1.o(x$fpl$printf1)
    _printf_fp_hex                           0x0000325f   Thumb Code     4  printf2.o(x$fpl$printf2)
    __I$use$fp                               0x00003262   Number         0  usenofp.o(x$fpl$usenofp)
    Region$$Table$$Base                      0x000037d8   Number         0  anon$$obj.o(Region$$Table)
    Region$$Table$$Limit                     0x000037f8   Number         0  anon$$obj.o(Region$$Table)
    __ctype                                  0x00003821   Data           0  lc_ctype_c.o(locale$$data)
    AES_CBC_128_KEY                          0x20000000   Data          64  bootloader.o(.data.AES_CBC_128_KEY)
    AES_CBC_IV                               0x20000040   Data          16  bootloader.o(.data.AES_CBC_IV)
    __libspace_start                         0x20000060   Data          96  libspace.o(.bss)
    __temporary_stack_top$libspace           0x200000c0   Data           0  libspace.o(.bss)
    hcrc                                     0x2000018c   Data           1  bootloader.o(.bss.hcrc)
    huart2                                   0x2000018d   Data           1  bootloader.o(.bss.huart2)



==============================================================================

Memory Map of the image

  Image Entry point : 0x000003ed

  Load Region LR_1 (Base: 0x00000000, Size: 0x00003980, Max: 0xffffffff, ABSOLUTE)

    Execution Region ER_RO (Exec base: 0x00000000, Load base: 0x00000000, Size: 0x00003924, Max: 0xffffffff, ABSOLUTE)

    Exec Addr    Load Addr    Size         Type   Attr      Idx    E Section Name        Object

    0x00000000   0x00000000   0x0000026c   Data   RO           85    RESET               startup_tm4c123.o
    0x0000026c   0x0000026c   0x00000008   Code   RO         1283  * !!!main             c_w.l(__main.o)
    0x00000274   0x00000274   0x0000005c   Code   RO         1666    !!!scatter          c_w.l(__scatter.o)
    0x000002d0   0x000002d0   0x0000001a   Code   RO         1670    !!handler_copy      c_w.l(__scatter_copy.o)
    0x000002ea   0x000002ea   0x00000002   PAD
    0x000002ec   0x000002ec   0x00000002   Code   RO         1667    !!handler_null      c_w.l(__scatter.o)
    0x000002ee   0x000002ee   0x00000002   PAD
    0x000002f0   0x000002f0   0x0000001c   Code   RO         1672    !!handler_zi        c_w.l(__scatter_zi.o)
    0x0000030c   0x0000030c   0x00000000   Code   RO         1392    .ARM.Collect$$_printf_percent$$00000000  c_w.l(_printf_percent.o)
    0x0000030c   0x0000030c   0x00000006   Code   RO         1381    .ARM.Collect$$_printf_percent$$00000001  c_w.l(_printf_n.o)
    0x00000312   0x00000312   0x00000006   Code   RO         1383    .ARM.Collect$$_printf_percent$$00000002  c_w.l(_printf_p.o)
    0x00000318   0x00000318   0x00000006   Code   RO         1388    .ARM.Collect$$_printf_percent$$00000003  c_w.l(_printf_f.o)
    0x0000031e   0x0000031e   0x00000006   Code   RO         1389    .ARM.Collect$$_printf_percent$$00000004  c_w.l(_printf_e.o)
    0x00000324   0x00000324   0x00000006   Code   RO         1390    .ARM.Collect$$_printf_percent$$00000005  c_w.l(_printf_g.o)
    0x0000032a   0x0000032a   0x00000006   Code   RO         1391    .ARM.Collect$$_printf_percent$$00000006  c_w.l(_printf_a.o)
    0x00000330   0x00000330   0x0000000a   Code   RO         1396    .ARM.Collect$$_printf_percent$$00000007  c_w.l(_printf_ll.o)
    0x0000033a   0x0000033a   0x00000006   Code   RO         1385    .ARM.Collect$$_printf_percent$$00000008  c_w.l(_printf_i.o)
    0x00000340   0x00000340   0x00000006   Code   RO         1386    .ARM.Collect$$_printf_percent$$00000009  c_w.l(_printf_d.o)
    0x00000346   0x00000346   0x00000006   Code   RO         1387    .ARM.Collect$$_printf_percent$$0000000A  c_w.l(_printf_u.o)
    0x0000034c   0x0000034c   0x00000006   Code   RO         1384    .ARM.Collect$$_printf_percent$$0000000B  c_w.l(_printf_o.o)
    0x00000352   0x00000352   0x00000006   Code   RO         1382    .ARM.Collect$$_printf_percent$$0000000C  c_w.l(_printf_x.o)
    0x00000358   0x00000358   0x00000006   Code   RO         1393    .ARM.Collect$$_printf_percent$$0000000D  c_w.l(_printf_lli.o)
    0x0000035e   0x0000035e   0x00000006   Code   RO         1394    .ARM.Collect$$_printf_percent$$0000000E  c_w.l(_printf_lld.o)
    0x00000364   0x00000364   0x00000006   Code   RO         1395    .ARM.Collect$$_printf_percent$$0000000F  c_w.l(_printf_llu.o)
    0x0000036a   0x0000036a   0x00000006   Code   RO         1400    .ARM.Collect$$_printf_percent$$00000010  c_w.l(_printf_llo.o)
    0x00000370   0x00000370   0x00000006   Code   RO         1401    .ARM.Collect$$_printf_percent$$00000011  c_w.l(_printf_llx.o)
    0x00000376   0x00000376   0x0000000a   Code   RO         1397    .ARM.Collect$$_printf_percent$$00000012  c_w.l(_printf_l.o)
    0x00000380   0x00000380   0x00000006   Code   RO         1379    .ARM.Collect$$_printf_percent$$00000013  c_w.l(_printf_c.o)
    0x00000386   0x00000386   0x00000006   Code   RO         1380    .ARM.Collect$$_printf_percent$$00000014  c_w.l(_printf_s.o)
    0x0000038c   0x0000038c   0x00000006   Code   RO         1398    .ARM.Collect$$_printf_percent$$00000015  c_w.l(_printf_lc.o)
    0x00000392   0x00000392   0x00000006   Code   RO         1399    .ARM.Collect$$_printf_percent$$00000016  c_w.l(_printf_ls.o)
    0x00000398   0x00000398   0x00000004   Code   RO         1510    .ARM.Collect$$_printf_percent$$00000017  c_w.l(_printf_percent_end.o)
    0x0000039c   0x0000039c   0x00000002   Code   RO         1587    .ARM.Collect$$libinit$$00000000  c_w.l(libinit.o)
    0x0000039e   0x0000039e   0x00000004   Code   RO         1408    .ARM.Collect$$libinit$$00000001  c_w.l(libinit2.o)
    0x000003a2   0x000003a2   0x00000000   Code   RO         1411    .ARM.Collect$$libinit$$00000004  c_w.l(libinit2.o)
    0x000003a2   0x000003a2   0x00000000   Code   RO         1413    .ARM.Collect$$libinit$$00000006  c_w.l(libinit2.o)
    0x000003a2   0x000003a2   0x00000008   Code   RO         1414    .ARM.Collect$$libinit$$00000007  c_w.l(libinit2.o)
    0x000003aa   0x000003aa   0x00000000   Code   RO         1416    .ARM.Collect$$libinit$$0000000C  c_w.l(libinit2.o)
    0x000003aa   0x000003aa   0x00000000   Code   RO         1418    .ARM.Collect$$libinit$$0000000E  c_w.l(libinit2.o)
    0x000003aa   0x000003aa   0x00000000   Code   RO         1420    .ARM.Collect$$libinit$$00000010  c_w.l(libinit2.o)
    0x000003aa   0x000003aa   0x00000006   Code   RO         1421    .ARM.Collect$$libinit$$00000011  c_w.l(libinit2.o)
    0x000003b0   0x000003b0   0x00000000   Code   RO         1423    .ARM.Collect$$libinit$$00000013  c_w.l(libinit2.o)
    0x000003b0   0x000003b0   0x0000000c   Code   RO         1424    .ARM.Collect$$libinit$$00000014  c_w.l(libinit2.o)
    0x000003bc   0x000003bc   0x00000000   Code   RO         1425    .ARM.Collect$$libinit$$00000015  c_w.l(libinit2.o)
    0x000003bc   0x000003bc   0x00000000   Code   RO         1427    .ARM.Collect$$libinit$$00000017  c_w.l(libinit2.o)
    0x000003bc   0x000003bc   0x0000000a   Code   RO         1428    .ARM.Collect$$libinit$$00000018  c_w.l(libinit2.o)
    0x000003c6   0x000003c6   0x00000000   Code   RO         1429    .ARM.Collect$$libinit$$00000019  c_w.l(libinit2.o)
    0x000003c6   0x000003c6   0x00000000   Code   RO         1431    .ARM.Collect$$libinit$$0000001B  c_w.l(libinit2.o)
    0x000003c6   0x000003c6   0x00000000   Code   RO         1433    .ARM.Collect$$libinit$$0000001D  c_w.l(libinit2.o)
    0x000003c6   0x000003c6   0x00000000   Code   RO         1435    .ARM.Collect$$libinit$$0000001F  c_w.l(libinit2.o)
    0x000003c6   0x000003c6   0x00000000   Code   RO         1437    .ARM.Collect$$libinit$$00000021  c_w.l(libinit2.o)
    0x000003c6   0x000003c6   0x00000000   Code   RO         1439    .ARM.Collect$$libinit$$00000023  c_w.l(libinit2.o)
    0x000003c6   0x000003c6   0x00000000   Code   RO         1441    .ARM.Collect$$libinit$$00000025  c_w.l(libinit2.o)
    0x000003c6   0x000003c6   0x00000000   Code   RO         1443    .ARM.Collect$$libinit$$00000027  c_w.l(libinit2.o)
    0x000003c6   0x000003c6   0x00000000   Code   RO         1447    .ARM.Collect$$libinit$$0000002E  c_w.l(libinit2.o)
    0x000003c6   0x000003c6   0x00000000   Code   RO         1449    .ARM.Collect$$libinit$$00000030  c_w.l(libinit2.o)
    0x000003c6   0x000003c6   0x00000000   Code   RO         1451    .ARM.Collect$$libinit$$00000032  c_w.l(libinit2.o)
    0x000003c6   0x000003c6   0x00000000   Code   RO         1453    .ARM.Collect$$libinit$$00000034  c_w.l(libinit2.o)
    0x000003c6   0x000003c6   0x00000002   Code   RO         1454    .ARM.Collect$$libinit$$00000035  c_w.l(libinit2.o)
    0x000003c8   0x000003c8   0x00000002   Code   RO         1663    .ARM.Collect$$libshutdown$$00000000  c_w.l(libshutdown.o)
    0x000003ca   0x000003ca   0x00000000   Code   RO         1615    .ARM.Collect$$libshutdown$$00000002  c_w.l(libshutdown2.o)
    0x000003ca   0x000003ca   0x00000000   Code   RO         1617    .ARM.Collect$$libshutdown$$00000004  c_w.l(libshutdown2.o)
    0x000003ca   0x000003ca   0x00000000   Code   RO         1620    .ARM.Collect$$libshutdown$$00000007  c_w.l(libshutdown2.o)
    0x000003ca   0x000003ca   0x00000000   Code   RO         1623    .ARM.Collect$$libshutdown$$0000000A  c_w.l(libshutdown2.o)
    0x000003ca   0x000003ca   0x00000000   Code   RO         1625    .ARM.Collect$$libshutdown$$0000000C  c_w.l(libshutdown2.o)
    0x000003ca   0x000003ca   0x00000000   Code   RO         1628    .ARM.Collect$$libshutdown$$0000000F  c_w.l(libshutdown2.o)
    0x000003ca   0x000003ca   0x00000002   Code   RO         1629    .ARM.Collect$$libshutdown$$00000010  c_w.l(libshutdown2.o)
    0x000003cc   0x000003cc   0x00000000   Code   RO         1287    .ARM.Collect$$rtentry$$00000000  c_w.l(__rtentry.o)
    0x000003cc   0x000003cc   0x00000000   Code   RO         1471    .ARM.Collect$$rtentry$$00000002  c_w.l(__rtentry2.o)
    0x000003cc   0x000003cc   0x00000006   Code   RO         1483    .ARM.Collect$$rtentry$$00000004  c_w.l(__rtentry4.o)
    0x000003d2   0x000003d2   0x00000000   Code   RO         1473    .ARM.Collect$$rtentry$$00000009  c_w.l(__rtentry2.o)
    0x000003d2   0x000003d2   0x00000004   Code   RO         1474    .ARM.Collect$$rtentry$$0000000A  c_w.l(__rtentry2.o)
    0x000003d6   0x000003d6   0x00000000   Code   RO         1476    .ARM.Collect$$rtentry$$0000000C  c_w.l(__rtentry2.o)
    0x000003d6   0x000003d6   0x00000008   Code   RO         1477    .ARM.Collect$$rtentry$$0000000D  c_w.l(__rtentry2.o)
    0x000003de   0x000003de   0x00000002   Code   RO         1597    .ARM.Collect$$rtexit$$00000000  c_w.l(rtexit.o)
    0x000003e0   0x000003e0   0x00000000   Code   RO         1635    .ARM.Collect$$rtexit$$00000002  c_w.l(rtexit2.o)
    0x000003e0   0x000003e0   0x00000004   Code   RO         1636    .ARM.Collect$$rtexit$$00000003  c_w.l(rtexit2.o)
    0x000003e4   0x000003e4   0x00000006   Code   RO         1637    .ARM.Collect$$rtexit$$00000004  c_w.l(rtexit2.o)
    0x000003ea   0x000003ea   0x00000002   PAD
    0x000003ec   0x000003ec   0x00000114   Code   RO           86  * .text               startup_tm4c123.o
    0x00000500   0x00000500   0x0000005e   Code   RO         1219    .text               c_w.l(h1_alloc.o)
    0x0000055e   0x0000055e   0x0000004e   Code   RO         1221    .text               c_w.l(h1_free.o)
    0x000005ac   0x000005ac   0x00000024   Code   RO         1277    .text               c_w.l(vsprintf.o)
    0x000005d0   0x000005d0   0x00000044   Code   RO         1279    .text               c_w.l(rt_memclr.o)
    0x00000614   0x00000614   0x00000006   Code   RO         1281    .text               c_w.l(heapauxi.o)
    0x0000061a   0x0000061a   0x00000002   PAD
    0x0000061c   0x0000061c   0x00000008   Code   RO         1291    .text               c_w.l(rt_heap_descriptor_intlibspace.o)
    0x00000624   0x00000624   0x00000004   Code   RO         1293    .text               c_w.l(hguard.o)
    0x00000628   0x00000628   0x0000008a   Code   RO         1295    .text               c_w.l(init_alloc.o)
    0x000006b2   0x000006b2   0x0000000c   Code   RO         1299    .text               c_w.l(h1_init.o)
    0x000006be   0x000006be   0x0000004e   Code   RO         1313    .text               c_w.l(_printf_pad.o)
    0x0000070c   0x0000070c   0x00000024   Code   RO         1315    .text               c_w.l(_printf_truncate.o)
    0x00000730   0x00000730   0x00000052   Code   RO         1317    .text               c_w.l(_printf_str.o)
    0x00000782   0x00000782   0x00000002   PAD
    0x00000784   0x00000784   0x00000078   Code   RO         1319    .text               c_w.l(_printf_dec.o)
    0x000007fc   0x000007fc   0x00000028   Code   RO         1321    .text               c_w.l(_printf_charcount.o)
    0x00000824   0x00000824   0x00000030   Code   RO         1323    .text               c_w.l(_printf_char_common.o)
    0x00000854   0x00000854   0x0000000a   Code   RO         1325    .text               c_w.l(_sputc.o)
    0x0000085e   0x0000085e   0x00000002   PAD
    0x00000860   0x00000860   0x000000bc   Code   RO         1327    .text               c_w.l(_printf_wctomb.o)
    0x0000091c   0x0000091c   0x0000007c   Code   RO         1330    .text               c_w.l(_printf_longlong_dec.o)
    0x00000998   0x00000998   0x00000070   Code   RO         1336    .text               c_w.l(_printf_oct_int_ll.o)
    0x00000a08   0x00000a08   0x00000094   Code   RO         1356    .text               c_w.l(_printf_hex_int_ll_ptr.o)
    0x00000a9c   0x00000a9c   0x00000188   Code   RO         1376    .text               c_w.l(__printf_flags_ss_wp.o)
    0x00000c24   0x00000c24   0x0000004e   Code   RO         1404    .text               c_w.l(rt_memclr_w.o)
    0x00000c72   0x00000c72   0x00000002   PAD
    0x00000c74   0x00000c74   0x00000008   Code   RO         1467    .text               c_w.l(libspace.o)
    0x00000c7c   0x00000c7c   0x00000000   Code   RO         1487    .text               c_w.l(maybetermalloc1.o)
    0x00000c7c   0x00000c7c   0x00000034   Code   RO         1489    .text               c_w.l(h1_extend.o)
    0x00000cb0   0x00000cb0   0x0000008a   Code   RO         1493    .text               c_w.l(lludiv10.o)
    0x00000d3a   0x00000d3a   0x000000b2   Code   RO         1495    .text               c_w.l(_printf_intcommon.o)
    0x00000dec   0x00000dec   0x0000041c   Code   RO         1497    .text               c_w.l(_printf_fp_dec.o)
    0x00001208   0x00001208   0x000002fc   Code   RO         1501    .text               c_w.l(_printf_fp_hex.o)
    0x00001504   0x00001504   0x0000002c   Code   RO         1506    .text               c_w.l(_printf_char.o)
    0x00001530   0x00001530   0x0000002c   Code   RO         1508    .text               c_w.l(_printf_wchar.o)
    0x0000155c   0x0000155c   0x00000048   Code   RO         1511    .text               c_w.l(_c16rtomb.o)
    0x000015a4   0x000015a4   0x0000000e   Code   RO         1513    .text               c_w.l(defsig_rtmem_outer.o)
    0x000015b2   0x000015b2   0x00000002   Code   RO         1524    .text               c_w.l(use_no_semi.o)
    0x000015b4   0x000015b4   0x00000000   Code   RO         1526    .text               c_w.l(indicate_semi.o)
    0x000015b4   0x000015b4   0x0000004a   Code   RO         1527    .text               c_w.l(sys_stackheap_outer.o)
    0x000015fe   0x000015fe   0x00000002   PAD
    0x00001600   0x00001600   0x00000010   Code   RO         1529    .text               c_w.l(rt_ctype_table.o)
    0x00001610   0x00001610   0x00000008   Code   RO         1536    .text               c_w.l(rt_locale_intlibspace.o)
    0x00001618   0x00001618   0x00000080   Code   RO         1540    .text               c_w.l(_printf_fp_infnan.o)
    0x00001698   0x00001698   0x000000e4   Code   RO         1542    .text               c_w.l(bigflt0.o)
    0x0000177c   0x0000177c   0x00000012   Code   RO         1572    .text               c_w.l(exit.o)
    0x0000178e   0x0000178e   0x0000000a   Code   RO         1574    .text               c_w.l(defsig_exit.o)
    0x00001798   0x00001798   0x00000050   Code   RO         1576    .text               c_w.l(defsig_rtmem_inner.o)
    0x000017e8   0x000017e8   0x0000000c   Code   RO         1593    .text               c_w.l(sys_exit.o)
    0x000017f4   0x000017f4   0x00000032   Code   RO         1610    .text               c_w.l(defsig_general.o)
    0x00001826   0x00001826   0x00000002   PAD
    0x00001828   0x00001828   0x0000007c   Code   RO         1612    .text               c_w.l(strcmpv7em.o)
    0x000018a4   0x000018a4   0x0000000e   Code   RO         1630    .text               c_w.l(sys_wrch.o)
    0x000018b2   0x000018b2   0x00000002   PAD
    0x000018b4   0x000018b4   0x00000046   Code   RO           11    .text.BL_Print_Message  bootloader.o
    0x000018fa   0x000018fa   0x00000002   PAD
    0x000018fc   0x000018fc   0x0000013a   Code   RO           13    .text.BL_UART_Fetch_Host_Command  bootloader.o
    0x00001a36   0x00001a36   0x00000002   PAD
    0x00001a38   0x00001a38   0x00000082   Code   RO           27    .text.Bootloader_CRC_Verify  bootloader.o
    0x00001aba   0x00001aba   0x00000002   PAD
    0x00001abc   0x00001abc   0x000000bc   Code   RO           23    .text.Bootloader_Erase_Flash  bootloader.o
    0x00001b78   0x00001b78   0x00000092   Code   RO           19    .text.Bootloader_Get_Chip_Identification_Number  bootloader.o
    0x00001c0a   0x00001c0a   0x00000002   PAD
    0x00001c0c   0x00001c0c   0x00000080   Code   RO           17    .text.Bootloader_Get_Help  bootloader.o
    0x00001c8c   0x00001c8c   0x00000098   Code   RO           15    .text.Bootloader_Get_Version  bootloader.o
    0x00001d24   0x00001d24   0x000001b6   Code   RO           21    .text.Bootloader_Jump_To_Address  bootloader.o
    0x00001eda   0x00001eda   0x00000002   PAD
    0x00001edc   0x00001edc   0x000001be   Code   RO           25    .text.Bootloader_Memory_Write  bootloader.o
    0x0000209a   0x0000209a   0x00000002   PAD
    0x0000209c   0x0000209c   0x00000034   Code   RO           29    .text.Bootloader_Send_ACK  bootloader.o
    0x000020d0   0x000020d0   0x00000022   Code   RO           31    .text.Bootloader_Send_Data_To_Host  bootloader.o
    0x000020f2   0x000020f2   0x00000002   PAD
    0x000020f4   0x000020f4   0x00000024   Code   RO           33    .text.Bootloader_Send_NACK  bootloader.o
    0x00002118   0x00002118   0x0000002c   Code   RO           67    .text.CRC_init      wrapper_functions.o
    0x00002144   0x00002144   0x000000c8   Code   RO           39    .text.Flash_Memory_Write_Payload  bootloader.o
    0x0000220c   0x0000220c   0x00000022   Code   RO           69    .text.HAL_CRC_Accumulate  wrapper_functions.o
    0x0000222e   0x0000222e   0x00000002   PAD
    0x00002230   0x00002230   0x00000092   Code   RO           73    .text.HAL_FLASHEx_Erase  wrapper_functions.o
    0x000022c2   0x000022c2   0x00000002   PAD
    0x000022c4   0x000022c4   0x00000036   Code   RO           75    .text.HAL_FLASH_Program  wrapper_functions.o
    0x000022fa   0x000022fa   0x00000002   PAD
    0x000022fc   0x000022fc   0x0000004a   Code   RO           63    .text.HAL_UART_Receive  wrapper_functions.o
    0x00002346   0x00002346   0x00000002   PAD
    0x00002348   0x00002348   0x00000042   Code   RO           65    .text.HAL_UART_Transmit  wrapper_functions.o
    0x0000238a   0x0000238a   0x00000002   PAD
    0x0000238c   0x0000238c   0x00000036   Code   RO           35    .text.Host_Address_Verification  bootloader.o
    0x000023c2   0x000023c2   0x00000002   PAD
    0x000023c4   0x000023c4   0x000000c8   Code   RO           37    .text.Perform_Flash_Erase  bootloader.o
    0x0000248c   0x0000248c   0x0000010c   Code   RO           97    .text.SystemInit    system_tm4c123.o
    0x00002598   0x00002598   0x0000001c   Code   RO           71    .text.__HAL_CRC_DR_RESET  wrapper_functions.o
    0x000025b4   0x000025b4   0x00000078   Code   RO            2    .text.main          main.o
    0x0000262c   0x0000262c   0x0000003e   Code   RO         1545    CL$$btod_d2e        c_w.l(btod.o)
    0x0000266a   0x0000266a   0x00000046   Code   RO         1547    CL$$btod_d2e_denorm_low  c_w.l(btod.o)
    0x000026b0   0x000026b0   0x00000060   Code   RO         1546    CL$$btod_d2e_norm_op1  c_w.l(btod.o)
    0x00002710   0x00002710   0x00000338   Code   RO         1555    CL$$btod_div_common  c_w.l(btod.o)
    0x00002a48   0x00002a48   0x000000dc   Code   RO         1552    CL$$btod_e2e        c_w.l(btod.o)
    0x00002b24   0x00002b24   0x0000002a   Code   RO         1549    CL$$btod_ediv       c_w.l(btod.o)
    0x00002b4e   0x00002b4e   0x0000002a   Code   RO         1548    CL$$btod_emul       c_w.l(btod.o)
    0x00002b78   0x00002b78   0x00000244   Code   RO         1554    CL$$btod_mult_common  c_w.l(btod.o)
    0x00002dbc   0x00002dbc   0x00000010   Code   RO          107    i.AESConfigSet      driverlib.lib(aes.o)
    0x00002dcc   0x00002dcc   0x00000074   Code   RO          111    i.AESDataProcess    driverlib.lib(aes.o)
    0x00002e40   0x00002e40   0x00000012   Code   RO          118    i.AESIVSet          driverlib.lib(aes.o)
    0x00002e52   0x00002e52   0x0000002e   Code   RO          125    i.AESKey1Set        driverlib.lib(aes.o)
    0x00002e80   0x00002e80   0x00000018   Code   RO          129    i.AESReset          driverlib.lib(aes.o)
    0x00002e98   0x00002e98   0x00000006   Code   RO          292    i.CRCConfigSet      driverlib.lib(crc.o)
    0x00002e9e   0x00002e9e   0x00000044   Code   RO          293    i.CRCDataProcess    driverlib.lib(crc.o)
    0x00002ee2   0x00002ee2   0x00000006   Code   RO          296    i.CRCSeedSet        driverlib.lib(crc.o)
    0x00002ee8   0x00002ee8   0x0000002c   Code   RO          334    i.FlashErase        driverlib.lib(flash.o)
    0x00002f14   0x00002f14   0x00000068   Code   RO          341    i.FlashProgram      driverlib.lib(flash.o)
    0x00002f7c   0x00002f7c   0x00000154   Code   RO          453    i.SysCtlClockGet    driverlib.lib(sysctl.o)
    0x000030d0   0x000030d0   0x00000028   Code   RO          484    i.SysCtlPeripheralEnable  driverlib.lib(sysctl.o)
    0x000030f8   0x000030f8   0x0000002c   Code   RO          488    i.SysCtlPeripheralReady  driverlib.lib(sysctl.o)
    0x00003124   0x00003124   0x0000000c   Code   RO          804    i.UARTCharGet       driverlib.lib(uart.o)
    0x00003130   0x00003130   0x0000000c   Code   RO          806    i.UARTCharPut       driverlib.lib(uart.o)
    0x0000313c   0x0000313c   0x0000006e   Code   RO          812    i.UARTConfigSetExpClk  driverlib.lib(uart.o)
    0x000031aa   0x000031aa   0x00000030   Code   RO         1591    i.__ARM_fpclassify  m_wm.l(fpclassify.o)
    0x000031da   0x000031da   0x0000000e   Code   RO         1369    i._is_digit         c_w.l(__printf_wp.o)
    0x000031e8   0x000031e8   0x0000002c   Code   RO         1570    locale$$code        c_w.l(lc_numeric_c.o)
    0x00003214   0x00003214   0x0000002c   Code   RO         1606    locale$$code        c_w.l(lc_ctype_c.o)
    0x00003240   0x00003240   0x0000001a   Code   RO         1522    x$fpl$fpinit        fz_wm.l(fpinit.o)
    0x0000325a   0x0000325a   0x00000004   Code   RO         1455    x$fpl$printf1       fz_wm.l(printf1.o)
    0x0000325e   0x0000325e   0x00000004   Code   RO         1457    x$fpl$printf2       fz_wm.l(printf2.o)
    0x00003262   0x00003262   0x00000000   Code   RO         1590    x$fpl$usenofp       fz_wm.l(usenofp.o)
    0x00003262   0x00003262   0x00000002   PAD
    0x00003264   0x00003264   0x00000254   Data   RO          506    .constdata          driverlib.lib(sysctl.o)
    0x000034b8   0x000034b8   0x00000008   Data   RO         1328    .constdata          c_w.l(_printf_wctomb.o)
    0x000034c0   0x000034c0   0x00000028   Data   RO         1357    .constdata          c_w.l(_printf_hex_int_ll_ptr.o)
    0x000034e8   0x000034e8   0x00000011   Data   RO         1377    .constdata          c_w.l(__printf_flags_ss_wp.o)
    0x000034f9   0x000034f9   0x00000026   Data   RO         1502    .constdata          c_w.l(_printf_fp_hex.o)
    0x0000351f   0x0000351f   0x00000001   PAD
    0x00003520   0x00003520   0x00000094   Data   RO         1543    .constdata          c_w.l(bigflt0.o)
    0x000035b4   0x000035b4   0x00000222   Data   RO           48    .rodata.str1.1      bootloader.o
    0x000037d6   0x000037d6   0x00000002   PAD
    0x000037d8   0x000037d8   0x00000020   Data   RO         1665    Region$$Table       anon$$obj.o
    0x000037f8   0x000037f8   0x0000001c   Data   RO         1569    locale$$data        c_w.l(lc_numeric_c.o)
    0x00003814   0x00003814   0x00000110   Data   RO         1605    locale$$data        c_w.l(lc_ctype_c.o)


    Execution Region ER_RW (Exec base: 0x20000000, Load base: 0x00003924, Size: 0x0000005c, Max: 0xffffffff, ABSOLUTE)

    Exec Addr    Load Addr    Size         Type   Attr      Idx    E Section Name        Object

    0x20000000   0x00003924   0x00000040   Data   RW           44    .data.AES_CBC_128_KEY  bootloader.o
    0x20000040   0x00003964   0x00000010   Data   RW           42    .data.AES_CBC_IV    bootloader.o
    0x20000050   0x00003974   0x0000000c   Data   RW           52    .data.Bootloader_Supported_CMDs  bootloader.o


    Execution Region ER_ZI (Exec base: 0x20000060, Load base: 0x00003980, Size: 0x00000338, Max: 0xffffffff, ABSOLUTE)

    Exec Addr    Load Addr    Size         Type   Attr      Idx    E Section Name        Object

    0x20000060        -       0x00000060   Zero   RW         1468    .bss                c_w.l(libspace.o)
    0x200000c0        -       0x000000c8   Zero   RW           47    .bss.BL_Host_Buffer  bootloader.o
    0x20000188        -       0x00000004   Zero   RW           55    .bss.CipherAddress  bootloader.o
    0x2000018c        -       0x00000001   Zero   RW           49    .bss.hcrc           bootloader.o
    0x2000018d        -       0x00000001   Zero   RW           46    .bss.huart2         bootloader.o
    0x2000018e   0x00003980   0x00000002   PAD
    0x20000190        -       0x00000004   Zero   RW           54    .bss.programAddress  bootloader.o
    0x20000194        -       0x00000004   Zero   RW           53    .bss.programSize    bootloader.o
    0x20000198        -       0x00000000   Zero   RW           84    HEAP                startup_tm4c123.o
    0x20000198        -       0x00000200   Zero   RW           83    STACK               startup_tm4c123.o


==============================================================================

Image component sizes


      Code (inc. data)   RO Data    RW Data    ZI Data      Debug   Object Name

      2588          8        546         92        214       7313   bootloader.o
       120          0          0          0          0        430   main.o
       276         24        620          0        512       5472   startup_tm4c123.o
       268          0          0          0          0       6865   system_tm4c123.o
       446          0          0          0          0       2870   wrapper_functions.o

    ----------------------------------------------------------------------
      3724         32       1200         92        728      22950   Object Totals
         0          0         32          0          0          0   (incl. Generated)
        26          0          2          0          2          0   (incl. Padding)

    ----------------------------------------------------------------------

      Code (inc. data)   RO Data    RW Data    ZI Data      Debug   Library Member Name

         8          0          0          0          0         68   __main.o
       392          4         17          0          0         92   __printf_flags_ss_wp.o
        14          0          0          0          0         68   __printf_wp.o
         0          0          0          0          0          0   __rtentry.o
        12          0          0          0          0          0   __rtentry2.o
         6          0          0          0          0          0   __rtentry4.o
        94          8          0          0          0          0   __scatter.o
        26          0          0          0          0          0   __scatter_copy.o
        28          0          0          0          0          0   __scatter_zi.o
        72          0          0          0          0         96   _c16rtomb.o
         6          0          0          0          0          0   _printf_a.o
         6          0          0          0          0          0   _printf_c.o
        44          0          0          0          0        108   _printf_char.o
        48          6          0          0          0         96   _printf_char_common.o
        40          0          0          0          0         68   _printf_charcount.o
         6          0          0          0          0          0   _printf_d.o
       120         16          0          0          0         92   _printf_dec.o
         6          0          0          0          0          0   _printf_e.o
         6          0          0          0          0          0   _printf_f.o
      1052          0          0          0          0        148   _printf_fp_dec.o
       764          8         38          0          0        100   _printf_fp_hex.o
       128         16          0          0          0         84   _printf_fp_infnan.o
         6          0          0          0          0          0   _printf_g.o
       148          4         40          0          0        160   _printf_hex_int_ll_ptr.o
         6          0          0          0          0          0   _printf_i.o
       178          0          0          0          0         88   _printf_intcommon.o
        10          0          0          0          0          0   _printf_l.o
         6          0          0          0          0          0   _printf_lc.o
        10          0          0          0          0          0   _printf_ll.o
         6          0          0          0          0          0   _printf_lld.o
         6          0          0          0          0          0   _printf_lli.o
         6          0          0          0          0          0   _printf_llo.o
         6          0          0          0          0          0   _printf_llu.o
         6          0          0          0          0          0   _printf_llx.o
       124         16          0          0          0         92   _printf_longlong_dec.o
         6          0          0          0          0          0   _printf_ls.o
         6          0          0          0          0          0   _printf_n.o
         6          0          0          0          0          0   _printf_o.o
       112          8          0          0          0        124   _printf_oct_int_ll.o
         6          0          0          0          0          0   _printf_p.o
        78          0          0          0          0        108   _printf_pad.o
         0          0          0          0          0          0   _printf_percent.o
         4          0          0          0          0          0   _printf_percent_end.o
         6          0          0          0          0          0   _printf_s.o
        82          0          0          0          0         80   _printf_str.o
        36          0          0          0          0         84   _printf_truncate.o
         6          0          0          0          0          0   _printf_u.o
        44          0          0          0          0        108   _printf_wchar.o
       188          6          8          0          0         92   _printf_wctomb.o
         6          0          0          0          0          0   _printf_x.o
        10          0          0          0          0         68   _sputc.o
       228          4        148          0          0         96   bigflt0.o
      1936        128          0          0          0        668   btod.o
        10          0          0          0          0         68   defsig_exit.o
        50          0          0          0          0         88   defsig_general.o
        80         58          0          0          0         76   defsig_rtmem_inner.o
        14          0          0          0          0         80   defsig_rtmem_outer.o
        18          0          0          0          0         80   exit.o
        94          0          0          0          0         80   h1_alloc.o
        52          0          0          0          0         68   h1_extend.o
        78          0          0          0          0         80   h1_free.o
        12          0          0          0          0         84   h1_init.o
         6          0          0          0          0        152   heapauxi.o
         4          0          0          0          0        136   hguard.o
         0          0          0          0          0          0   indicate_semi.o
       138          0          0          0          0        168   init_alloc.o
        44         10        272          0          0         76   lc_ctype_c.o
        44         10         28          0          0         76   lc_numeric_c.o
         2          0          0          0          0          0   libinit.o
        42          0          0          0          0          0   libinit2.o
         2          0          0          0          0          0   libshutdown.o
         2          0          0          0          0          0   libshutdown2.o
         8          4          0          0         96         68   libspace.o
       138          0          0          0          0         80   lludiv10.o
         0          0          0          0          0          0   maybetermalloc1.o
        16          4          0          0          0         76   rt_ctype_table.o
         8          4          0          0          0         68   rt_heap_descriptor_intlibspace.o
         8          4          0          0          0         68   rt_locale_intlibspace.o
        68          0          0          0          0         68   rt_memclr.o
        78          0          0          0          0         80   rt_memclr_w.o
         2          0          0          0          0          0   rtexit.o
        10          0          0          0          0          0   rtexit2.o
       124          0          0          0          0         88   strcmpv7em.o
        12          4          0          0          0         68   sys_exit.o
        74          0          0          0          0         80   sys_stackheap_outer.o
        14          0          0          0          0         76   sys_wrch.o
         2          0          0          0          0         68   use_no_semi.o
        36          4          0          0          0         76   vsprintf.o
       220          6          0          0          0       8215   aes.o
        80          0          0          0          0       2177   crc.o
       148         18          0          0          0       1696   flash.o
       424         44        596          0          0       3674   sysctl.o
       134          0          0          0          0       2571   uart.o
        26          0          0          0          0        116   fpinit.o
         4          0          0          0          0        116   printf1.o
         4          0          0          0          0        116   printf2.o
         0          0          0          0          0          0   usenofp.o
        48          0          0          0          0        124   fpclassify.o

    ----------------------------------------------------------------------
      8556        394       1148          0         96      23869   Library Totals
        22          0          1          0          0          0   (incl. Padding)

    ----------------------------------------------------------------------

      Code (inc. data)   RO Data    RW Data    ZI Data      Debug   Library Name

      7446        326        551          0         96       5064   c_w.l
      1006         68        596          0          0      18333   driverlib.lib
        34          0          0          0          0        348   fz_wm.l
        48          0          0          0          0        124   m_wm.l

    ----------------------------------------------------------------------
      8556        394       1148          0         96      23869   Library Totals

    ----------------------------------------------------------------------

==============================================================================


      Code (inc. data)   RO Data    RW Data    ZI Data      Debug   

     12280        426       2348         92        824      42619   Grand Totals
     12280        426       2348         92        824      42619   ELF Image Totals
     12280        426       2348         92          0          0   ROM Totals

==============================================================================

    Total RO  Size (Code + RO Data)                14628 (  14.29kB)
    Total RW  Size (RW Data + ZI Data)               916 (   0.89kB)
    Total ROM Size (Code + RO Data + RW Data)      14720 (  14.38kB)

==============================================================================

